Archive member included to satisfy reference by file (symbol)

../DaisyExamples/libDaisy/build/libdaisy.a(daisy_pod.o)
                              build/DaisyKeys.o (daisy::DaisyPod::StartAudio(void (*)(float const*, float*, unsigned int)))
../DaisyExamples/libDaisy/build/libdaisy.a(daisy_seed.o)
                              ../DaisyExamples/libDaisy/build/libdaisy.a(daisy_pod.o) (daisy::DaisySeed::Configure())
../DaisyExamples/libDaisy/build/libdaisy.a(codec_ak4556.o)
                              ../DaisyExamples/libDaisy/build/libdaisy.a(daisy_seed.o) (daisy::Ak4556::Init(dsy_gpio_pin))
../DaisyExamples/libDaisy/build/libdaisy.a(codec_wm8731.o)
                              ../DaisyExamples/libDaisy/build/libdaisy.a(daisy_seed.o) (daisy::Wm8731::Init(daisy::Wm8731::Config const&, daisy::I2CHandle))
../DaisyExamples/libDaisy/build/libdaisy.a(sdram.o)
                              ../DaisyExamples/libDaisy/build/libdaisy.a(daisy_seed.o) (SdramHandle::Init())
../DaisyExamples/libDaisy/build/libdaisy.a(audio.o)
                              ../DaisyExamples/libDaisy/build/libdaisy.a(daisy_seed.o) (daisy::AudioHandle::Init(daisy::AudioHandle::Config const&, daisy::SaiHandle))
../DaisyExamples/libDaisy/build/libdaisy.a(ctrl.o)
                              ../DaisyExamples/libDaisy/build/libdaisy.a(daisy_pod.o) (daisy::AnalogControl::Init(unsigned short*, float, bool, bool, float))
../DaisyExamples/libDaisy/build/libdaisy.a(encoder.o)
                              ../DaisyExamples/libDaisy/build/libdaisy.a(daisy_pod.o) (daisy::Encoder::Init(dsy_gpio_pin, dsy_gpio_pin, dsy_gpio_pin, float))
../DaisyExamples/libDaisy/build/libdaisy.a(midi.o)
                              build/DaisyKeys.o (daisy::MidiUartTransport::Config::Config())
../DaisyExamples/libDaisy/build/libdaisy.a(midi_parser.o)
                              ../DaisyExamples/libDaisy/build/libdaisy.a(daisy_pod.o) (daisy::MidiParser::Reset())
../DaisyExamples/libDaisy/build/libdaisy.a(rgb_led.o)
                              ../DaisyExamples/libDaisy/build/libdaisy.a(daisy_pod.o) (daisy::RgbLed::Init(dsy_gpio_pin, dsy_gpio_pin, dsy_gpio_pin, bool))
../DaisyExamples/libDaisy/build/libdaisy.a(switch.o)
                              build/DaisyKeys.o (daisy::Switch::Init(dsy_gpio_pin, float))
../DaisyExamples/libDaisy/build/libdaisy.a(adc.o)
                              ../DaisyExamples/libDaisy/build/libdaisy.a(daisy_pod.o) (daisy::AdcChannelConfig::InitSingle(dsy_gpio_pin, daisy::AdcChannelConfig::ConversionSpeed))
../DaisyExamples/libDaisy/build/libdaisy.a(gpio.o)
                              ../DaisyExamples/libDaisy/build/libdaisy.a(daisy_seed.o) (daisy::GPIO::Init(daisy::Pin, daisy::GPIO::Mode, daisy::GPIO::Pull, daisy::GPIO::Speed))
../DaisyExamples/libDaisy/build/libdaisy.a(i2c.o)
                              ../DaisyExamples/libDaisy/build/libdaisy.a(daisy_seed.o) (daisy::I2CHandle::Init(daisy::I2CHandle::Config const&))
../DaisyExamples/libDaisy/build/libdaisy.a(qspi.o)
                              ../DaisyExamples/libDaisy/build/libdaisy.a(daisy_seed.o) (daisy::QSPIHandle::Init(daisy::QSPIHandle::Config const&))
../DaisyExamples/libDaisy/build/libdaisy.a(sai.o)
                              ../DaisyExamples/libDaisy/build/libdaisy.a(daisy_seed.o) (daisy::SaiHandle::Init(daisy::SaiHandle::Config const&))
../DaisyExamples/libDaisy/build/libdaisy.a(uart.o)
                              ../DaisyExamples/libDaisy/build/libdaisy.a(daisy_pod.o) (daisy::UartHandler::Init(daisy::UartHandler::Config const&))
../DaisyExamples/libDaisy/build/libdaisy.a(dma.o)
                              ../DaisyExamples/libDaisy/build/libdaisy.a(uart.o) (dsy_dma_invalidate_cache_for_buffer)
../DaisyExamples/libDaisy/build/libdaisy.a(system.o)
                              ../DaisyExamples/libDaisy/build/libdaisy.a(daisy_seed.o) (daisy::System::DeInit())
../DaisyExamples/libDaisy/build/libdaisy.a(system_stm32h7xx.o)
                              build/startup_stm32h750xx.o (SystemInit)
../DaisyExamples/libDaisy/build/libdaisy.a(usbd_conf.o)
                              ../DaisyExamples/libDaisy/build/libdaisy.a(system.o) (hpcd_USB_OTG_HS)
../DaisyExamples/libDaisy/build/libdaisy.a(usbh_conf.o)
                              ../DaisyExamples/libDaisy/build/libdaisy.a(system.o) (hhcd_USB_OTG_HS)
../DaisyExamples/libDaisy/build/libdaisy.a(color.o)
                              ../DaisyExamples/libDaisy/build/libdaisy.a(daisy_pod.o) (daisy::Color::Init(daisy::Color::PresetColor))
../DaisyExamples/libDaisy/build/libdaisy.a(hal_map.o)
                              ../DaisyExamples/libDaisy/build/libdaisy.a(gpio.o) (dsy_hal_map_get_port)
../DaisyExamples/libDaisy/build/libdaisy.a(stm32h7xx_hal.o)
                              ../DaisyExamples/libDaisy/build/libdaisy.a(system.o) (HAL_Init)
../DaisyExamples/libDaisy/build/libdaisy.a(stm32h7xx_hal_adc.o)
                              ../DaisyExamples/libDaisy/build/libdaisy.a(adc.o) (HAL_ADC_ConfigChannel)
[...]
Memory Configuration

Name             Origin             Length             Attributes
FLASH            0x0000000008000000 0x0000000000020000 xr
DTCMRAM          0x0000000020000000 0x0000000000020000 xrw
SRAM             0x0000000024000000 0x0000000000080000 xrw
RAM_D2           0x0000000030000000 0x0000000000048000 xrw
RAM_D3           0x0000000038000000 0x0000000000010000 xrw
BACKUP_SRAM      0x0000000038800000 0x0000000000001000 xrw
ITCMRAM          0x0000000000000000 0x0000000000010000 xrw
SDRAM            0x00000000c0000000 0x0000000004000000 xrw
QSPIFLASH        0x0000000090000000 0x0000000000800000 xr
*default*        0x0000000000000000 0xffffffffffffffff

Linker script and memory map

LOAD /Library/DaisyToolchain/0.2.0/arm/bin/../lib/gcc/arm-none-eabi/10.3.1/thumb/v7e-m+dp/hard/crti.o
LOAD /Library/DaisyToolchain/0.2.0/arm/bin/../lib/gcc/arm-none-eabi/10.3.1/thumb/v7e-m+dp/hard/crtbegin.o
LOAD /Library/DaisyToolchain/0.2.0/arm/bin/../lib/gcc/arm-none-eabi/10.3.1/../../../../arm-none-eabi/lib/thumb/v7e-m+dp/hard/crt0.o
LOAD build/startup_stm32h750xx.o
LOAD build/DaisyKeys.o
LOAD ../DaisyExamples/libDaisy/build/libdaisy.a
LOAD /Library/DaisyToolchain/0.2.0/arm/bin/../lib/gcc/arm-none-eabi/10.3.1/../../../../arm-none-eabi/lib/thumb/v7e-m+dp/hard/libnosys.a
LOAD ../DaisyExamples/DaisySP/build/libdaisysp.a
LOAD /Library/DaisyToolchain/0.2.0/arm/bin/../lib/gcc/arm-none-eabi/10.3.1/../../../../arm-none-eabi/lib/thumb/v7e-m+dp/hard/libstdc++_nano.a
LOAD /Library/DaisyToolchain/0.2.0/arm/bin/../lib/gcc/arm-none-eabi/10.3.1/../../../../arm-none-eabi/lib/thumb/v7e-m+dp/hard/libm.a
LOAD /Library/DaisyToolchain/0.2.0/arm/bin/../lib/gcc/arm-none-eabi/10.3.1/../../../../arm-none-eabi/lib/thumb/v7e-m+dp/hard/libc_nano.a
START GROUP
LOAD /Library/DaisyToolchain/0.2.0/arm/bin/../lib/gcc/arm-none-eabi/10.3.1/thumb/v7e-m+dp/hard/libgcc.a
LOAD /Library/DaisyToolchain/0.2.0/arm/bin/../lib/gcc/arm-none-eabi/10.3.1/../../../../arm-none-eabi/lib/thumb/v7e-m+dp/hard/libc_nano.a
END GROUP
START GROUP
LOAD /Library/DaisyToolchain/0.2.0/arm/bin/../lib/gcc/arm-none-eabi/10.3.1/thumb/v7e-m+dp/hard/libgcc.a
LOAD /Library/DaisyToolchain/0.2.0/arm/bin/../lib/gcc/arm-none-eabi/10.3.1/../../../../arm-none-eabi/lib/thumb/v7e-m+dp/hard/libc_nano.a
LOAD /Library/DaisyToolchain/0.2.0/arm/bin/../lib/gcc/arm-none-eabi/10.3.1/../../../../arm-none-eabi/lib/thumb/v7e-m+dp/hard/libnosys.a
END GROUP
START GROUP
LOAD /Library/DaisyToolchain/0.2.0/arm/bin/../lib/gcc/arm-none-eabi/10.3.1/thumb/v7e-m+dp/hard/libgcc.a
LOAD /Library/DaisyToolchain/0.2.0/arm/bin/../lib/gcc/arm-none-eabi/10.3.1/../../../../arm-none-eabi/lib/thumb/v7e-m+dp/hard/libc_nano.a
LOAD /Library/DaisyToolchain/0.2.0/arm/bin/../lib/gcc/arm-none-eabi/10.3.1/../../../../arm-none-eabi/lib/thumb/v7e-m+dp/hard/libnosys.a
END GROUP
LOAD /Library/DaisyToolchain/0.2.0/arm/bin/../lib/gcc/arm-none-eabi/10.3.1/thumb/v7e-m+dp/hard/crtend.o
LOAD /Library/DaisyToolchain/0.2.0/arm/bin/../lib/gcc/arm-none-eabi/10.3.1/thumb/v7e-m+dp/hard/crtn.o
                0x0000000020020000                _estack = 0x20020000

.isr_vector     0x0000000008000000      0x298
                0x0000000008000000                . = ALIGN (0x4)
 *(.isr_vector)
 .isr_vector    0x0000000008000000      0x298 build/startup_stm32h750xx.o
                0x0000000008000000                g_pfnVectors
                0x0000000008000298                . = ALIGN (0x4)

.text           0x0000000008000298    0x12190
                0x0000000008000298                . = ALIGN (0x4)
                0x0000000008000298                _stext = .
 *(.text)
 .text          0x0000000008000298       0x40 /Library/DaisyToolchain/0.2.0/arm/bin/../lib/gcc/arm-none-eabi/10.3.1/thumb/v7e-m+dp/hard/crtbegin.o
 .text          0x00000000080002d8      0x378 /Library/DaisyToolchain/0.2.0/arm/bin/../lib/gcc/arm-none-eabi/10.3.1/thumb/v7e-m+dp/hard/libgcc.a(_arm_addsubdf3.o)
                0x00000000080002d8                __aeabi_drsub
                0x00000000080002e0                __subdf3
                0x00000000080002e0                __aeabi_dsub
                0x00000000080002e4                __aeabi_dadd
                0x00000000080002e4                __adddf3
                0x000000000800055c                __aeabi_ui2d
                0x000000000800055c                __floatunsidf
                0x000000000800057c                __floatsidf
                0x000000000800057c                __aeabi_i2d
                0x00000000080005a0                __extendsfdf2
                0x00000000080005a0                __aeabi_f2d
                0x00000000080005e4                __aeabi_ul2d
                0x00000000080005e4                __floatundidf
                0x00000000080005f4                __aeabi_l2d
                0x00000000080005f4                __floatdidf
 .text          0x0000000008000650       0x30 /Library/DaisyToolchain/0.2.0/arm/bin/../lib/gcc/arm-none-eabi/10.3.1/thumb/v7e-m+dp/hard/libgcc.a(_aeabi_uldivmod.o)
                0x0000000008000650                __aeabi_uldivmod
 .text          0x0000000008000680      0x2d0 /Library/DaisyToolchain/0.2.0/arm/bin/../lib/gcc/arm-none-eabi/10.3.1/thumb/v7e-m+dp/hard/libgcc.a(_udivmoddi4.o)
                0x0000000008000680                __udivmoddi4
 .text          0x0000000008000950        0x4 /Library/DaisyToolchain/0.2.0/arm/bin/../lib/gcc/arm-none-eabi/10.3.1/thumb/v7e-m+dp/hard/libgcc.a(_dvmd_tls.o)
                0x0000000008000950                __aeabi_ldiv0
                0x0000000008000950                __aeabi_idiv0
 *(.text*)
 .text.Default_Handler
                0x0000000008000954        0x4 build/startup_stm32h750xx.o
                0x0000000008000954                SAI1_IRQHandler
                0x0000000008000954                HASH_RNG_IRQHandler
                0x0000000008000954                EXTI2_IRQHandler
                0x0000000008000954                TIM8_CC_IRQHandler
                0x0000000008000954                HRTIM1_Master_IRQHandler
                0x0000000008000954                DebugMon_Handler
                0x0000000008000954                TIM1_CC_IRQHandler
                0x0000000008000954                BDMA_Channel6_IRQHandler
                0x0000000008000954                DMA2_Stream5_IRQHandler
                0x0000000008000954                HRTIM1_FLT_IRQHandler
                0x0000000008000954                JPEG_IRQHandler
                0x0000000008000954                BDMA_Channel1_IRQHandler
                0x0000000008000954                HRTIM1_TIMD_IRQHandler
                0x0000000008000954                TAMP_STAMP_IRQHandler
                0x0000000008000954                PendSV_Handler
                0x0000000008000954                NMI_Handler
                0x0000000008000954                EXTI3_IRQHandler
                0x0000000008000954                LPTIM4_IRQHandler
                0x0000000008000954                TIM8_TRG_COM_TIM14_IRQHandler
                0x0000000008000954                LPTIM2_IRQHandler
                0x0000000008000954                DFSDM1_FLT1_IRQHandler
                0x0000000008000954                DMAMUX2_OVR_IRQHandler
                0x0000000008000954                TIM8_UP_TIM13_IRQHandler
                0x0000000008000954                I2C3_ER_IRQHandler
                0x0000000008000954                DFSDM1_FLT2_IRQHandler
                0x0000000008000954                MDMA_IRQHandler
                0x0000000008000954                LPTIM3_IRQHandler
                0x0000000008000954                HSEM1_IRQHandler
                0x0000000008000954                EXTI0_IRQHandler
                0x0000000008000954                FPU_IRQHandler
                0x0000000008000954                OTG_HS_WKUP_IRQHandler
                0x0000000008000954                FDCAN1_IT1_IRQHandler
                0x0000000008000954                UsageFault_Handler
                0x0000000008000954                LTDC_ER_IRQHandler
                0x0000000008000954                HRTIM1_TIME_IRQHandler
                0x0000000008000954                TIM6_DAC_IRQHandler
                0x0000000008000954                DCMI_IRQHandler
                0x0000000008000954                HRTIM1_TIMC_IRQHandler
                0x0000000008000954                SAI2_IRQHandler
                0x0000000008000954                DFSDM1_FLT3_IRQHandler
                0x0000000008000954                TIM17_IRQHandler
                0x0000000008000954                CRYP_IRQHandler
                0x0000000008000954                BDMA_Channel7_IRQHandler
                0x0000000008000954                LPTIM5_IRQHandler
                0x0000000008000954                ADC3_IRQHandler
                0x0000000008000954                DMA2_Stream0_IRQHandler
                0x0000000008000954                BDMA_Channel2_IRQHandler
                0x0000000008000954                DMAMUX1_OVR_IRQHandler
                0x0000000008000954                TIM16_IRQHandler
                0x0000000008000954                BDMA_Channel5_IRQHandler
                0x0000000008000954                RCC_IRQHandler
                0x0000000008000954                TIM8_BRK_TIM12_IRQHandler
                0x0000000008000954                TIM1_TRG_COM_IRQHandler
                0x0000000008000954                Default_Handler
                0x0000000008000954                ECC_IRQHandler
                0x0000000008000954                CEC_IRQHandler
                0x0000000008000954                EXTI15_10_IRQHandler
                0x0000000008000954                BDMA_Channel0_IRQHandler
                0x0000000008000954                ADC_IRQHandler
                0x0000000008000954                DMA1_Stream7_IRQHandler
                0x0000000008000954                HRTIM1_TIMA_IRQHandler
                0x0000000008000954                TIM7_IRQHandler
                0x0000000008000954                SDMMC1_IRQHandler
                0x0000000008000954                DMA2_Stream7_IRQHandler
                0x0000000008000954                TIM15_IRQHandler
                0x0000000008000954                PVD_AVD_IRQHandler
                0x0000000008000954                EXTI9_5_IRQHandler
                0x0000000008000954                RTC_WKUP_IRQHandler
                0x0000000008000954                LTDC_IRQHandler
                0x0000000008000954                SAI3_IRQHandler
                0x0000000008000954                ETH_WKUP_IRQHandler
                0x0000000008000954                SPDIF_RX_IRQHandler
                0x0000000008000954                MemManage_Handler
                0x0000000008000954                SVC_Handler
                0x0000000008000954                CRS_IRQHandler
                0x0000000008000954                EXTI4_IRQHandler
                0x0000000008000954                HRTIM1_TIMB_IRQHandler
                0x0000000008000954                FDCAN2_IT1_IRQHandler
                0x0000000008000954                ETH_IRQHandler
                0x0000000008000954                TIM1_UP_IRQHandler
                0x0000000008000954                BDMA_Channel4_IRQHandler
                0x0000000008000954                WWDG_IRQHandler
                0x0000000008000954                SPI6_IRQHandler
                0x0000000008000954                I2C4_EV_IRQHandler
                0x0000000008000954                MDIOS_IRQHandler
                0x0000000008000954                FDCAN2_IT0_IRQHandler
                0x0000000008000954                FDCAN1_IT0_IRQHandler
                0x0000000008000954                OTG_FS_WKUP_IRQHandler
                0x0000000008000954                DMA2D_IRQHandler
                0x0000000008000954                TIM1_BRK_IRQHandler
                0x0000000008000954                EXTI1_IRQHandler
                0x0000000008000954                SDMMC2_IRQHandler
                0x0000000008000954                OTG_FS_EP1_OUT_IRQHandler
                0x0000000008000954                BDMA_Channel3_IRQHandler
                0x0000000008000954                MDIOS_WKUP_IRQHandler
                0x0000000008000954                DFSDM1_FLT0_IRQHandler
                0x0000000008000954                SAI4_IRQHandler
                0x0000000008000954                I2C2_ER_IRQHandler
                0x0000000008000954                DMA2_Stream1_IRQHandler
                0x0000000008000954                FLASH_IRQHandler
                0x0000000008000954                BusFault_Handler
                0x0000000008000954                OTG_FS_IRQHandler
                0x0000000008000954                WAKEUP_PIN_IRQHandler
                0x0000000008000954                OTG_FS_EP1_IN_IRQHandler
                0x0000000008000954                I2C1_ER_IRQHandler
                0x0000000008000954                FMC_IRQHandler
                0x0000000008000954                FDCAN_CAL_IRQHandler
                0x0000000008000954                SWPMI1_IRQHandler
                0x0000000008000954                COMP1_IRQHandler
                0x0000000008000954                LPTIM1_IRQHandler
                0x0000000008000954                I2C4_ER_IRQHandler
                0x0000000008000954                DMA2_Stream6_IRQHandler
                0x0000000008000954                RTC_Alarm_IRQHandler
 .text.Reset_Handler
                0x0000000008000958       0x44 build/startup_stm32h750xx.o
                0x0000000008000958                Reset_Handler
 .text._ZN7daisysp5AdEnvD2Ev
                0x000000000800099c        0x4 build/DaisyKeys.o
                0x000000000800099c                daisysp::AdEnv::~AdEnv()
                0x000000000800099c                daisysp::AdEnv::~AdEnv()
 .text._ZN7daisysp10OscillatorD2Ev
                0x00000000080009a0        0x4 build/DaisyKeys.o
                0x00000000080009a0                daisysp::Oscillator::~Oscillator()
                0x00000000080009a0                daisysp::Oscillator::~Oscillator()
 .text._ZN5daisy6SwitchD2Ev
                0x00000000080009a4        0x4 build/DaisyKeys.o
                0x00000000080009a4                daisy::Switch::~Switch()
                0x00000000080009a4                daisy::Switch::~Switch()
 .text._ZN5daisy9DaisySeedD2Ev
                0x00000000080009a8        0x4 build/DaisyKeys.o
                0x00000000080009a8                daisy::DaisySeed::~DaisySeed()
                0x00000000080009a8                daisy::DaisySeed::~DaisySeed()
 .text._ZN5daisy8DaisyPodD2Ev
                0x00000000080009ac        0x4 build/DaisyKeys.o
                0x00000000080009ac                daisy::DaisyPod::~DaisyPod()
                0x00000000080009ac                daisy::DaisyPod::~DaisyPod()
 .text.startup.main
                0x00000000080009b0       0xfc build/DaisyKeys.o
                0x00000000080009b0                main
 .text._Z13UpdateButtonsv
                0x0000000008000aac       0x90 build/DaisyKeys.o
                0x0000000008000aac                UpdateButtons()
 .text._ZL13AudioCallbackPKfPfj
                0x0000000008000b3c       0x80 build/DaisyKeys.o
 .text.startup._GLOBAL__sub_I_wave
                0x0000000008000bbc       0xac build/DaisyKeys.o
 .text._ZN5daisy8DaisyPod10StartAudioEPFvPKfPfjE
                0x0000000008000c68        0x4 ../DaisyExamples/libDaisy/build/libdaisy.a(daisy_pod.o)
                0x0000000008000c68                daisy::DaisyPod::StartAudio(void (*)(float const*, float*, unsigned int))
 .text._ZN5daisy8DaisyPod17SetAudioBlockSizeEj
                0x0000000008000c6c       0x2c ../DaisyExamples/libDaisy/build/libdaisy.a(daisy_pod.o)
                0x0000000008000c6c                daisy::DaisyPod::SetAudioBlockSize(unsigned int)
 .text._ZN5daisy8DaisyPod15AudioSampleRateEv
                0x0000000008000c98        0x4 ../DaisyExamples/libDaisy/build/libdaisy.a(daisy_pod.o)
                0x0000000008000c98                daisy::DaisyPod::AudioSampleRate()
 .text._ZN5daisy8DaisyPod8StartAdcEv
                0x0000000008000c9c        0x8 ../DaisyExamples/libDaisy/build/libdaisy.a(daisy_pod.o)
                0x0000000008000c9c                daisy::DaisyPod::StartAdc()
 .text._ZN5daisy8DaisyPod21ProcessAnalogControlsEv
                0x0000000008000ca4       0x18 ../DaisyExamples/libDaisy/build/libdaisy.a(daisy_pod.o)
                0x0000000008000ca4                daisy::DaisyPod::ProcessAnalogControls()
 .text._ZN5daisy8DaisyPod22ProcessDigitalControlsEv
                0x0000000008000cbc       0x20 ../DaisyExamples/libDaisy/build/libdaisy.a(daisy_pod.o)
                0x0000000008000cbc                daisy::DaisyPod::ProcessDigitalControls()
 .text._ZN5daisy8DaisyPod8InitLedsEv
                0x0000000008000cdc       0x98 ../DaisyExamples/libDaisy/build/libdaisy.a(daisy_pod.o)
                0x0000000008000cdc                daisy::DaisyPod::InitLeds()
 .text._ZN5daisy8DaisyPod9InitKnobsEv
                0x0000000008000d74       0x90 ../DaisyExamples/libDaisy/build/libdaisy.a(daisy_pod.o)
                0x0000000008000d74                daisy::DaisyPod::InitKnobs()
 .text._ZN5daisy8DaisyPod4InitEb
                0x0000000008000e04      0x128 ../DaisyExamples/libDaisy/build/libdaisy.a(daisy_pod.o)
                0x0000000008000e04                daisy::DaisyPod::Init(bool)
 .text._ZN5daisy9DaisySeed9ConfigureEv
                0x0000000008000f2c        0x4 ../DaisyExamples/libDaisy/build/libdaisy.a(daisy_seed.o)
                0x0000000008000f2c                daisy::DaisySeed::Configure()
 .text._ZN5daisy9DaisySeed6GetPinEh
                0x0000000008000f30       0x2c ../DaisyExamples/libDaisy/build/libdaisy.a(daisy_seed.o)
                0x0000000008000f30                daisy::DaisySeed::GetPin(unsigned char)
 .text._ZN5daisy9DaisySeed10StartAudioEPFvPKfPfjE
                0x0000000008000f5c        0x8 ../DaisyExamples/libDaisy/build/libdaisy.a(daisy_seed.o)
                0x0000000008000f5c                daisy::DaisySeed::StartAudio(void (*)(float const*, float*, unsigned int))
 .text._ZN5daisy9DaisySeed15AudioSampleRateEv
                0x0000000008000f64        0x8 ../DaisyExamples/libDaisy/build/libdaisy.a(daisy_seed.o)
                0x0000000008000f64                daisy::DaisySeed::AudioSampleRate()
 .text._ZN5daisy9DaisySeed17SetAudioBlockSizeEj
                0x0000000008000f6c       0x38 ../DaisyExamples/libDaisy/build/libdaisy.a(daisy_seed.o)
                0x0000000008000f6c                daisy::DaisySeed::SetAudioBlockSize(unsigned int)
 .text._ZNK5daisy9DaisySeed17AudioCallbackRateEv
                0x0000000008000fa4        0x8 ../DaisyExamples/libDaisy/build/libdaisy.a(daisy_seed.o)
                0x0000000008000fa4                daisy::DaisySeed::AudioCallbackRate() const
 .text._ZN5daisy9DaisySeed6SetLedEb
                0x0000000008000fac        0x8 ../DaisyExamples/libDaisy/build/libdaisy.a(daisy_seed.o)
                0x0000000008000fac                daisy::DaisySeed::SetLed(bool)
 .text._ZN5daisy9DaisySeed17CheckBoardVersionEv
                0x0000000008000fb4       0x6c ../DaisyExamples/libDaisy/build/libdaisy.a(daisy_seed.o)
                0x0000000008000fb4                daisy::DaisySeed::CheckBoardVersion()
 .text._ZN5daisy9DaisySeed14ConfigureAudioEv
                0x0000000008001020      0x10c ../DaisyExamples/libDaisy/build/libdaisy.a(daisy_seed.o)
                0x0000000008001020                daisy::DaisySeed::ConfigureAudio()
 .text._ZN5daisy9DaisySeed4InitEb
                0x000000000800112c      0x108 ../DaisyExamples/libDaisy/build/libdaisy.a(daisy_seed.o)
                0x000000000800112c                daisy::DaisySeed::Init(bool)
 .text._ZN5daisy6Ak45564InitE12dsy_gpio_pin
                0x0000000008001234       0x44 ../DaisyExamples/libDaisy/build/libdaisy.a(codec_ak4556.o)
                0x0000000008001234                daisy::Ak4556::Init(dsy_gpio_pin)
 .text._ZN5daisy6Wm873120WriteControlRegisterEht
                0x0000000008001278       0x3c ../DaisyExamples/libDaisy/build/libdaisy.a(codec_wm8731.o)
                0x0000000008001278                daisy::Wm8731::WriteControlRegister(unsigned char, unsigned short)
 .text._ZN5daisy6Wm87314InitERKNS0_6ConfigENS_9I2CHandleE
                0x00000000080012b4      0x1bc ../DaisyExamples/libDaisy/build/libdaisy.a(codec_wm8731.o)
                0x00000000080012b4                daisy::Wm8731::Init(daisy::Wm8731::Config const&, daisy::I2CHandle)
 .text._ZN11SdramHandle10DeviceInitEv
                0x0000000008001470       0x98 ../DaisyExamples/libDaisy/build/libdaisy.a(sdram.o)
                0x0000000008001470                SdramHandle::DeviceInit()
 .text._ZN11SdramHandle4InitEv
                0x0000000008001508       0x7c ../DaisyExamples/libDaisy/build/libdaisy.a(sdram.o)
                0x0000000008001508                SdramHandle::Init()
 .text.HAL_SDRAM_MspInit
                0x0000000008001584      0x1a8 ../DaisyExamples/libDaisy/build/libdaisy.a(sdram.o)
                0x0000000008001584                HAL_SDRAM_MspInit
 .text._ZN5daisy11AudioHandle4Impl16InternalCallbackEPlS2_j
                0x000000000800172c      0xbbc ../DaisyExamples/libDaisy/build/libdaisy.a(audio.o)
                0x000000000800172c                daisy::AudioHandle::Impl::InternalCallback(long*, long*, unsigned int)
 .text._ZN5daisy11AudioHandle4InitERKNS0_6ConfigENS_9SaiHandleE
                0x00000000080022e8       0x70 ../DaisyExamples/libDaisy/build/libdaisy.a(audio.o)
                0x00000000080022e8                daisy::AudioHandle::Init(daisy::AudioHandle::Config const&, daisy::SaiHandle)
 .text._ZNK5daisy11AudioHandle9GetConfigEv
                0x0000000008002358        0x8 ../DaisyExamples/libDaisy/build/libdaisy.a(audio.o)
                0x0000000008002358                daisy::AudioHandle::GetConfig() const
 .text._ZN5daisy11AudioHandle12SetBlockSizeEj
                0x0000000008002360       0x1c ../DaisyExamples/libDaisy/build/libdaisy.a(audio.o)
                0x0000000008002360                daisy::AudioHandle::SetBlockSize(unsigned int)
 .text._ZN5daisy11AudioHandle13GetSampleRateEv
                0x000000000800237c        0x8 ../DaisyExamples/libDaisy/build/libdaisy.a(audio.o)
                0x000000000800237c                daisy::AudioHandle::GetSampleRate()
 .text._ZN5daisy11AudioHandle5StartEPFvPKfPfjE
                0x0000000008002384       0x2c ../DaisyExamples/libDaisy/build/libdaisy.a(audio.o)
                0x0000000008002384                daisy::AudioHandle::Start(void (*)(float const*, float*, unsigned int))
 .text.startup._GLOBAL__sub_I__ZN5daisy11AudioHandle4Impl4InitENS0_6ConfigENS_9SaiHandleE
                0x00000000080023b0       0x24 ../DaisyExamples/libDaisy/build/libdaisy.a(audio.o)
 .text._ZN5daisy13AnalogControl4InitEPtfbbf
                0x00000000080023d4       0x64 ../DaisyExamples/libDaisy/build/libdaisy.a(ctrl.o)
                0x00000000080023d4                daisy::AnalogControl::Init(unsigned short*, float, bool, bool, float)
 .text._ZN5daisy13AnalogControl7ProcessEv
                0x0000000008002438       0x48 ../DaisyExamples/libDaisy/build/libdaisy.a(ctrl.o)
                0x0000000008002438                daisy::AnalogControl::Process()
 .text._ZN5daisy13AnalogControl13SetSampleRateEf
                0x0000000008002480       0x58 ../DaisyExamples/libDaisy/build/libdaisy.a(ctrl.o)
                0x0000000008002480                daisy::AnalogControl::SetSampleRate(float)
 .text._ZN5daisy7Encoder4InitE12dsy_gpio_pinS1_S1_f
                0x00000000080024d8       0x60 ../DaisyExamples/libDaisy/build/libdaisy.a(encoder.o)
                0x00000000080024d8                daisy::Encoder::Init(dsy_gpio_pin, dsy_gpio_pin, dsy_gpio_pin, float)
 .text._ZN5daisy7Encoder8DebounceEv
                0x0000000008002538       0x7c ../DaisyExamples/libDaisy/build/libdaisy.a(encoder.o)
                0x0000000008002538                daisy::Encoder::Debounce()
 .text._ZN5daisy17MidiUartTransport6ConfigC2Ev
                0x00000000080025b4       0x28 ../DaisyExamples/libDaisy/build/libdaisy.a(midi.o)
                0x00000000080025b4                daisy::MidiUartTransport::Config::Config()
                0x00000000080025b4                daisy::MidiUartTransport::Config::Config()
 .text._ZN5daisy10MidiParser5ResetEv
                0x00000000080025dc        0xc ../DaisyExamples/libDaisy/build/libdaisy.a(midi_parser.o)
                0x00000000080025dc                daisy::MidiParser::Reset()
 .text._ZN5daisy6RgbLed4InitE12dsy_gpio_pinS1_S1_b
                0x00000000080025e8       0x50 ../DaisyExamples/libDaisy/build/libdaisy.a(rgb_led.o)
                0x00000000080025e8                daisy::RgbLed::Init(dsy_gpio_pin, dsy_gpio_pin, dsy_gpio_pin, bool)
 .text._ZN5daisy6RgbLed8SetColorENS_5ColorE
                0x0000000008002638       0x2c ../DaisyExamples/libDaisy/build/libdaisy.a(rgb_led.o)
                0x0000000008002638                daisy::RgbLed::SetColor(daisy::Color)
 .text._ZN5daisy6RgbLed6UpdateEv
                0x0000000008002664       0x1c ../DaisyExamples/libDaisy/build/libdaisy.a(rgb_led.o)
                0x0000000008002664                daisy::RgbLed::Update()
 .text._ZN5daisy6Switch4InitE12dsy_gpio_pinf
                0x0000000008002680       0x34 ../DaisyExamples/libDaisy/build/libdaisy.a(switch.o)
                0x0000000008002680                daisy::Switch::Init(dsy_gpio_pin, float)
 .text._ZN5daisy6Switch8DebounceEv
                0x00000000080026b4       0x5c ../DaisyExamples/libDaisy/build/libdaisy.a(switch.o)
                0x00000000080026b4                daisy::Switch::Debounce()
 .text._ZN5daisy16AdcChannelConfig10InitSingleE12dsy_gpio_pinNS0_15ConversionSpeedE
                0x0000000008002710       0x28 ../DaisyExamples/libDaisy/build/libdaisy.a(adc.o)
                0x0000000008002710                daisy::AdcChannelConfig::InitSingle(dsy_gpio_pin, daisy::AdcChannelConfig::ConversionSpeed)
 .text._ZN5daisy9AdcHandle4InitEPNS_16AdcChannelConfigEjNS0_12OverSamplingE
                0x0000000008002738      0x41c ../DaisyExamples/libDaisy/build/libdaisy.a(adc.o)
                0x0000000008002738                daisy::AdcHandle::Init(daisy::AdcChannelConfig*, unsigned int, daisy::AdcHandle::OverSampling)
 .text._ZN5daisy9AdcHandle5StartEv
                0x0000000008002b54       0x2c ../DaisyExamples/libDaisy/build/libdaisy.a(adc.o)
                0x0000000008002b54                daisy::AdcHandle::Start()
 .text._ZNK5daisy9AdcHandle6GetPtrEh
                0x0000000008002b80       0x14 ../DaisyExamples/libDaisy/build/libdaisy.a(adc.o)
                0x0000000008002b80                daisy::AdcHandle::GetPtr(unsigned char) const
 .text.HAL_ADC_MspInit
                0x0000000008002b94       0x98 ../DaisyExamples/libDaisy/build/libdaisy.a(adc.o)
                0x0000000008002b94                HAL_ADC_MspInit
 .text.DMA1_Stream2_IRQHandler
                0x0000000008002c2c        0xc ../DaisyExamples/libDaisy/build/libdaisy.a(adc.o)
                0x0000000008002c2c                DMA1_Stream2_IRQHandler
 .text.HAL_ADC_ConvCpltCallback
                0x0000000008002c38      0x148 ../DaisyExamples/libDaisy/build/libdaisy.a(adc.o)
                0x0000000008002c38                HAL_ADC_ConvCpltCallback
 .text.HAL_ADC_ErrorCallback
                0x0000000008002d80        0x4 ../DaisyExamples/libDaisy/build/libdaisy.a(adc.o)
                0x0000000008002d80                HAL_ADC_ErrorCallback
 .text._ZN5daisy4GPIO4InitENS_3PinENS0_4ModeENS0_4PullENS0_5SpeedE
                0x0000000008002d84      0x1cc ../DaisyExamples/libDaisy/build/libdaisy.a(gpio.o)
                0x0000000008002d84                daisy::GPIO::Init(daisy::Pin, daisy::GPIO::Mode, daisy::GPIO::Pull, daisy::GPIO::Speed)
 .text._ZN5daisy4GPIO4ReadEv
                0x0000000008002f50       0x18 ../DaisyExamples/libDaisy/build/libdaisy.a(gpio.o)
                0x0000000008002f50                daisy::GPIO::Read()
 .text._ZN5daisy4GPIO5WriteEb
                0x0000000008002f68       0x14 ../DaisyExamples/libDaisy/build/libdaisy.a(gpio.o)
                0x0000000008002f68                daisy::GPIO::Write(bool)
 .text.dsy_gpio_init
                0x0000000008002f7c      0x1b8 ../DaisyExamples/libDaisy/build/libdaisy.a(gpio.o)
                0x0000000008002f7c                dsy_gpio_init
 .text.dsy_gpio_read
                0x0000000008003134       0x1c ../DaisyExamples/libDaisy/build/libdaisy.a(gpio.o)
                0x0000000008003134                dsy_gpio_read
 .text.dsy_gpio_write
                0x0000000008003150       0x24 ../DaisyExamples/libDaisy/build/libdaisy.a(gpio.o)
                0x0000000008003150                dsy_gpio_write
 .text._ZN5daisy9I2CHandle4Impl8InitPinsEv
                0x0000000008003174       0x58 ../DaisyExamples/libDaisy/build/libdaisy.a(i2c.o)
                0x0000000008003174                daisy::I2CHandle::Impl::InitPins()
 .text.HAL_I2C_MspInit
                0x00000000080031cc      0x1b4 ../DaisyExamples/libDaisy/build/libdaisy.a(i2c.o)
                0x00000000080031cc                HAL_I2C_MspInit
 .text.dsy_i2c_global_init
                0x0000000008003380       0x78 ../DaisyExamples/libDaisy/build/libdaisy.a(i2c.o)
                0x0000000008003380                dsy_i2c_global_init
 .text.DMA1_Stream6_IRQHandler
                0x00000000080033f8       0x34 ../DaisyExamples/libDaisy/build/libdaisy.a(i2c.o)
                0x00000000080033f8                DMA1_Stream6_IRQHandler
 .text.I2C1_EV_IRQHandler
                0x000000000800342c        0xc ../DaisyExamples/libDaisy/build/libdaisy.a(i2c.o)
                0x000000000800342c                I2C1_EV_IRQHandler
 .text.I2C2_EV_IRQHandler
                0x0000000008003438        0xc ../DaisyExamples/libDaisy/build/libdaisy.a(i2c.o)
                0x0000000008003438                I2C2_EV_IRQHandler
 .text.I2C3_EV_IRQHandler
                0x0000000008003444        0xc ../DaisyExamples/libDaisy/build/libdaisy.a(i2c.o)
                0x0000000008003444                I2C3_EV_IRQHandler
 .text._ZN5daisy9I2CHandle4InitERKNS0_6ConfigE
                0x0000000008003450      0x12c ../DaisyExamples/libDaisy/build/libdaisy.a(i2c.o)
                0x0000000008003450                daisy::I2CHandle::Init(daisy::I2CHandle::Config const&)
 .text._ZN5daisy9I2CHandle16TransmitBlockingEtPhtm
                0x000000000800357c       0x50 ../DaisyExamples/libDaisy/build/libdaisy.a(i2c.o)
                0x000000000800357c                daisy::I2CHandle::TransmitBlocking(unsigned short, unsigned char*, unsigned short, unsigned long)
 .text.startup._GLOBAL__sub_I__ZN5daisy9I2CHandle4Impl10GlobalInitEv
                0x00000000080035cc       0x18 ../DaisyExamples/libDaisy/build/libdaisy.a(i2c.o)
 .text._ZN5daisy10QSPIHandle4Impl11WriteEnableEv
                0x00000000080035e4       0x8c ../DaisyExamples/libDaisy/build/libdaisy.a(qspi.o)
                0x00000000080035e4                daisy::QSPIHandle::Impl::WriteEnable()
 .text._ZN5daisy10QSPIHandle4Impl17DummyCyclesConfigENS0_6Config6DeviceE
                0x0000000008003670      0x118 ../DaisyExamples/libDaisy/build/libdaisy.a(qspi.o)
                0x0000000008003670                daisy::QSPIHandle::Impl::DummyCyclesConfig(daisy::QSPIHandle::Config::Device)
 .text._ZN5daisy10QSPIHandle4Impl10QuadEnableEv
                0x0000000008003788      0x158 ../DaisyExamples/libDaisy/build/libdaisy.a(qspi.o)
                0x0000000008003788                daisy::QSPIHandle::Impl::QuadEnable()
 .text._ZN5daisy10QSPIHandle4InitERKNS0_6ConfigE
                0x00000000080038e0      0x198 ../DaisyExamples/libDaisy/build/libdaisy.a(qspi.o)
                0x00000000080038e0                daisy::QSPIHandle::Init(daisy::QSPIHandle::Config const&)
 .text.HAL_QSPI_MspInit
                0x0000000008003a78      0x11c ../DaisyExamples/libDaisy/build/libdaisy.a(qspi.o)
                0x0000000008003a78                HAL_QSPI_MspInit
 .text.HAL_QSPI_MspDeInit
                0x0000000008003b94       0x54 ../DaisyExamples/libDaisy/build/libdaisy.a(qspi.o)
                0x0000000008003b94                HAL_QSPI_MspDeInit
 .text.QUADSPI_IRQHandler
                0x0000000008003be8        0xc ../DaisyExamples/libDaisy/build/libdaisy.a(qspi.o)
                0x0000000008003be8                QUADSPI_IRQHandler
 .text.startup._GLOBAL__sub_I__ZN5daisy10QSPIHandle4Impl4InitERKNS0_6ConfigE
                0x0000000008003bf4       0x28 ../DaisyExamples/libDaisy/build/libdaisy.a(qspi.o)
 .text._ZN5daisy9SaiHandle4Impl7InitDmaENS1_15PeripheralBlockE
                0x0000000008003c1c       0xa0 ../DaisyExamples/libDaisy/build/libdaisy.a(sai.o)
                0x0000000008003c1c                daisy::SaiHandle::Impl::InitDma(daisy::SaiHandle::Impl::PeripheralBlock)
 .text._ZN5daisy9SaiHandle4Impl8InitPinsEv
                0x0000000008003cbc       0xa8 ../DaisyExamples/libDaisy/build/libdaisy.a(sai.o)
                0x0000000008003cbc                daisy::SaiHandle::Impl::InitPins()
 .text.HAL_SAI_MspInit
                0x0000000008003d64      0x164 ../DaisyExamples/libDaisy/build/libdaisy.a(sai.o)
                0x0000000008003d64                HAL_SAI_MspInit
 .text.DMA1_Stream0_IRQHandler
                0x0000000008003ec8        0xc ../DaisyExamples/libDaisy/build/libdaisy.a(sai.o)
                0x0000000008003ec8                DMA1_Stream0_IRQHandler
 .text.DMA1_Stream1_IRQHandler
                0x0000000008003ed4        0xc ../DaisyExamples/libDaisy/build/libdaisy.a(sai.o)
                0x0000000008003ed4                DMA1_Stream1_IRQHandler
 .text.DMA1_Stream3_IRQHandler
                0x0000000008003ee0        0xc ../DaisyExamples/libDaisy/build/libdaisy.a(sai.o)
                0x0000000008003ee0                DMA1_Stream3_IRQHandler
 .text.DMA1_Stream4_IRQHandler
                0x0000000008003eec        0xc ../DaisyExamples/libDaisy/build/libdaisy.a(sai.o)
                0x0000000008003eec                DMA1_Stream4_IRQHandler
 .text.HAL_SAI_RxHalfCpltCallback
                0x0000000008003ef8       0x78 ../DaisyExamples/libDaisy/build/libdaisy.a(sai.o)
                0x0000000008003ef8                HAL_SAI_RxHalfCpltCallback
 .text.HAL_SAI_RxCpltCallback
                0x0000000008003f70       0x70 ../DaisyExamples/libDaisy/build/libdaisy.a(sai.o)
                0x0000000008003f70                HAL_SAI_RxCpltCallback
 .text._ZN5daisy9SaiHandle4InitERKNS0_6ConfigE
                0x0000000008003fe0      0x1f0 ../DaisyExamples/libDaisy/build/libdaisy.a(sai.o)
                0x0000000008003fe0                daisy::SaiHandle::Init(daisy::SaiHandle::Config const&)
 .text._ZNK5daisy9SaiHandle9GetConfigEv
                0x00000000080041d0        0x4 ../DaisyExamples/libDaisy/build/libdaisy.a(sai.o)
                0x00000000080041d0                daisy::SaiHandle::GetConfig() const
 .text._ZN5daisy9SaiHandle8StartDmaEPlS1_jPFvS1_S1_jE
                0x00000000080041d4       0xbc ../DaisyExamples/libDaisy/build/libdaisy.a(sai.o)
                0x00000000080041d4                daisy::SaiHandle::StartDma(long*, long*, unsigned int, void (*)(long*, long*, unsigned int))
 .text._ZN5daisy9SaiHandle13GetSampleRateEv
                0x0000000008004290       0x24 ../DaisyExamples/libDaisy/build/libdaisy.a(sai.o)
                0x0000000008004290                daisy::SaiHandle::GetSampleRate()
 .text._ZNK5daisy9SaiHandle9GetOffsetEv
                0x00000000080042b4        0x8 ../DaisyExamples/libDaisy/build/libdaisy.a(sai.o)
                0x00000000080042b4                daisy::SaiHandle::GetOffset() const
 .text._ZL20UART_CheckRxListenerPN5daisy11UartHandler4ImplE
                0x00000000080042bc       0x84 ../DaisyExamples/libDaisy/build/libdaisy.a(uart.o)
 .text._ZN5daisy11UartHandler4Impl10StartDmaTxEPhjPFvPvEPFvS3_NS0_6ResultEES3_
                0x0000000008004340      0x184 ../DaisyExamples/libDaisy/build/libdaisy.a(uart.o)
                0x0000000008004340                daisy::UartHandler::Impl::StartDmaTx(unsigned char*, unsigned int, void (*)(void*), void (*)(void*, daisy::UartHandler::Result), void*)
 .text._ZN5daisy11UartHandler4Impl10StartDmaRxEPhjPFvPvEPFvS3_NS0_6ResultEES3_
                0x00000000080044c4      0x184 ../DaisyExamples/libDaisy/build/libdaisy.a(uart.o)
                0x00000000080044c4                daisy::UartHandler::Impl::StartDmaRx(unsigned char*, unsigned int, void (*)(void*), void (*)(void*, daisy::UartHandler::Result), void*)
 .text._ZN5daisy11UartHandler4Impl19DmaTransferFinishedEP20__UART_HandleTypeDefNS0_6ResultE
                0x0000000008004648       0xc0 ../DaisyExamples/libDaisy/build/libdaisy.a(uart.o)
                0x0000000008004648                daisy::UartHandler::Impl::DmaTransferFinished(__UART_HandleTypeDef*, daisy::UartHandler::Result)
 .text._ZN5daisy11UartHandler4Impl8InitPinsEv
                0x0000000008004708      0x154 ../DaisyExamples/libDaisy/build/libdaisy.a(uart.o)
                0x0000000008004708                daisy::UartHandler::Impl::InitPins()
 .text.HAL_UART_MspInit
                0x000000000800485c      0x210 ../DaisyExamples/libDaisy/build/libdaisy.a(uart.o)
                0x000000000800485c                HAL_UART_MspInit
 .text.dsy_uart_global_init
                0x0000000008004a6c       0xfc ../DaisyExamples/libDaisy/build/libdaisy.a(uart.o)
                0x0000000008004a6c                dsy_uart_global_init
 .text.USART1_IRQHandler
                0x0000000008004b68       0x2c ../DaisyExamples/libDaisy/build/libdaisy.a(uart.o)
                0x0000000008004b68                USART1_IRQHandler
 .text.USART2_IRQHandler
                0x0000000008004b94       0x34 ../DaisyExamples/libDaisy/build/libdaisy.a(uart.o)
                0x0000000008004b94                USART2_IRQHandler
 .text.USART3_IRQHandler
                0x0000000008004bc8       0x34 ../DaisyExamples/libDaisy/build/libdaisy.a(uart.o)
                0x0000000008004bc8                USART3_IRQHandler
 .text.UART4_IRQHandler
                0x0000000008004bfc       0x34 ../DaisyExamples/libDaisy/build/libdaisy.a(uart.o)
                0x0000000008004bfc                UART4_IRQHandler
 .text.UART5_IRQHandler
                0x0000000008004c30       0x34 ../DaisyExamples/libDaisy/build/libdaisy.a(uart.o)
                0x0000000008004c30                UART5_IRQHandler
 .text.USART6_IRQHandler
                0x0000000008004c64       0x34 ../DaisyExamples/libDaisy/build/libdaisy.a(uart.o)
                0x0000000008004c64                USART6_IRQHandler
 .text.UART7_IRQHandler
                0x0000000008004c98       0x34 ../DaisyExamples/libDaisy/build/libdaisy.a(uart.o)
                0x0000000008004c98                UART7_IRQHandler
 .text.UART8_IRQHandler
                0x0000000008004ccc       0x34 ../DaisyExamples/libDaisy/build/libdaisy.a(uart.o)
                0x0000000008004ccc                UART8_IRQHandler
 .text.LPUART1_IRQHandler
                0x0000000008004d00       0x34 ../DaisyExamples/libDaisy/build/libdaisy.a(uart.o)
                0x0000000008004d00                LPUART1_IRQHandler
 .text.DMA1_Stream5_IRQHandler
                0x0000000008004d34       0x34 ../DaisyExamples/libDaisy/build/libdaisy.a(uart.o)
                0x0000000008004d34                DMA1_Stream5_IRQHandler
 .text.DMA2_Stream4_IRQHandler
                0x0000000008004d68       0x38 ../DaisyExamples/libDaisy/build/libdaisy.a(uart.o)
                0x0000000008004d68                DMA2_Stream4_IRQHandler
 .text.HAL_UART_TxCpltCallback
                0x0000000008004da0        0x8 ../DaisyExamples/libDaisy/build/libdaisy.a(uart.o)
                0x0000000008004da0                HAL_UART_TxCpltCallback
 .text.HAL_UART_RxCpltCallback
                0x0000000008004da8       0x94 ../DaisyExamples/libDaisy/build/libdaisy.a(uart.o)
                0x0000000008004da8                HAL_UART_RxCpltCallback
 .text.HAL_UART_RxHalfCpltCallback
                0x0000000008004e3c       0x90 ../DaisyExamples/libDaisy/build/libdaisy.a(uart.o)
                0x0000000008004e3c                HAL_UART_RxHalfCpltCallback
 .text.HAL_UART_ErrorCallback
                0x0000000008004ecc        0x8 ../DaisyExamples/libDaisy/build/libdaisy.a(uart.o)
                0x0000000008004ecc                HAL_UART_ErrorCallback
 .text._ZN5daisy11UartHandler4InitERKNS0_6ConfigE
                0x0000000008004ed4       0xd4 ../DaisyExamples/libDaisy/build/libdaisy.a(uart.o)
                0x0000000008004ed4                daisy::UartHandler::Init(daisy::UartHandler::Config const&)
 .text.startup._GLOBAL__sub_I__Z19MapInstanceToHandleP13USART_TypeDef
                0x0000000008004fa8      0x194 ../DaisyExamples/libDaisy/build/libdaisy.a(uart.o)
 .text.dsy_dma_init
                0x000000000800513c      0x100 ../DaisyExamples/libDaisy/build/libdaisy.a(dma.o)
                0x000000000800513c                dsy_dma_init
 .text.dsy_dma_invalidate_cache_for_buffer
                0x000000000800523c       0x2c ../DaisyExamples/libDaisy/build/libdaisy.a(dma.o)
                0x000000000800523c                dsy_dma_invalidate_cache_for_buffer
 .text._ZN5daisy11TimerHandleD2Ev
                0x0000000008005268        0x4 ../DaisyExamples/libDaisy/build/libdaisy.a(system.o)
                0x0000000008005268                daisy::TimerHandle::~TimerHandle()
                0x0000000008005268                daisy::TimerHandle::~TimerHandle()
 .text.SysTick_Handler
                0x000000000800526c       0x10 ../DaisyExamples/libDaisy/build/libdaisy.a(system.o)
                0x000000000800526c                SysTick_Handler
 .text.OTG_HS_EP1_OUT_IRQHandler
                0x000000000800527c       0x24 ../DaisyExamples/libDaisy/build/libdaisy.a(system.o)
                0x000000000800527c                OTG_HS_EP1_OUT_IRQHandler
 .text.OTG_HS_EP1_IN_IRQHandler
                0x00000000080052a0       0x24 ../DaisyExamples/libDaisy/build/libdaisy.a(system.o)
                0x00000000080052a0                OTG_HS_EP1_IN_IRQHandler
 .text.OTG_HS_IRQHandler
                0x00000000080052c4       0x24 ../DaisyExamples/libDaisy/build/libdaisy.a(system.o)
                0x00000000080052c4                OTG_HS_IRQHandler
 .text.HardFault_Handler
                0x00000000080052e8       0xe0 ../DaisyExamples/libDaisy/build/libdaisy.a(system.o)
                0x00000000080052e8                HardFault_Handler
 .text._ZN5daisy6System6GetNowEv
                0x00000000080053c8        0x4 ../DaisyExamples/libDaisy/build/libdaisy.a(system.o)
                0x00000000080053c8                daisy::System::GetNow()
 .text._ZN5daisy6System5DelayEm
                0x00000000080053cc        0x4 ../DaisyExamples/libDaisy/build/libdaisy.a(system.o)
                0x00000000080053cc                daisy::System::Delay(unsigned long)
 .text._ZN5daisy6System20GetBootloaderVersionEv
                0x00000000080053d0       0x34 ../DaisyExamples/libDaisy/build/libdaisy.a(system.o)
                0x00000000080053d0                daisy::System::GetBootloaderVersion()
 .text._ZN5daisy6System15ConfigureClocksEv
                0x0000000008005404      0x194 ../DaisyExamples/libDaisy/build/libdaisy.a(system.o)
                0x0000000008005404                daisy::System::ConfigureClocks()
 .text._ZN5daisy6System12ConfigureMpuEv
                0x0000000008005598       0x7c ../DaisyExamples/libDaisy/build/libdaisy.a(system.o)
                0x0000000008005598                daisy::System::ConfigureMpu()
 .text._ZN5daisy6System4InitERKNS0_6ConfigE
                0x0000000008005614       0xec ../DaisyExamples/libDaisy/build/libdaisy.a(system.o)
                0x0000000008005614                daisy::System::Init(daisy::System::Config const&)
 .text._ZN5daisy6System12GetPClk1FreqEv
                0x0000000008005700        0x4 ../DaisyExamples/libDaisy/build/libdaisy.a(system.o)
                0x0000000008005700                daisy::System::GetPClk1Freq()
 .text._ZN5daisy6System22GetProgramMemoryRegionEv
                0x0000000008005704       0x78 ../DaisyExamples/libDaisy/build/libdaisy.a(system.o)
                0x0000000008005704                daisy::System::GetProgramMemoryRegion()
 .text.startup._GLOBAL__sub_I__ZN5daisy9boot_infoE
                0x000000000800577c       0x1c ../DaisyExamples/libDaisy/build/libdaisy.a(system.o)
 .text.SystemInit
                0x0000000008005798       0x9c ../DaisyExamples/libDaisy/build/libdaisy.a(system_stm32h7xx.o)
                0x0000000008005798                SystemInit
 .text.HAL_PCD_SetupStageCallback
                0x0000000008005834        0xc ../DaisyExamples/libDaisy/build/libdaisy.a(usbd_conf.o)
                0x0000000008005834                HAL_PCD_SetupStageCallback
 .text.HAL_PCD_DataOutStageCallback
                0x0000000008005840       0x14 ../DaisyExamples/libDaisy/build/libdaisy.a(usbd_conf.o)
                0x0000000008005840                HAL_PCD_DataOutStageCallback
 .text.HAL_PCD_DataInStageCallback
                0x0000000008005854       0x14 ../DaisyExamples/libDaisy/build/libdaisy.a(usbd_conf.o)
                0x0000000008005854                HAL_PCD_DataInStageCallback
 .text.HAL_PCD_SOFCallback
                0x0000000008005868        0x8 ../DaisyExamples/libDaisy/build/libdaisy.a(usbd_conf.o)
                0x0000000008005868                HAL_PCD_SOFCallback
 .text.HAL_PCD_ResetCallback
                0x0000000008005870       0x24 ../DaisyExamples/libDaisy/build/libdaisy.a(usbd_conf.o)
                0x0000000008005870                HAL_PCD_ResetCallback
 .text.HAL_PCD_SuspendCallback
                0x0000000008005894       0x30 ../DaisyExamples/libDaisy/build/libdaisy.a(usbd_conf.o)
                0x0000000008005894                HAL_PCD_SuspendCallback
 .text.HAL_PCD_ResumeCallback
                0x00000000080058c4        0x8 ../DaisyExamples/libDaisy/build/libdaisy.a(usbd_conf.o)
                0x00000000080058c4                HAL_PCD_ResumeCallback
 .text.HAL_PCD_ISOOUTIncompleteCallback
                0x00000000080058cc        0x8 ../DaisyExamples/libDaisy/build/libdaisy.a(usbd_conf.o)
                0x00000000080058cc                HAL_PCD_ISOOUTIncompleteCallback
 .text.HAL_PCD_ISOINIncompleteCallback
                0x00000000080058d4        0x8 ../DaisyExamples/libDaisy/build/libdaisy.a(usbd_conf.o)
                0x00000000080058d4                HAL_PCD_ISOINIncompleteCallback
 .text.HAL_PCD_ConnectCallback
                0x00000000080058dc        0x8 ../DaisyExamples/libDaisy/build/libdaisy.a(usbd_conf.o)
                0x00000000080058dc                HAL_PCD_ConnectCallback
 .text.HAL_PCD_DisconnectCallback
                0x00000000080058e4        0x8 ../DaisyExamples/libDaisy/build/libdaisy.a(usbd_conf.o)
                0x00000000080058e4                HAL_PCD_DisconnectCallback
 .text.USBD_LL_OpenEP
                0x00000000080058ec       0x24 ../DaisyExamples/libDaisy/build/libdaisy.a(usbd_conf.o)
                0x00000000080058ec                USBD_LL_OpenEP
 .text.USBD_LL_StallEP
                0x0000000008005910       0x1c ../DaisyExamples/libDaisy/build/libdaisy.a(usbd_conf.o)
                0x0000000008005910                USBD_LL_StallEP
 .text.USBD_LL_ClearStallEP
                0x000000000800592c       0x1c ../DaisyExamples/libDaisy/build/libdaisy.a(usbd_conf.o)
                0x000000000800592c                USBD_LL_ClearStallEP
 .text.USBD_LL_IsStallEP
                0x0000000008005948       0x28 ../DaisyExamples/libDaisy/build/libdaisy.a(usbd_conf.o)
                0x0000000008005948                USBD_LL_IsStallEP
 .text.USBD_LL_SetUSBAddress
                0x0000000008005970       0x1c ../DaisyExamples/libDaisy/build/libdaisy.a(usbd_conf.o)
                0x0000000008005970                USBD_LL_SetUSBAddress
 .text.USBD_LL_Transmit
                0x000000000800598c       0x1c ../DaisyExamples/libDaisy/build/libdaisy.a(usbd_conf.o)
                0x000000000800598c                USBD_LL_Transmit
 .text.USBD_LL_PrepareReceive
                0x00000000080059a8       0x1c ../DaisyExamples/libDaisy/build/libdaisy.a(usbd_conf.o)
                0x00000000080059a8                USBD_LL_PrepareReceive
 .text.HAL_HCD_SOF_Callback
                0x00000000080059c4        0x8 ../DaisyExamples/libDaisy/build/libdaisy.a(usbh_conf.o)
                0x00000000080059c4                HAL_HCD_SOF_Callback
 .text.HAL_HCD_Connect_Callback
                0x00000000080059cc        0x8 ../DaisyExamples/libDaisy/build/libdaisy.a(usbh_conf.o)
                0x00000000080059cc                HAL_HCD_Connect_Callback
 .text.HAL_HCD_Disconnect_Callback
                0x00000000080059d4        0x8 ../DaisyExamples/libDaisy/build/libdaisy.a(usbh_conf.o)
                0x00000000080059d4                HAL_HCD_Disconnect_Callback
 .text.HAL_HCD_HC_NotifyURBChange_Callback
                0x00000000080059dc        0x4 ../DaisyExamples/libDaisy/build/libdaisy.a(usbh_conf.o)
                0x00000000080059dc                HAL_HCD_HC_NotifyURBChange_Callback
 .text.HAL_HCD_PortEnabled_Callback
                0x00000000080059e0        0x8 ../DaisyExamples/libDaisy/build/libdaisy.a(usbh_conf.o)
                0x00000000080059e0                HAL_HCD_PortEnabled_Callback
 .text.HAL_HCD_PortDisabled_Callback
                0x00000000080059e8        0x8 ../DaisyExamples/libDaisy/build/libdaisy.a(usbh_conf.o)
                0x00000000080059e8                HAL_HCD_PortDisabled_Callback
 .text.USBH_LL_Stop
                0x00000000080059f0       0x1c ../DaisyExamples/libDaisy/build/libdaisy.a(usbh_conf.o)
                0x00000000080059f0                USBH_LL_Stop
 .text._ZN5daisy5Color4InitENS0_11PresetColorE
                0x0000000008005a0c       0x20 ../DaisyExamples/libDaisy/build/libdaisy.a(color.o)
                0x0000000008005a0c                daisy::Color::Init(daisy::Color::PresetColor)
 .text.dsy_hal_map_get_port
                0x0000000008005a2c       0x10 ../DaisyExamples/libDaisy/build/libdaisy.a(hal_map.o)
                0x0000000008005a2c                dsy_hal_map_get_port
 .text.dsy_hal_map_get_pin
                0x0000000008005a3c       0x10 ../DaisyExamples/libDaisy/build/libdaisy.a(hal_map.o)
                0x0000000008005a3c                dsy_hal_map_get_pin
 .text.dsy_hal_map_gpio_clk_enable
                0x0000000008005a4c      0x150 ../DaisyExamples/libDaisy/build/libdaisy.a(hal_map.o)
                0x0000000008005a4c                dsy_hal_map_gpio_clk_enable
 .text.HAL_MspInit
                0x0000000008005b9c        0x4 ../DaisyExamples/libDaisy/build/libdaisy.a(stm32h7xx_hal.o)
                0x0000000008005b9c                HAL_MspInit
 .text.HAL_InitTick
                0x0000000008005ba0       0x4c ../DaisyExamples/libDaisy/build/libdaisy.a(stm32h7xx_hal.o)
                0x0000000008005ba0                HAL_InitTick
 .text.HAL_Init
                0x0000000008005bec       0x60 ../DaisyExamples/libDaisy/build/libdaisy.a(stm32h7xx_hal.o)
                0x0000000008005bec                HAL_Init
 .text.HAL_IncTick
                0x0000000008005c4c       0x18 ../DaisyExamples/libDaisy/build/libdaisy.a(stm32h7xx_hal.o)
                0x0000000008005c4c                HAL_IncTick
 .text.HAL_GetTick
                0x0000000008005c64        0xc ../DaisyExamples/libDaisy/build/libdaisy.a(stm32h7xx_hal.o)
                0x0000000008005c64                HAL_GetTick
 .text.HAL_Delay
                0x0000000008005c70       0x24 ../DaisyExamples/libDaisy/build/libdaisy.a(stm32h7xx_hal.o)
                0x0000000008005c70                HAL_Delay
 .text.HAL_GetREVID
                0x0000000008005c94        0xc ../DaisyExamples/libDaisy/build/libdaisy.a(stm32h7xx_hal.o)
                0x0000000008005c94                HAL_GetREVID
 .text.HAL_ADC_ConvHalfCpltCallback
                0x0000000008005ca0        0x4 ../DaisyExamples/libDaisy/build/libdaisy.a(stm32h7xx_hal_adc.o)
                0x0000000008005ca0                HAL_ADC_ConvHalfCpltCallback
 .text.ADC_DMAHalfConvCplt
                0x0000000008005ca4        0xc ../DaisyExamples/libDaisy/build/libdaisy.a(stm32h7xx_hal_adc.o)
                0x0000000008005ca4                ADC_DMAHalfConvCplt
 .text.ADC_DMAConvCplt
                0x0000000008005cb0       0x6c ../DaisyExamples/libDaisy/build/libdaisy.a(stm32h7xx_hal_adc.o)
                0x0000000008005cb0                ADC_DMAConvCplt
 .text.ADC_DMAError
                0x0000000008005d1c       0x1c ../DaisyExamples/libDaisy/build/libdaisy.a(stm32h7xx_hal_adc.o)
                0x0000000008005d1c                ADC_DMAError
 .text.HAL_ADC_ConfigChannel
                0x0000000008005d38      0x3fc ../DaisyExamples/libDaisy/build/libdaisy.a(stm32h7xx_hal_adc.o)
                0x0000000008005d38                HAL_ADC_ConfigChannel
 .text.ADC_Enable
                0x0000000008006134       0xac ../DaisyExamples/libDaisy/build/libdaisy.a(stm32h7xx_hal_adc.o)
                0x0000000008006134                ADC_Enable
 .text.HAL_ADC_Start_DMA
                0x00000000080061e0      0x114 ../DaisyExamples/libDaisy/build/libdaisy.a(stm32h7xx_hal_adc.o)
                0x00000000080061e0                HAL_ADC_Start_DMA
 .text.ADC_Disable
                0x00000000080062f4       0x68 ../DaisyExamples/libDaisy/build/libdaisy.a(stm32h7xx_hal_adc.o)
                0x00000000080062f4                ADC_Disable
 .text.ADC_ConfigureBoostMode
                0x000000000800635c      0x184 ../DaisyExamples/libDaisy/build/libdaisy.a(stm32h7xx_hal_adc.o)
                0x000000000800635c                ADC_ConfigureBoostMode
 .text.HAL_ADC_Init
                0x00000000080064e0      0x218 ../DaisyExamples/libDaisy/build/libdaisy.a(stm32h7xx_hal_adc.o)
                0x00000000080064e0                HAL_ADC_Init
 .text.HAL_ADCEx_Calibration_Start
                0x00000000080066f8       0xa4 ../DaisyExamples/libDaisy/build/libdaisy.a(stm32h7xx_hal_adc_ex.o)
                0x00000000080066f8                HAL_ADCEx_Calibration_Start
 .text.HAL_ADCEx_MultiModeConfigChannel
                0x000000000800679c       0xc4 ../DaisyExamples/libDaisy/build/libdaisy.a(stm32h7xx_hal_adc_ex.o)
                0x000000000800679c                HAL_ADCEx_MultiModeConfigChannel
 .text.HAL_NVIC_SetPriorityGrouping
                0x0000000008006860       0x24 ../DaisyExamples/libDaisy/build/libdaisy.a(stm32h7xx_hal_cortex.o)
                0x0000000008006860                HAL_NVIC_SetPriorityGrouping
 .text.HAL_NVIC_SetPriority
                0x0000000008006884       0x7c ../DaisyExamples/libDaisy/build/libdaisy.a(stm32h7xx_hal_cortex.o)
                0x0000000008006884                HAL_NVIC_SetPriority
 .text.HAL_NVIC_EnableIRQ
                0x0000000008006900       0x1c ../DaisyExamples/libDaisy/build/libdaisy.a(stm32h7xx_hal_cortex.o)
                0x0000000008006900                HAL_NVIC_EnableIRQ
 .text.HAL_NVIC_DisableIRQ
                0x000000000800691c       0x28 ../DaisyExamples/libDaisy/build/libdaisy.a(stm32h7xx_hal_cortex.o)
                0x000000000800691c                HAL_NVIC_DisableIRQ
 .text.HAL_SYSTICK_Config
                0x0000000008006944       0x2c ../DaisyExamples/libDaisy/build/libdaisy.a(stm32h7xx_hal_cortex.o)
                0x0000000008006944                HAL_SYSTICK_Config
 .text.HAL_MPU_Disable
                0x0000000008006970       0x1c ../DaisyExamples/libDaisy/build/libdaisy.a(stm32h7xx_hal_cortex.o)
                0x0000000008006970                HAL_MPU_Disable
 .text.HAL_MPU_Enable
                0x000000000800698c       0x20 ../DaisyExamples/libDaisy/build/libdaisy.a(stm32h7xx_hal_cortex.o)
                0x000000000800698c                HAL_MPU_Enable
 .text.HAL_MPU_ConfigRegion
                0x00000000080069ac       0x64 ../DaisyExamples/libDaisy/build/libdaisy.a(stm32h7xx_hal_cortex.o)
                0x00000000080069ac                HAL_MPU_ConfigRegion
 .text.HAL_SYSTICK_Callback
                0x0000000008006a10        0x4 ../DaisyExamples/libDaisy/build/libdaisy.a(stm32h7xx_hal_cortex.o)
                0x0000000008006a10                HAL_SYSTICK_Callback
 .text.HAL_SYSTICK_IRQHandler
                0x0000000008006a14        0x8 ../DaisyExamples/libDaisy/build/libdaisy.a(stm32h7xx_hal_cortex.o)
                0x0000000008006a14                HAL_SYSTICK_IRQHandler
 .text.DMA_CalcBaseAndBitshift
                0x0000000008006a1c       0xf4 ../DaisyExamples/libDaisy/build/libdaisy.a(stm32h7xx_hal_dma.o)
 .text.DMA_CalcDMAMUXChannelBaseAndMask
                0x0000000008006b10       0xd8 ../DaisyExamples/libDaisy/build/libdaisy.a(stm32h7xx_hal_dma.o)
 .text.HAL_DMA_Init
                0x0000000008006be8      0x37c ../DaisyExamples/libDaisy/build/libdaisy.a(stm32h7xx_hal_dma.o)
                0x0000000008006be8                HAL_DMA_Init
 .text.HAL_DMA_Start_IT
                0x0000000008006f64      0x240 ../DaisyExamples/libDaisy/build/libdaisy.a(stm32h7xx_hal_dma.o)
                0x0000000008006f64                HAL_DMA_Start_IT
 .text.HAL_DMA_Abort_IT
                0x00000000080071a4      0x134 ../DaisyExamples/libDaisy/build/libdaisy.a(stm32h7xx_hal_dma.o)
                0x00000000080071a4                HAL_DMA_Abort_IT
 .text.HAL_DMA_IRQHandler
                0x00000000080072d8      0x6a0 ../DaisyExamples/libDaisy/build/libdaisy.a(stm32h7xx_hal_dma.o)
                0x00000000080072d8                HAL_DMA_IRQHandler
 .text.HAL_DMA_GetError
                0x0000000008007978        0x4 ../DaisyExamples/libDaisy/build/libdaisy.a(stm32h7xx_hal_dma.o)
                0x0000000008007978                HAL_DMA_GetError
 .text.HAL_GPIO_Init
                0x000000000800797c      0x280 ../DaisyExamples/libDaisy/build/libdaisy.a(stm32h7xx_hal_gpio.o)
                0x000000000800797c                HAL_GPIO_Init
 .text.HAL_GPIO_DeInit
                0x0000000008007bfc      0x190 ../DaisyExamples/libDaisy/build/libdaisy.a(stm32h7xx_hal_gpio.o)
                0x0000000008007bfc                HAL_GPIO_DeInit
 .text.HAL_GPIO_ReadPin
                0x0000000008007d8c        0xc ../DaisyExamples/libDaisy/build/libdaisy.a(stm32h7xx_hal_gpio.o)
                0x0000000008007d8c                HAL_GPIO_ReadPin
 .text.HAL_GPIO_WritePin
                0x0000000008007d98        0x8 ../DaisyExamples/libDaisy/build/libdaisy.a(stm32h7xx_hal_gpio.o)
                0x0000000008007d98                HAL_GPIO_WritePin
 .text.HAL_HCD_IRQHandler
                0x0000000008007da0      0x780 ../DaisyExamples/libDaisy/build/libdaisy.a(stm32h7xx_hal_hcd.o)
                0x0000000008007da0                HAL_HCD_IRQHandler
 .text.HAL_HCD_Stop
                0x0000000008008520       0x28 ../DaisyExamples/libDaisy/build/libdaisy.a(stm32h7xx_hal_hcd.o)
                0x0000000008008520                HAL_HCD_Stop
 .text.I2C_WaitOnTXISFlagUntilTimeout
                0x0000000008008548       0xb8 ../DaisyExamples/libDaisy/build/libdaisy.a(stm32h7xx_hal_i2c.o)
 .text.I2C_WaitOnSTOPFlagUntilTimeout
                0x0000000008008600       0xac ../DaisyExamples/libDaisy/build/libdaisy.a(stm32h7xx_hal_i2c.o)
 .text.HAL_I2C_Init
                0x00000000080086ac       0xac ../DaisyExamples/libDaisy/build/libdaisy.a(stm32h7xx_hal_i2c.o)
                0x00000000080086ac                HAL_I2C_Init
 .text.HAL_I2C_Master_Transmit
                0x0000000008008758      0x1a8 ../DaisyExamples/libDaisy/build/libdaisy.a(stm32h7xx_hal_i2c.o)
                0x0000000008008758                HAL_I2C_Master_Transmit
 .text.HAL_I2C_Slave_Transmit
                0x0000000008008900      0x1c8 ../DaisyExamples/libDaisy/build/libdaisy.a(stm32h7xx_hal_i2c.o)
                0x0000000008008900                HAL_I2C_Slave_Transmit
 .text.HAL_I2C_EV_IRQHandler
                0x0000000008008ac8       0x10 ../DaisyExamples/libDaisy/build/libdaisy.a(stm32h7xx_hal_i2c.o)
                0x0000000008008ac8                HAL_I2C_EV_IRQHandler
 .text.HAL_I2C_GetState
                0x0000000008008ad8        0x8 ../DaisyExamples/libDaisy/build/libdaisy.a(stm32h7xx_hal_i2c.o)
                0x0000000008008ad8                HAL_I2C_GetState
 .text.HAL_I2CEx_ConfigAnalogFilter
                0x0000000008008ae0       0x54 ../DaisyExamples/libDaisy/build/libdaisy.a(stm32h7xx_hal_i2c_ex.o)
                0x0000000008008ae0                HAL_I2CEx_ConfigAnalogFilter
 .text.HAL_I2CEx_ConfigDigitalFilter
                0x0000000008008b34       0x58 ../DaisyExamples/libDaisy/build/libdaisy.a(stm32h7xx_hal_i2c_ex.o)
                0x0000000008008b34                HAL_I2CEx_ConfigDigitalFilter
 .text.HAL_PCD_IRQHandler
                0x0000000008008b8c      0x69c ../DaisyExamples/libDaisy/build/libdaisy.a(stm32h7xx_hal_pcd.o)
                0x0000000008008b8c                HAL_PCD_IRQHandler
 .text.HAL_PCD_SetAddress
                0x0000000008009228       0x2c ../DaisyExamples/libDaisy/build/libdaisy.a(stm32h7xx_hal_pcd.o)
                0x0000000008009228                HAL_PCD_SetAddress
 .text.HAL_PCD_EP_Open
                0x0000000008009254       0x7c ../DaisyExamples/libDaisy/build/libdaisy.a(stm32h7xx_hal_pcd.o)
                0x0000000008009254                HAL_PCD_EP_Open
 .text.HAL_PCD_EP_Receive
                0x00000000080092d0       0x50 ../DaisyExamples/libDaisy/build/libdaisy.a(stm32h7xx_hal_pcd.o)
                0x00000000080092d0                HAL_PCD_EP_Receive
 .text.HAL_PCD_EP_Transmit
                0x0000000008009320       0x50 ../DaisyExamples/libDaisy/build/libdaisy.a(stm32h7xx_hal_pcd.o)
                0x0000000008009320                HAL_PCD_EP_Transmit
 .text.HAL_PCD_EP_SetStall
                0x0000000008009370       0x88 ../DaisyExamples/libDaisy/build/libdaisy.a(stm32h7xx_hal_pcd.o)
                0x0000000008009370                HAL_PCD_EP_SetStall
 .text.HAL_PCD_EP_ClrStall
                0x00000000080093f8       0x78 ../DaisyExamples/libDaisy/build/libdaisy.a(stm32h7xx_hal_pcd.o)
                0x00000000080093f8                HAL_PCD_EP_ClrStall
 .text.HAL_PCDEx_LPM_Callback
                0x0000000008009470        0x4 ../DaisyExamples/libDaisy/build/libdaisy.a(stm32h7xx_hal_pcd_ex.o)
                0x0000000008009470                HAL_PCDEx_LPM_Callback
 .text.HAL_PWREx_ConfigSupply
                0x0000000008009474       0x4c ../DaisyExamples/libDaisy/build/libdaisy.a(stm32h7xx_hal_pwr_ex.o)
                0x0000000008009474                HAL_PWREx_ConfigSupply
 .text.HAL_PWREx_EnableUSBVoltageDetector
                0x00000000080094c0       0x10 ../DaisyExamples/libDaisy/build/libdaisy.a(stm32h7xx_hal_pwr_ex.o)
                0x00000000080094c0                HAL_PWREx_EnableUSBVoltageDetector
 .text.QSPI_Config
                0x00000000080094d0      0x174 ../DaisyExamples/libDaisy/build/libdaisy.a(stm32h7xx_hal_qspi.o)
 .text.HAL_QSPI_Init
                0x0000000008009644       0xd8 ../DaisyExamples/libDaisy/build/libdaisy.a(stm32h7xx_hal_qspi.o)
                0x0000000008009644                HAL_QSPI_Init
 .text.HAL_QSPI_DeInit
                0x000000000800971c       0x3c ../DaisyExamples/libDaisy/build/libdaisy.a(stm32h7xx_hal_qspi.o)
                0x000000000800971c                HAL_QSPI_DeInit
 .text.HAL_QSPI_Command
                0x0000000008009758       0xd4 ../DaisyExamples/libDaisy/build/libdaisy.a(stm32h7xx_hal_qspi.o)
                0x0000000008009758                HAL_QSPI_Command
 .text.HAL_QSPI_Transmit
                0x000000000800982c       0xfc ../DaisyExamples/libDaisy/build/libdaisy.a(stm32h7xx_hal_qspi.o)
                0x000000000800982c                HAL_QSPI_Transmit
 .text.HAL_QSPI_Receive
                0x0000000008009928      0x108 ../DaisyExamples/libDaisy/build/libdaisy.a(stm32h7xx_hal_qspi.o)
                0x0000000008009928                HAL_QSPI_Receive
 .text.HAL_QSPI_AutoPolling
                0x0000000008009a30       0xf0 ../DaisyExamples/libDaisy/build/libdaisy.a(stm32h7xx_hal_qspi.o)
                0x0000000008009a30                HAL_QSPI_AutoPolling
 .text.HAL_QSPI_MemoryMapped
                0x0000000008009b20       0xc0 ../DaisyExamples/libDaisy/build/libdaisy.a(stm32h7xx_hal_qspi.o)
                0x0000000008009b20                HAL_QSPI_MemoryMapped
 .text.HAL_QSPI_ErrorCallback
                0x0000000008009be0        0x4 ../DaisyExamples/libDaisy/build/libdaisy.a(stm32h7xx_hal_qspi.o)
                0x0000000008009be0                HAL_QSPI_ErrorCallback
 .text.QSPI_DMAAbortCplt
                0x0000000008009be4       0x38 ../DaisyExamples/libDaisy/build/libdaisy.a(stm32h7xx_hal_qspi.o)
 .text.HAL_QSPI_AbortCpltCallback
                0x0000000008009c1c        0x4 ../DaisyExamples/libDaisy/build/libdaisy.a(stm32h7xx_hal_qspi.o)
                0x0000000008009c1c                HAL_QSPI_AbortCpltCallback
 .text.HAL_QSPI_CmdCpltCallback
                0x0000000008009c20        0x4 ../DaisyExamples/libDaisy/build/libdaisy.a(stm32h7xx_hal_qspi.o)
                0x0000000008009c20                HAL_QSPI_CmdCpltCallback
 .text.HAL_QSPI_RxCpltCallback
                0x0000000008009c24        0x4 ../DaisyExamples/libDaisy/build/libdaisy.a(stm32h7xx_hal_qspi.o)
                0x0000000008009c24                HAL_QSPI_RxCpltCallback
 .text.HAL_QSPI_TxCpltCallback
                0x0000000008009c28        0x4 ../DaisyExamples/libDaisy/build/libdaisy.a(stm32h7xx_hal_qspi.o)
                0x0000000008009c28                HAL_QSPI_TxCpltCallback
 .text.HAL_QSPI_FifoThresholdCallback
                0x0000000008009c2c        0x4 ../DaisyExamples/libDaisy/build/libdaisy.a(stm32h7xx_hal_qspi.o)
                0x0000000008009c2c                HAL_QSPI_FifoThresholdCallback
 .text.HAL_QSPI_StatusMatchCallback
                0x0000000008009c30        0x4 ../DaisyExamples/libDaisy/build/libdaisy.a(stm32h7xx_hal_qspi.o)
                0x0000000008009c30                HAL_QSPI_StatusMatchCallback
 .text.HAL_QSPI_TimeOutCallback
                0x0000000008009c34        0x4 ../DaisyExamples/libDaisy/build/libdaisy.a(stm32h7xx_hal_qspi.o)
                0x0000000008009c34                HAL_QSPI_TimeOutCallback
 .text.HAL_QSPI_IRQHandler
                0x0000000008009c38      0x210 ../DaisyExamples/libDaisy/build/libdaisy.a(stm32h7xx_hal_qspi.o)
                0x0000000008009c38                HAL_QSPI_IRQHandler
 .text.HAL_RCC_OscConfig
                0x0000000008009e48      0x51c ../DaisyExamples/libDaisy/build/libdaisy.a(stm32h7xx_hal_rcc.o)
                0x0000000008009e48                HAL_RCC_OscConfig
 .text.HAL_RCC_GetSysClockFreq
                0x000000000800a364      0x140 ../DaisyExamples/libDaisy/build/libdaisy.a(stm32h7xx_hal_rcc.o)
                0x000000000800a364                HAL_RCC_GetSysClockFreq
 .text.HAL_RCC_ClockConfig
                0x000000000800a4a4      0x234 ../DaisyExamples/libDaisy/build/libdaisy.a(stm32h7xx_hal_rcc.o)
                0x000000000800a4a4                HAL_RCC_ClockConfig
 .text.HAL_RCC_GetHCLKFreq
                0x000000000800a6d8       0x2c ../DaisyExamples/libDaisy/build/libdaisy.a(stm32h7xx_hal_rcc.o)
                0x000000000800a6d8                HAL_RCC_GetHCLKFreq
 .text.HAL_RCC_GetPCLK1Freq
                0x000000000800a704       0x38 ../DaisyExamples/libDaisy/build/libdaisy.a(stm32h7xx_hal_rcc.o)
                0x000000000800a704                HAL_RCC_GetPCLK1Freq
 .text.HAL_RCC_GetPCLK2Freq
                0x000000000800a73c       0x38 ../DaisyExamples/libDaisy/build/libdaisy.a(stm32h7xx_hal_rcc.o)
                0x000000000800a73c                HAL_RCC_GetPCLK2Freq
 .text.RCCEx_PLL2_Config
                0x000000000800a774       0xf4 ../DaisyExamples/libDaisy/build/libdaisy.a(stm32h7xx_hal_rcc_ex.o)
 .text.RCCEx_PLL3_Config
                0x000000000800a868       0xf4 ../DaisyExamples/libDaisy/build/libdaisy.a(stm32h7xx_hal_rcc_ex.o)
 .text.HAL_RCCEx_PeriphCLKConfig
                0x000000000800a95c      0xa7c ../DaisyExamples/libDaisy/build/libdaisy.a(stm32h7xx_hal_rcc_ex.o)
                0x000000000800a95c                HAL_RCCEx_PeriphCLKConfig
 .text.HAL_RCCEx_GetD3PCLK1Freq
                0x000000000800b3d8       0x24 ../DaisyExamples/libDaisy/build/libdaisy.a(stm32h7xx_hal_rcc_ex.o)
                0x000000000800b3d8                HAL_RCCEx_GetD3PCLK1Freq
 .text.HAL_RCCEx_GetPLL2ClockFreq
                0x000000000800b3fc      0x17c ../DaisyExamples/libDaisy/build/libdaisy.a(stm32h7xx_hal_rcc_ex.o)
                0x000000000800b3fc                HAL_RCCEx_GetPLL2ClockFreq
 .text.HAL_RCCEx_GetPLL3ClockFreq
                0x000000000800b578      0x17c ../DaisyExamples/libDaisy/build/libdaisy.a(stm32h7xx_hal_rcc_ex.o)
                0x000000000800b578                HAL_RCCEx_GetPLL3ClockFreq
 .text.HAL_RCCEx_GetPLL1ClockFreq
                0x000000000800b6f4      0x17c ../DaisyExamples/libDaisy/build/libdaisy.a(stm32h7xx_hal_rcc_ex.o)
                0x000000000800b6f4                HAL_RCCEx_GetPLL1ClockFreq
 .text.HAL_RCCEx_GetPeriphCLKFreq
                0x000000000800b870      0x198 ../DaisyExamples/libDaisy/build/libdaisy.a(stm32h7xx_hal_rcc_ex.o)
                0x000000000800b870                HAL_RCCEx_GetPeriphCLKFreq
 .text.HAL_RCCEx_GetD1SysClockFreq
                0x000000000800ba08       0x2c ../DaisyExamples/libDaisy/build/libdaisy.a(stm32h7xx_hal_rcc_ex.o)
                0x000000000800ba08                HAL_RCCEx_GetD1SysClockFreq
 .text.HAL_SAI_Init.part.0
                0x000000000800ba34      0x348 ../DaisyExamples/libDaisy/build/libdaisy.a(stm32h7xx_hal_sai.o)
 .text.HAL_SAI_InitProtocol
                0x000000000800bd7c      0x178 ../DaisyExamples/libDaisy/build/libdaisy.a(stm32h7xx_hal_sai.o)
                0x000000000800bd7c                HAL_SAI_InitProtocol
 .text.HAL_SAI_Transmit_DMA
                0x000000000800bef4      0x124 ../DaisyExamples/libDaisy/build/libdaisy.a(stm32h7xx_hal_sai.o)
                0x000000000800bef4                HAL_SAI_Transmit_DMA
 .text.HAL_SAI_Receive_DMA
                0x000000000800c018       0xd0 ../DaisyExamples/libDaisy/build/libdaisy.a(stm32h7xx_hal_sai.o)
                0x000000000800c018                HAL_SAI_Receive_DMA
 .text.HAL_SAI_TxCpltCallback
                0x000000000800c0e8        0x4 ../DaisyExamples/libDaisy/build/libdaisy.a(stm32h7xx_hal_sai.o)
                0x000000000800c0e8                HAL_SAI_TxCpltCallback
 .text.SAI_DMATxCplt
                0x000000000800c0ec       0x64 ../DaisyExamples/libDaisy/build/libdaisy.a(stm32h7xx_hal_sai.o)
 .text.HAL_SAI_TxHalfCpltCallback
                0x000000000800c150        0x4 ../DaisyExamples/libDaisy/build/libdaisy.a(stm32h7xx_hal_sai.o)
                0x000000000800c150                HAL_SAI_TxHalfCpltCallback
 .text.SAI_DMATxHalfCplt
                0x000000000800c154        0xc ../DaisyExamples/libDaisy/build/libdaisy.a(stm32h7xx_hal_sai.o)
 .text.SAI_DMARxCplt
                0x000000000800c160       0x64 ../DaisyExamples/libDaisy/build/libdaisy.a(stm32h7xx_hal_sai.o)
 .text.SAI_DMARxHalfCplt
                0x000000000800c1c4        0xc ../DaisyExamples/libDaisy/build/libdaisy.a(stm32h7xx_hal_sai.o)
 .text.HAL_SAI_ErrorCallback
                0x000000000800c1d0        0x4 ../DaisyExamples/libDaisy/build/libdaisy.a(stm32h7xx_hal_sai.o)
                0x000000000800c1d0                HAL_SAI_ErrorCallback
 .text.SAI_DMAError
                0x000000000800c1d4       0x6c ../DaisyExamples/libDaisy/build/libdaisy.a(stm32h7xx_hal_sai.o)
 .text.HAL_SDRAM_Init
                0x000000000800c240       0x54 ../DaisyExamples/libDaisy/build/libdaisy.a(stm32h7xx_hal_sdram.o)
                0x000000000800c240                HAL_SDRAM_Init
 .text.HAL_SDRAM_SendCommand
                0x000000000800c294       0x40 ../DaisyExamples/libDaisy/build/libdaisy.a(stm32h7xx_hal_sdram.o)
                0x000000000800c294                HAL_SDRAM_SendCommand
 .text.HAL_SDRAM_ProgramRefreshRate
                0x000000000800c2d4       0x30 ../DaisyExamples/libDaisy/build/libdaisy.a(stm32h7xx_hal_sdram.o)
                0x000000000800c2d4                HAL_SDRAM_ProgramRefreshRate
 .text.HAL_UART_Transmit_DMA
                0x000000000800c304       0xa4 ../DaisyExamples/libDaisy/build/libdaisy.a(stm32h7xx_hal_uart.o)
                0x000000000800c304                HAL_UART_Transmit_DMA
 .text.HAL_UART_Receive_DMA
                0x000000000800c3a8       0xac ../DaisyExamples/libDaisy/build/libdaisy.a(stm32h7xx_hal_uart.o)
                0x000000000800c3a8                HAL_UART_Receive_DMA
 .text.UART_DMATransmitCplt
                0x000000000800c454       0x2c ../DaisyExamples/libDaisy/build/libdaisy.a(stm32h7xx_hal_uart.o)
 .text.HAL_UART_TxHalfCpltCallback
                0x000000000800c480        0x4 ../DaisyExamples/libDaisy/build/libdaisy.a(stm32h7xx_hal_uart.o)
                0x000000000800c480                HAL_UART_TxHalfCpltCallback
 .text.UART_DMATxHalfCplt
                0x000000000800c484        0xc ../DaisyExamples/libDaisy/build/libdaisy.a(stm32h7xx_hal_uart.o)
 .text.UART_DMAReceiveCplt
                0x000000000800c490       0x38 ../DaisyExamples/libDaisy/build/libdaisy.a(stm32h7xx_hal_uart.o)
 .text.UART_DMARxHalfCplt
                0x000000000800c4c8        0xc ../DaisyExamples/libDaisy/build/libdaisy.a(stm32h7xx_hal_uart.o)
 .text.UART_DMAError
                0x000000000800c4d4       0x78 ../DaisyExamples/libDaisy/build/libdaisy.a(stm32h7xx_hal_uart.o)
 .text.HAL_UART_IRQHandler
                0x000000000800c54c      0x1d0 ../DaisyExamples/libDaisy/build/libdaisy.a(stm32h7xx_hal_uart.o)
                0x000000000800c54c                HAL_UART_IRQHandler
 .text.UART_DMAAbortOnError
                0x000000000800c71c       0x14 ../DaisyExamples/libDaisy/build/libdaisy.a(stm32h7xx_hal_uart.o)
 .text.HAL_UART_GetState
                0x000000000800c730        0xc ../DaisyExamples/libDaisy/build/libdaisy.a(stm32h7xx_hal_uart.o)
                0x000000000800c730                HAL_UART_GetState
 .text.UART_SetConfig
                0x000000000800c73c     0x14b8 ../DaisyExamples/libDaisy/build/libdaisy.a(stm32h7xx_hal_uart.o)
                0x000000000800c73c                UART_SetConfig
 .text.UART_AdvFeatureConfig
                0x000000000800dbf4       0xb0 ../DaisyExamples/libDaisy/build/libdaisy.a(stm32h7xx_hal_uart.o)
                0x000000000800dbf4                UART_AdvFeatureConfig
 .text.UART_CheckIdleState
                0x000000000800dca4       0x84 ../DaisyExamples/libDaisy/build/libdaisy.a(stm32h7xx_hal_uart.o)
                0x000000000800dca4                UART_CheckIdleState
 .text.HAL_UART_Init
                0x000000000800dd28       0x68 ../DaisyExamples/libDaisy/build/libdaisy.a(stm32h7xx_hal_uart.o)
                0x000000000800dd28                HAL_UART_Init
 .text.HAL_UARTEx_WakeupCallback
                0x000000000800dd90        0x4 ../DaisyExamples/libDaisy/build/libdaisy.a(stm32h7xx_hal_uart_ex.o)
                0x000000000800dd90                HAL_UARTEx_WakeupCallback
 .text.HAL_UARTEx_RxFifoFullCallback
                0x000000000800dd94        0x4 ../DaisyExamples/libDaisy/build/libdaisy.a(stm32h7xx_hal_uart_ex.o)
                0x000000000800dd94                HAL_UARTEx_RxFifoFullCallback
 .text.HAL_UARTEx_TxFifoEmptyCallback
                0x000000000800dd98        0x4 ../DaisyExamples/libDaisy/build/libdaisy.a(stm32h7xx_hal_uart_ex.o)
                0x000000000800dd98                HAL_UARTEx_TxFifoEmptyCallback
 .text.HAL_UARTEx_DisableFifoMode
                0x000000000800dd9c       0x3c ../DaisyExamples/libDaisy/build/libdaisy.a(stm32h7xx_hal_uart_ex.o)
                0x000000000800dd9c                HAL_UARTEx_DisableFifoMode
 .text.HAL_UARTEx_SetTxFifoThreshold
                0x000000000800ddd8       0xa4 ../DaisyExamples/libDaisy/build/libdaisy.a(stm32h7xx_hal_uart_ex.o)
                0x000000000800ddd8                HAL_UARTEx_SetTxFifoThreshold
 .text.HAL_UARTEx_SetRxFifoThreshold
                0x000000000800de7c       0xa4 ../DaisyExamples/libDaisy/build/libdaisy.a(stm32h7xx_hal_uart_ex.o)
                0x000000000800de7c                HAL_UARTEx_SetRxFifoThreshold
 .text.FMC_SDRAM_Init
                0x000000000800df20       0x7c ../DaisyExamples/libDaisy/build/libdaisy.a(stm32h7xx_ll_fmc.o)
                0x000000000800df20                FMC_SDRAM_Init
 .text.FMC_SDRAM_Timing_Init
                0x000000000800df9c       0x98 ../DaisyExamples/libDaisy/build/libdaisy.a(stm32h7xx_ll_fmc.o)
                0x000000000800df9c                FMC_SDRAM_Timing_Init
 .text.FMC_SDRAM_SendCommand
                0x000000000800e034       0x28 ../DaisyExamples/libDaisy/build/libdaisy.a(stm32h7xx_ll_fmc.o)
                0x000000000800e034                FMC_SDRAM_SendCommand
 .text.FMC_SDRAM_ProgramRefreshRate
                0x000000000800e05c       0x1c ../DaisyExamples/libDaisy/build/libdaisy.a(stm32h7xx_ll_fmc.o)
                0x000000000800e05c                FMC_SDRAM_ProgramRefreshRate
 .text.USB_SetTurnaroundTime
                0x000000000800e078      0x104 ../DaisyExamples/libDaisy/build/libdaisy.a(stm32h7xx_ll_usb.o)
                0x000000000800e078                USB_SetTurnaroundTime
 .text.USB_FlushTxFifo
                0x000000000800e17c       0x34 ../DaisyExamples/libDaisy/build/libdaisy.a(stm32h7xx_ll_usb.o)
                0x000000000800e17c                USB_FlushTxFifo
 .text.USB_GetDevSpeed
                0x000000000800e1b0       0x24 ../DaisyExamples/libDaisy/build/libdaisy.a(stm32h7xx_ll_usb.o)
                0x000000000800e1b0                USB_GetDevSpeed
 .text.USB_ActivateEndpoint
                0x000000000800e1d4       0x90 ../DaisyExamples/libDaisy/build/libdaisy.a(stm32h7xx_ll_usb.o)
                0x000000000800e1d4                USB_ActivateEndpoint
 .text.USB_EPStartXfer
                0x000000000800e264      0x230 ../DaisyExamples/libDaisy/build/libdaisy.a(stm32h7xx_ll_usb.o)
                0x000000000800e264                USB_EPStartXfer
 .text.USB_EP0StartXfer
                0x000000000800e494      0x174 ../DaisyExamples/libDaisy/build/libdaisy.a(stm32h7xx_ll_usb.o)
                0x000000000800e494                USB_EP0StartXfer
 .text.USB_WritePacket
                0x000000000800e608       0x2c ../DaisyExamples/libDaisy/build/libdaisy.a(stm32h7xx_ll_usb.o)
                0x000000000800e608                USB_WritePacket
 .text.USB_ReadPacket
                0x000000000800e634       0x20 ../DaisyExamples/libDaisy/build/libdaisy.a(stm32h7xx_ll_usb.o)
                0x000000000800e634                USB_ReadPacket
 .text.USB_EPSetStall
                0x000000000800e654       0x68 ../DaisyExamples/libDaisy/build/libdaisy.a(stm32h7xx_ll_usb.o)
                0x000000000800e654                USB_EPSetStall
 .text.USB_EPClearStall
                0x000000000800e6bc       0x58 ../DaisyExamples/libDaisy/build/libdaisy.a(stm32h7xx_ll_usb.o)
                0x000000000800e6bc                USB_EPClearStall
 .text.USB_SetDevAddress
                0x000000000800e714       0x24 ../DaisyExamples/libDaisy/build/libdaisy.a(stm32h7xx_ll_usb.o)
                0x000000000800e714                USB_SetDevAddress
 .text.USB_ReadInterrupts
                0x000000000800e738       0x14 ../DaisyExamples/libDaisy/build/libdaisy.a(stm32h7xx_ll_usb.o)
                0x000000000800e738                USB_ReadInterrupts
 .text.USB_ReadDevAllOutEpInterrupt
                0x000000000800e74c       0x1c ../DaisyExamples/libDaisy/build/libdaisy.a(stm32h7xx_ll_usb.o)
                0x000000000800e74c                USB_ReadDevAllOutEpInterrupt
 .text.USB_ReadDevAllInEpInterrupt
                0x000000000800e768       0x1c ../DaisyExamples/libDaisy/build/libdaisy.a(stm32h7xx_ll_usb.o)
                0x000000000800e768                USB_ReadDevAllInEpInterrupt
 .text.USB_ReadDevOutEPInterrupt
                0x000000000800e784       0x1c ../DaisyExamples/libDaisy/build/libdaisy.a(stm32h7xx_ll_usb.o)
                0x000000000800e784                USB_ReadDevOutEPInterrupt
 .text.USB_ReadDevInEPInterrupt
                0x000000000800e7a0       0x38 ../DaisyExamples/libDaisy/build/libdaisy.a(stm32h7xx_ll_usb.o)
                0x000000000800e7a0                USB_ReadDevInEPInterrupt
 .text.USB_GetMode
                0x000000000800e7d8        0x8 ../DaisyExamples/libDaisy/build/libdaisy.a(stm32h7xx_ll_usb.o)
                0x000000000800e7d8                USB_GetMode
 .text.USB_ActivateSetup
                0x000000000800e7e0       0x38 ../DaisyExamples/libDaisy/build/libdaisy.a(stm32h7xx_ll_usb.o)
                0x000000000800e7e0                USB_ActivateSetup
 .text.USB_EP0_OutStart
                0x000000000800e818       0x58 ../DaisyExamples/libDaisy/build/libdaisy.a(stm32h7xx_ll_usb.o)
                0x000000000800e818                USB_EP0_OutStart
 .text.USB_InitFSLSPClkSel
                0x000000000800e870       0x44 ../DaisyExamples/libDaisy/build/libdaisy.a(stm32h7xx_ll_usb.o)
                0x000000000800e870                USB_InitFSLSPClkSel
 .text.USB_HC_ReadInterrupt
                0x000000000800e8b4        0x8 ../DaisyExamples/libDaisy/build/libdaisy.a(stm32h7xx_ll_usb.o)
                0x000000000800e8b4                USB_HC_ReadInterrupt
 .text.USB_HC_Halt
                0x000000000800e8bc       0xc0 ../DaisyExamples/libDaisy/build/libdaisy.a(stm32h7xx_ll_usb.o)
                0x000000000800e8bc                USB_HC_Halt
 .text.USB_StopHost
                0x000000000800e97c      0x2ec ../DaisyExamples/libDaisy/build/libdaisy.a(stm32h7xx_ll_usb.o)
                0x000000000800e97c                USB_StopHost
 .text.USBD_SetClassConfig
                0x000000000800ec68       0x14 ../DaisyExamples/libDaisy/build/libdaisy.a(usbd_core.o)
                0x000000000800ec68                USBD_SetClassConfig
 .text.USBD_ClrClassConfig
                0x000000000800ec7c       0x10 ../DaisyExamples/libDaisy/build/libdaisy.a(usbd_core.o)
                0x000000000800ec7c                USBD_ClrClassConfig
 .text.USBD_LL_SetupStage
                0x000000000800ec8c       0x5c ../DaisyExamples/libDaisy/build/libdaisy.a(usbd_core.o)
                0x000000000800ec8c                USBD_LL_SetupStage
 .text.USBD_LL_DataOutStage
                0x000000000800ece8       0x7c ../DaisyExamples/libDaisy/build/libdaisy.a(usbd_core.o)
                0x000000000800ece8                USBD_LL_DataOutStage
 .text.USBD_LL_DataInStage
                0x000000000800ed64       0xcc ../DaisyExamples/libDaisy/build/libdaisy.a(usbd_core.o)
                0x000000000800ed64                USBD_LL_DataInStage
 .text.USBD_LL_Reset
                0x000000000800ee30       0x50 ../DaisyExamples/libDaisy/build/libdaisy.a(usbd_core.o)
                0x000000000800ee30                USBD_LL_Reset
 .text.USBD_LL_SetSpeed
                0x000000000800ee80        0x8 ../DaisyExamples/libDaisy/build/libdaisy.a(usbd_core.o)
                0x000000000800ee80                USBD_LL_SetSpeed
 .text.USBD_LL_Suspend
                0x000000000800ee88       0x14 ../DaisyExamples/libDaisy/build/libdaisy.a(usbd_core.o)
                0x000000000800ee88                USBD_LL_Suspend
 .text.USBD_LL_Resume
                0x000000000800ee9c       0x10 ../DaisyExamples/libDaisy/build/libdaisy.a(usbd_core.o)
                0x000000000800ee9c                USBD_LL_Resume
 .text.USBD_LL_SOF
                0x000000000800eeac       0x1c ../DaisyExamples/libDaisy/build/libdaisy.a(usbd_core.o)
                0x000000000800eeac                USBD_LL_SOF
 .text.USBD_LL_IsoINIncomplete
                0x000000000800eec8        0x4 ../DaisyExamples/libDaisy/build/libdaisy.a(usbd_core.o)
                0x000000000800eec8                USBD_LL_IsoINIncomplete
 .text.USBD_LL_IsoOUTIncomplete
                0x000000000800eecc        0x4 ../DaisyExamples/libDaisy/build/libdaisy.a(usbd_core.o)
                0x000000000800eecc                USBD_LL_IsoOUTIncomplete
 .text.USBD_LL_DevConnected
                0x000000000800eed0        0x4 ../DaisyExamples/libDaisy/build/libdaisy.a(usbd_core.o)
                0x000000000800eed0                USBD_LL_DevConnected
 .text.USBD_LL_DevDisconnected
                0x000000000800eed4       0x18 ../DaisyExamples/libDaisy/build/libdaisy.a(usbd_core.o)
                0x000000000800eed4                USBD_LL_DevDisconnected
 .text.USBD_StdDevReq
                0x000000000800eeec      0x304 ../DaisyExamples/libDaisy/build/libdaisy.a(usbd_ctlreq.o)
                0x000000000800eeec                USBD_StdDevReq
 .text.USBD_StdItfReq
                0x000000000800f1f0       0x68 ../DaisyExamples/libDaisy/build/libdaisy.a(usbd_ctlreq.o)
                0x000000000800f1f0                USBD_StdItfReq
 .text.USBD_StdEPReq
                0x000000000800f258      0x13c ../DaisyExamples/libDaisy/build/libdaisy.a(usbd_ctlreq.o)
                0x000000000800f258                USBD_StdEPReq
 .text.USBD_ParseSetupRequest
                0x000000000800f394       0x28 ../DaisyExamples/libDaisy/build/libdaisy.a(usbd_ctlreq.o)
                0x000000000800f394                USBD_ParseSetupRequest
 .text.USBD_CtlSendData
                0x000000000800f3bc       0x1c ../DaisyExamples/libDaisy/build/libdaisy.a(usbd_ioreq.o)
                0x000000000800f3bc                USBD_CtlSendData
 .text.USBD_CtlContinueSendData
                0x000000000800f3d8       0x14 ../DaisyExamples/libDaisy/build/libdaisy.a(usbd_ioreq.o)
                0x000000000800f3d8                USBD_CtlContinueSendData
 .text.USBD_CtlContinueRx
                0x000000000800f3ec       0x14 ../DaisyExamples/libDaisy/build/libdaisy.a(usbd_ioreq.o)
                0x000000000800f3ec                USBD_CtlContinueRx
 .text.USBD_CtlSendStatus
                0x000000000800f400       0x18 ../DaisyExamples/libDaisy/build/libdaisy.a(usbd_ioreq.o)
                0x000000000800f400                USBD_CtlSendStatus
 .text.USBD_CtlReceiveStatus
                0x000000000800f418       0x18 ../DaisyExamples/libDaisy/build/libdaisy.a(usbd_ioreq.o)
                0x000000000800f418                USBD_CtlReceiveStatus
 .text.USBH_LL_IncTimer
                0x000000000800f430       0x20 ../DaisyExamples/libDaisy/build/libdaisy.a(usbh_core.o)
                0x000000000800f430                USBH_LL_IncTimer
 .text.USBH_LL_PortEnabled
                0x000000000800f450        0x8 ../DaisyExamples/libDaisy/build/libdaisy.a(usbh_core.o)
                0x000000000800f450                USBH_LL_PortEnabled
 .text.USBH_LL_PortDisabled
                0x000000000800f458        0x8 ../DaisyExamples/libDaisy/build/libdaisy.a(usbh_core.o)
                0x000000000800f458                USBH_LL_PortDisabled
 .text.USBH_LL_Connect
                0x000000000800f460       0x18 ../DaisyExamples/libDaisy/build/libdaisy.a(usbh_core.o)
                0x000000000800f460                USBH_LL_Connect
 .text.USBH_LL_Disconnect
                0x000000000800f478       0x2c ../DaisyExamples/libDaisy/build/libdaisy.a(usbh_core.o)
                0x000000000800f478                USBH_LL_Disconnect
 .text.USBH_FreePipe
                0x000000000800f4a4       0x18 ../DaisyExamples/libDaisy/build/libdaisy.a(usbh_pipes.o)
                0x000000000800f4a4                USBH_FreePipe
 .text._ZN5daisy3Led4InitE12dsy_gpio_pinbf
                0x000000000800f4bc       0x48 ../DaisyExamples/libDaisy/build/libdaisy.a(led.o)
                0x000000000800f4bc                daisy::Led::Init(dsy_gpio_pin, bool, float)
 .text._ZN5daisy3Led3SetEf
                0x000000000800f504       0x24 ../DaisyExamples/libDaisy/build/libdaisy.a(led.o)
                0x000000000800f504                daisy::Led::Set(float)
 .text._ZN5daisy3Led6UpdateEv
                0x000000000800f528       0x48 ../DaisyExamples/libDaisy/build/libdaisy.a(led.o)
                0x000000000800f528                daisy::Led::Update()
 .text._ZN5daisy6Random4InitEv
                0x000000000800f570       0x3c ../DaisyExamples/libDaisy/build/libdaisy.a(rng.o)
                0x000000000800f570                daisy::Random::Init()
 .text._ZN5daisy9SpiHandle4Impl7InitDmaEv
                0x000000000800f5ac       0xec ../DaisyExamples/libDaisy/build/libdaisy.a(spi.o)
                0x000000000800f5ac                daisy::SpiHandle::Impl::InitDma()
 .text._ZN5daisy9SpiHandle4Impl10StartDmaTxEPhjPFvPvEPFvS3_NS0_6ResultEES3_
                0x000000000800f698       0xc8 ../DaisyExamples/libDaisy/build/libdaisy.a(spi.o)
                0x000000000800f698                daisy::SpiHandle::Impl::StartDmaTx(unsigned char*, unsigned int, void (*)(void*), void (*)(void*, daisy::SpiHandle::Result), void*)
 .text._ZN5daisy9SpiHandle4Impl10StartDmaRxEPhjPFvPvEPFvS3_NS0_6ResultEES3_
                0x000000000800f760       0xc8 ../DaisyExamples/libDaisy/build/libdaisy.a(spi.o)
                0x000000000800f760                daisy::SpiHandle::Impl::StartDmaRx(unsigned char*, unsigned int, void (*)(void*), void (*)(void*, daisy::SpiHandle::Result), void*)
 .text._ZN5daisy9SpiHandle4Impl12StartDmaRxTxEPhS2_jPFvPvEPFvS3_NS0_6ResultEES3_
                0x000000000800f828       0xcc ../DaisyExamples/libDaisy/build/libdaisy.a(spi.o)
                0x000000000800f828                daisy::SpiHandle::Impl::StartDmaRxTx(unsigned char*, unsigned char*, unsigned int, void (*)(void*), void (*)(void*, daisy::SpiHandle::Result), void*)
 .text._ZN5daisy9SpiHandle4Impl8InitPinsEv
                0x000000000800f8f4      0x274 ../DaisyExamples/libDaisy/build/libdaisy.a(spi.o)
                0x000000000800f8f4                daisy::SpiHandle::Impl::InitPins()
 .text.HAL_SPI_MspInit
                0x000000000800fb68      0x1a8 ../DaisyExamples/libDaisy/build/libdaisy.a(spi.o)
                0x000000000800fb68                HAL_SPI_MspInit
 .text.dsy_spi_global_init
                0x000000000800fd10       0x80 ../DaisyExamples/libDaisy/build/libdaisy.a(spi.o)
                0x000000000800fd10                dsy_spi_global_init
 .text.SPI1_IRQHandler
                0x000000000800fd90        0xc ../DaisyExamples/libDaisy/build/libdaisy.a(spi.o)
                0x000000000800fd90                SPI1_IRQHandler
 .text.SPI2_IRQHandler
                0x000000000800fd9c        0xc ../DaisyExamples/libDaisy/build/libdaisy.a(spi.o)
                0x000000000800fd9c                SPI2_IRQHandler
 .text.SPI3_IRQHandler
                0x000000000800fda8        0xc ../DaisyExamples/libDaisy/build/libdaisy.a(spi.o)
                0x000000000800fda8                SPI3_IRQHandler
 .text.SPI4_IRQHandler
                0x000000000800fdb4        0xc ../DaisyExamples/libDaisy/build/libdaisy.a(spi.o)
                0x000000000800fdb4                SPI4_IRQHandler
 .text.SPI5_IRQHandler
                0x000000000800fdc0        0xc ../DaisyExamples/libDaisy/build/libdaisy.a(spi.o)
                0x000000000800fdc0                SPI5_IRQHandler
 .text.DMA2_Stream2_IRQHandler
                0x000000000800fdcc       0x34 ../DaisyExamples/libDaisy/build/libdaisy.a(spi.o)
                0x000000000800fdcc                DMA2_Stream2_IRQHandler
 .text.DMA2_Stream3_IRQHandler
                0x000000000800fe00       0x38 ../DaisyExamples/libDaisy/build/libdaisy.a(spi.o)
                0x000000000800fe00                DMA2_Stream3_IRQHandler
 .text.HAL_SPI_TxCpltCallback
                0x000000000800fe38       0xc4 ../DaisyExamples/libDaisy/build/libdaisy.a(spi.o)
                0x000000000800fe38                HAL_SPI_TxCpltCallback
 .text.HAL_SPI_RxCpltCallback
                0x000000000800fefc       0xc4 ../DaisyExamples/libDaisy/build/libdaisy.a(spi.o)
                0x000000000800fefc                HAL_SPI_RxCpltCallback
 .text.HAL_SPI_TxRxCpltCallback
                0x000000000800ffc0       0xc4 ../DaisyExamples/libDaisy/build/libdaisy.a(spi.o)
                0x000000000800ffc0                HAL_SPI_TxRxCpltCallback
 .text.HAL_SPI_ErrorCallback
                0x0000000008010084       0xc8 ../DaisyExamples/libDaisy/build/libdaisy.a(spi.o)
                0x0000000008010084                HAL_SPI_ErrorCallback
 .text.startup._GLOBAL__sub_I__Z19MapInstanceToHandleP11SPI_TypeDef
                0x000000000801014c      0x1b0 ../DaisyExamples/libDaisy/build/libdaisy.a(spi.o)
 .text.HAL_TIM_Base_MspInit
                0x00000000080102fc      0x1e0 ../DaisyExamples/libDaisy/build/libdaisy.a(tim.o)
                0x00000000080102fc                HAL_TIM_Base_MspInit
 .text.HAL_TIM_PeriodElapsedCallback
                0x00000000080104dc       0x44 ../DaisyExamples/libDaisy/build/libdaisy.a(tim.o)
                0x00000000080104dc                HAL_TIM_PeriodElapsedCallback
 .text.TIM2_IRQHandler
                0x0000000008010520        0xc ../DaisyExamples/libDaisy/build/libdaisy.a(tim.o)
                0x0000000008010520                TIM2_IRQHandler
 .text.TIM3_IRQHandler
                0x000000000801052c        0xc ../DaisyExamples/libDaisy/build/libdaisy.a(tim.o)
                0x000000000801052c                TIM3_IRQHandler
 .text.TIM4_IRQHandler
                0x0000000008010538        0xc ../DaisyExamples/libDaisy/build/libdaisy.a(tim.o)
                0x0000000008010538                TIM4_IRQHandler
 .text.TIM5_IRQHandler
                0x0000000008010544        0xc ../DaisyExamples/libDaisy/build/libdaisy.a(tim.o)
                0x0000000008010544                TIM5_IRQHandler
 .text._ZN5daisy11TimerHandle4InitERKNS0_6ConfigE
                0x0000000008010550       0xd0 ../DaisyExamples/libDaisy/build/libdaisy.a(tim.o)
                0x0000000008010550                daisy::TimerHandle::Init(daisy::TimerHandle::Config const&)
 .text._ZN5daisy11TimerHandle5StartEv
                0x0000000008010620       0x24 ../DaisyExamples/libDaisy/build/libdaisy.a(tim.o)
                0x0000000008010620                daisy::TimerHandle::Start()
 .text.startup._GLOBAL__sub_I__ZN5daisy11TimerHandle4Impl4InitERKNS0_6ConfigE
                0x0000000008010644       0x38 ../DaisyExamples/libDaisy/build/libdaisy.a(tim.o)
 .text.HAL_MDMA_Abort_IT