Archive member included to satisfy reference by file (symbol)

../DaisyExamples/libDaisy/build/libdaisy.a(daisy_pod.o)
                              build/DaisyKeys.o (daisy::DaisyPod::StartAudio(void (*)(float const*, float*, unsigned int)))
../DaisyExamples/libDaisy/build/libdaisy.a(daisy_seed.o)
                              ../DaisyExamples/libDaisy/build/libdaisy.a(daisy_pod.o) (daisy::DaisySeed::Configure())
../DaisyExamples/libDaisy/build/libdaisy.a(codec_ak4556.o)
                              ../DaisyExamples/libDaisy/build/libdaisy.a(daisy_seed.o) (daisy::Ak4556::Init(dsy_gpio_pin))
../DaisyExamples/libDaisy/build/libdaisy.a(codec_wm8731.o)
                              ../DaisyExamples/libDaisy/build/libdaisy.a(daisy_seed.o) (daisy::Wm8731::Init(daisy::Wm8731::Config const&, daisy::I2CHandle))
../DaisyExamples/libDaisy/build/libdaisy.a(sdram.o)
                              ../DaisyExamples/libDaisy/build/libdaisy.a(daisy_seed.o) (SdramHandle::Init())
../DaisyExamples/libDaisy/build/libdaisy.a(audio.o)
                              ../DaisyExamples/libDaisy/build/libdaisy.a(daisy_seed.o) (daisy::AudioHandle::Init(daisy::AudioHandle::Config const&, daisy::SaiHandle))
../DaisyExamples/libDaisy/build/libdaisy.a(ctrl.o)
                              ../DaisyExamples/libDaisy/build/libdaisy.a(daisy_pod.o) (daisy::AnalogControl::Init(unsigned short*, float, bool, bool, float))
../DaisyExamples/libDaisy/build/libdaisy.a(encoder.o)
                              ../DaisyExamples/libDaisy/build/libdaisy.a(daisy_pod.o) (daisy::Encoder::Init(dsy_gpio_pin, dsy_gpio_pin, dsy_gpio_pin, float))
../DaisyExamples/libDaisy/build/libdaisy.a(midi.o)
                              build/DaisyKeys.o (daisy::MidiUartTransport::Config::Config())
../DaisyExamples/libDaisy/build/libdaisy.a(midi_parser.o)
                              ../DaisyExamples/libDaisy/build/libdaisy.a(daisy_pod.o) (daisy::MidiParser::Reset())
../DaisyExamples/libDaisy/build/libdaisy.a(rgb_led.o)
                              ../DaisyExamples/libDaisy/build/libdaisy.a(daisy_pod.o) (daisy::RgbLed::Init(dsy_gpio_pin, dsy_gpio_pin, dsy_gpio_pin, bool))
../DaisyExamples/libDaisy/build/libdaisy.a(switch.o)
                              ../DaisyExamples/libDaisy/build/libdaisy.a(daisy_pod.o) (daisy::Switch::Init(dsy_gpio_pin, float))
../DaisyExamples/libDaisy/build/libdaisy.a(adc.o)
                              ../DaisyExamples/libDaisy/build/libdaisy.a(daisy_pod.o) (daisy::AdcChannelConfig::InitSingle(dsy_gpio_pin, daisy::AdcChannelConfig::ConversionSpeed))
../DaisyExamples/libDaisy/build/libdaisy.a(gpio.o)
                              ../DaisyExamples/libDaisy/build/libdaisy.a(daisy_seed.o) (daisy::GPIO::Init(daisy::Pin, daisy::GPIO::Mode, daisy::GPIO::Pull, daisy::GPIO::Speed))
../DaisyExamples/libDaisy/build/libdaisy.a(i2c.o)
                              ../DaisyExamples/libDaisy/build/libdaisy.a(daisy_seed.o) (daisy::I2CHandle::Init(daisy::I2CHandle::Config const&))
../DaisyExamples/libDaisy/build/libdaisy.a(qspi.o)
                              ../DaisyExamples/libDaisy/build/libdaisy.a(daisy_seed.o) (daisy::QSPIHandle::Init(daisy::QSPIHandle::Config const&))
../DaisyExamples/libDaisy/build/libdaisy.a(sai.o)
                              ../DaisyExamples/libDaisy/build/libdaisy.a(daisy_seed.o) (daisy::SaiHandle::Init(daisy::SaiHandle::Config const&))
../DaisyExamples/libDaisy/build/libdaisy.a(uart.o)
                              ../DaisyExamples/libDaisy/build/libdaisy.a(daisy_pod.o) (daisy::UartHandler::Init(daisy::UartHandler::Config const&))
../DaisyExamples/libDaisy/build/libdaisy.a(dma.o)
                              ../DaisyExamples/libDaisy/build/libdaisy.a(uart.o) (dsy_dma_invalidate_cache_for_buffer)
../DaisyExamples/libDaisy/build/libdaisy.a(system.o)
                              ../DaisyExamples/libDaisy/build/libdaisy.a(daisy_seed.o) (daisy::System::DeInit())
../DaisyExamples/libDaisy/build/libdaisy.a(system_stm32h7xx.o)
                              build/startup_stm32h750xx.o (SystemInit)
../DaisyExamples/libDaisy/build/libdaisy.a(usbd_conf.o)
                              ../DaisyExamples/libDaisy/build/libdaisy.a(system.o) (hpcd_USB_OTG_HS)
../DaisyExamples/libDaisy/build/libdaisy.a(usbh_conf.o)
                              ../DaisyExamples/libDaisy/build/libdaisy.a(system.o) (hhcd_USB_OTG_HS)
../DaisyExamples/libDaisy/build/libdaisy.a(color.o)
                              ../DaisyExamples/libDaisy/build/libdaisy.a(daisy_pod.o) (daisy::Color::Init(daisy::Color::PresetColor))
../DaisyExamples/libDaisy/build/libdaisy.a(hal_map.o)
                              ../DaisyExamples/libDaisy/build/libdaisy.a(gpio.o) (dsy_hal_map_get_port)
../DaisyExamples/libDaisy/build/libdaisy.a(stm32h7xx_hal.o)
                              ../DaisyExamples/libDaisy/build/libdaisy.a(system.o) (HAL_Init)
../DaisyExamples/libDaisy/build/libdaisy.a(stm32h7xx_hal_adc.o)
[...]
Memory Configuration

Name             Origin             Length             Attributes
FLASH            0x0000000008000000 0x0000000000020000 xr
DTCMRAM          0x0000000020000000 0x0000000000020000 xrw
SRAM             0x0000000024000000 0x0000000000080000 xrw
RAM_D2           0x0000000030000000 0x0000000000048000 xrw
RAM_D3           0x0000000038000000 0x0000000000010000 xrw
BACKUP_SRAM      0x0000000038800000 0x0000000000001000 xrw
ITCMRAM          0x0000000000000000 0x0000000000010000 xrw
SDRAM            0x00000000c0000000 0x0000000004000000 xrw
QSPIFLASH        0x0000000090000000 0x0000000000800000 xr
*default*        0x0000000000000000 0xffffffffffffffff

Linker script and memory map

LOAD /Library/DaisyToolchain/0.2.0/arm/bin/../lib/gcc/arm-none-eabi/10.3.1/thumb/v7e-m+dp/hard/crti.o
LOAD /Library/DaisyToolchain/0.2.0/arm/bin/../lib/gcc/arm-none-eabi/10.3.1/thumb/v7e-m+dp/hard/crtbegin.o
LOAD /Library/DaisyToolchain/0.2.0/arm/bin/../lib/gcc/arm-none-eabi/10.3.1/../../../../arm-none-eabi/lib/thumb/v7e-m+dp/hard/crt0.o
LOAD build/startup_stm32h750xx.o
LOAD build/DaisyKeys.o
LOAD ../DaisyExamples/libDaisy/build/libdaisy.a
LOAD /Library/DaisyToolchain/0.2.0/arm/bin/../lib/gcc/arm-none-eabi/10.3.1/../../../../arm-none-eabi/lib/thumb/v7e-m+dp/hard/libnosys.a
LOAD ../DaisyExamples/DaisySP/build/libdaisysp.a
LOAD /Library/DaisyToolchain/0.2.0/arm/bin/../lib/gcc/arm-none-eabi/10.3.1/../../../../arm-none-eabi/lib/thumb/v7e-m+dp/hard/libstdc++_nano.a
LOAD /Library/DaisyToolchain/0.2.0/arm/bin/../lib/gcc/arm-none-eabi/10.3.1/../../../../arm-none-eabi/lib/thumb/v7e-m+dp/hard/libm.a
LOAD /Library/DaisyToolchain/0.2.0/arm/bin/../lib/gcc/arm-none-eabi/10.3.1/../../../../arm-none-eabi/lib/thumb/v7e-m+dp/hard/libc_nano.a
START GROUP
LOAD /Library/DaisyToolchain/0.2.0/arm/bin/../lib/gcc/arm-none-eabi/10.3.1/thumb/v7e-m+dp/hard/libgcc.a
LOAD /Library/DaisyToolchain/0.2.0/arm/bin/../lib/gcc/arm-none-eabi/10.3.1/../../../../arm-none-eabi/lib/thumb/v7e-m+dp/hard/libc_nano.a
END GROUP
START GROUP
LOAD /Library/DaisyToolchain/0.2.0/arm/bin/../lib/gcc/arm-none-eabi/10.3.1/thumb/v7e-m+dp/hard/libgcc.a
LOAD /Library/DaisyToolchain/0.2.0/arm/bin/../lib/gcc/arm-none-eabi/10.3.1/../../../../arm-none-eabi/lib/thumb/v7e-m+dp/hard/libc_nano.a
LOAD /Library/DaisyToolchain/0.2.0/arm/bin/../lib/gcc/arm-none-eabi/10.3.1/../../../../arm-none-eabi/lib/thumb/v7e-m+dp/hard/libnosys.a
END GROUP
START GROUP
LOAD /Library/DaisyToolchain/0.2.0/arm/bin/../lib/gcc/arm-none-eabi/10.3.1/thumb/v7e-m+dp/hard/libgcc.a
LOAD /Library/DaisyToolchain/0.2.0/arm/bin/../lib/gcc/arm-none-eabi/10.3.1/../../../../arm-none-eabi/lib/thumb/v7e-m+dp/hard/libc_nano.a
LOAD /Library/DaisyToolchain/0.2.0/arm/bin/../lib/gcc/arm-none-eabi/10.3.1/../../../../arm-none-eabi/lib/thumb/v7e-m+dp/hard/libnosys.a
END GROUP
LOAD /Library/DaisyToolchain/0.2.0/arm/bin/../lib/gcc/arm-none-eabi/10.3.1/thumb/v7e-m+dp/hard/crtend.o
LOAD /Library/DaisyToolchain/0.2.0/arm/bin/../lib/gcc/arm-none-eabi/10.3.1/thumb/v7e-m+dp/hard/crtn.o
                0x0000000020020000                _estack = 0x20020000

.isr_vector     0x0000000008000000      0x298
                0x0000000008000000                . = ALIGN (0x4)
 *(.isr_vector)
 .isr_vector    0x0000000008000000      0x298 build/startup_stm32h750xx.o
                0x0000000008000000                g_pfnVectors
                0x0000000008000298                . = ALIGN (0x4)

.text           0x0000000008000298    0x12048
                0x0000000008000298                . = ALIGN (0x4)
                0x0000000008000298                _stext = .
 *(.text)
 .text          0x0000000008000298       0x40 /Library/DaisyToolchain/0.2.0/arm/bin/../lib/gcc/arm-none-eabi/10.3.1/thumb/v7e-m+dp/hard/crtbegin.o
 .text          0x00000000080002d8      0x378 /Library/DaisyToolchain/0.2.0/arm/bin/../lib/gcc/arm-none-eabi/10.3.1/thumb/v7e-m+dp/hard/libgcc.a(_arm_addsubdf3.o)
                0x00000000080002d8                __aeabi_drsub
                0x00000000080002e0                __subdf3
                0x00000000080002e0                __aeabi_dsub
                0x00000000080002e4                __aeabi_dadd
                0x00000000080002e4                __adddf3
                0x000000000800055c                __aeabi_ui2d
                0x000000000800055c                __floatunsidf
                0x000000000800057c                __floatsidf
                0x000000000800057c                __aeabi_i2d
                0x00000000080005a0                __extendsfdf2
                0x00000000080005a0                __aeabi_f2d
                0x00000000080005e4                __aeabi_ul2d
                0x00000000080005e4                __floatundidf
                0x00000000080005f4                __aeabi_l2d
                0x00000000080005f4                __floatdidf
 .text          0x0000000008000650       0x30 /Library/DaisyToolchain/0.2.0/arm/bin/../lib/gcc/arm-none-eabi/10.3.1/thumb/v7e-m+dp/hard/libgcc.a(_aeabi_uldivmod.o)
                0x0000000008000650                __aeabi_uldivmod
 .text          0x0000000008000680      0x2d0 /Library/DaisyToolchain/0.2.0/arm/bin/../lib/gcc/arm-none-eabi/10.3.1/thumb/v7e-m+dp/hard/libgcc.a(_udivmoddi4.o)
                0x0000000008000680                __udivmoddi4
 .text          0x0000000008000950        0x4 /Library/DaisyToolchain/0.2.0/arm/bin/../lib/gcc/arm-none-eabi/10.3.1/thumb/v7e-m+dp/hard/libgcc.a(_dvmd_tls.o)
                0x0000000008000950                __aeabi_ldiv0
                0x0000000008000950                __aeabi_idiv0
 *(.text*)
 .text.Default_Handler
                0x0000000008000954        0x4 build/startup_stm32h750xx.o
                0x0000000008000954                SAI1_IRQHandler
                0x0000000008000954                HASH_RNG_IRQHandler
                0x0000000008000954                EXTI2_IRQHandler
                0x0000000008000954                TIM8_CC_IRQHandler
                0x0000000008000954                HRTIM1_Master_IRQHandler
                0x0000000008000954                DebugMon_Handler
                0x0000000008000954                TIM1_CC_IRQHandler
                0x0000000008000954                BDMA_Channel6_IRQHandler
                0x0000000008000954                DMA2_Stream5_IRQHandler
                0x0000000008000954                HRTIM1_FLT_IRQHandler
                0x0000000008000954                JPEG_IRQHandler
                0x0000000008000954                BDMA_Channel1_IRQHandler
                0x0000000008000954                HRTIM1_TIMD_IRQHandler
                0x0000000008000954                TAMP_STAMP_IRQHandler
                0x0000000008000954                PendSV_Handler
                0x0000000008000954                NMI_Handler
                0x0000000008000954                EXTI3_IRQHandler
                0x0000000008000954                LPTIM4_IRQHandler
                0x0000000008000954                TIM8_TRG_COM_TIM14_IRQHandler
                0x0000000008000954                LPTIM2_IRQHandler
                0x0000000008000954                DFSDM1_FLT1_IRQHandler
                0x0000000008000954                DMAMUX2_OVR_IRQHandler
                0x0000000008000954                TIM8_UP_TIM13_IRQHandler
                0x0000000008000954                I2C3_ER_IRQHandler
                0x0000000008000954                DFSDM1_FLT2_IRQHandler
                0x0000000008000954                MDMA_IRQHandler
                0x0000000008000954                LPTIM3_IRQHandler
                0x0000000008000954                HSEM1_IRQHandler
                0x0000000008000954                EXTI0_IRQHandler
                0x0000000008000954                FPU_IRQHandler
                0x0000000008000954                OTG_HS_WKUP_IRQHandler
                0x0000000008000954                FDCAN1_IT1_IRQHandler
                0x0000000008000954                UsageFault_Handler
                0x0000000008000954                LTDC_ER_IRQHandler
                0x0000000008000954                HRTIM1_TIME_IRQHandler
                0x0000000008000954                TIM6_DAC_IRQHandler
                0x0000000008000954                DCMI_IRQHandler
                0x0000000008000954                HRTIM1_TIMC_IRQHandler
                0x0000000008000954                SAI2_IRQHandler
                0x0000000008000954                DFSDM1_FLT3_IRQHandler
                0x0000000008000954                TIM17_IRQHandler
                0x0000000008000954                CRYP_IRQHandler
                0x0000000008000954                BDMA_Channel7_IRQHandler
                0x0000000008000954                LPTIM5_IRQHandler
                0x0000000008000954                ADC3_IRQHandler
                0x0000000008000954                DMA2_Stream0_IRQHandler
                0x0000000008000954                BDMA_Channel2_IRQHandler
                0x0000000008000954                DMAMUX1_OVR_IRQHandler
                0x0000000008000954                TIM16_IRQHandler
                0x0000000008000954                BDMA_Channel5_IRQHandler
                0x0000000008000954                RCC_IRQHandler
                0x0000000008000954                TIM8_BRK_TIM12_IRQHandler
                0x0000000008000954                TIM1_TRG_COM_IRQHandler
                0x0000000008000954                Default_Handler
                0x0000000008000954                ECC_IRQHandler
                0x0000000008000954                CEC_IRQHandler
                0x0000000008000954                EXTI15_10_IRQHandler
                0x0000000008000954                BDMA_Channel0_IRQHandler
                0x0000000008000954                ADC_IRQHandler
                0x0000000008000954                DMA1_Stream7_IRQHandler
                0x0000000008000954                HRTIM1_TIMA_IRQHandler
                0x0000000008000954                TIM7_IRQHandler
                0x0000000008000954                SDMMC1_IRQHandler
                0x0000000008000954                DMA2_Stream7_IRQHandler
                0x0000000008000954                TIM15_IRQHandler
                0x0000000008000954                PVD_AVD_IRQHandler
                0x0000000008000954                EXTI9_5_IRQHandler
                0x0000000008000954                RTC_WKUP_IRQHandler
                0x0000000008000954                LTDC_IRQHandler
                0x0000000008000954                SAI3_IRQHandler
                0x0000000008000954                ETH_WKUP_IRQHandler
                0x0000000008000954                SPDIF_RX_IRQHandler
                0x0000000008000954                MemManage_Handler
                0x0000000008000954                SVC_Handler
                0x0000000008000954                CRS_IRQHandler
                0x0000000008000954                EXTI4_IRQHandler
                0x0000000008000954                HRTIM1_TIMB_IRQHandler
                0x0000000008000954                FDCAN2_IT1_IRQHandler
                0x0000000008000954                ETH_IRQHandler
                0x0000000008000954                TIM1_UP_IRQHandler
                0x0000000008000954                BDMA_Channel4_IRQHandler
                0x0000000008000954                WWDG_IRQHandler
                0x0000000008000954                SPI6_IRQHandler
                0x0000000008000954                I2C4_EV_IRQHandler
                0x0000000008000954                MDIOS_IRQHandler
                0x0000000008000954                FDCAN2_IT0_IRQHandler
                0x0000000008000954                FDCAN1_IT0_IRQHandler
                0x0000000008000954                OTG_FS_WKUP_IRQHandler
                0x0000000008000954                DMA2D_IRQHandler
                0x0000000008000954                TIM1_BRK_IRQHandler
                0x0000000008000954                EXTI1_IRQHandler
                0x0000000008000954                SDMMC2_IRQHandler
                0x0000000008000954                OTG_FS_EP1_OUT_IRQHandler
                0x0000000008000954                BDMA_Channel3_IRQHandler
                0x0000000008000954                MDIOS_WKUP_IRQHandler
                0x0000000008000954                DFSDM1_FLT0_IRQHandler
                0x0000000008000954                SAI4_IRQHandler
                0x0000000008000954                I2C2_ER_IRQHandler
                0x0000000008000954                DMA2_Stream1_IRQHandler
                0x0000000008000954                FLASH_IRQHandler
                0x0000000008000954                BusFault_Handler
                0x0000000008000954                OTG_FS_IRQHandler
                0x0000000008000954                WAKEUP_PIN_IRQHandler
                0x0000000008000954                OTG_FS_EP1_IN_IRQHandler
                0x0000000008000954                I2C1_ER_IRQHandler
                0x0000000008000954                FMC_IRQHandler
                0x0000000008000954                FDCAN_CAL_IRQHandler
                0x0000000008000954                SWPMI1_IRQHandler
                0x0000000008000954                COMP1_IRQHandler
                0x0000000008000954                LPTIM1_IRQHandler
                0x0000000008000954                I2C4_ER_IRQHandler
                0x0000000008000954                DMA2_Stream6_IRQHandler
                0x0000000008000954                RTC_Alarm_IRQHandler
 .text.Reset_Handler
                0x0000000008000958       0x44 build/startup_stm32h750xx.o
                0x0000000008000958                Reset_Handler
 .text._ZN7daisysp5AdEnvD2Ev
                0x000000000800099c        0x4 build/DaisyKeys.o
                0x000000000800099c                daisysp::AdEnv::~AdEnv()
                0x000000000800099c                daisysp::AdEnv::~AdEnv()
 .text._ZN7daisysp10OscillatorD2Ev
                0x00000000080009a0        0x4 build/DaisyKeys.o
                0x00000000080009a0                daisysp::Oscillator::~Oscillator()
                0x00000000080009a0                daisysp::Oscillator::~Oscillator()
 .text._ZN5daisy8DaisyPodD2Ev
                0x00000000080009a4        0x4 build/DaisyKeys.o
                0x00000000080009a4                daisy::DaisyPod::~DaisyPod()
                0x00000000080009a4                daisy::DaisyPod::~DaisyPod()
 .text._ZL13AudioCallbackPKfPfj
                0x00000000080009a8       0x94 build/DaisyKeys.o
 .text.startup.main
                0x0000000008000a3c       0xdc build/DaisyKeys.o
                0x0000000008000a3c                main
 .text.startup._GLOBAL__sub_I_wave
                0x0000000008000b18       0x80 build/DaisyKeys.o
 .text._ZN5daisy8DaisyPod10StartAudioEPFvPKfPfjE
                0x0000000008000b98        0x4 ../DaisyExamples/libDaisy/build/libdaisy.a(daisy_pod.o)
                0x0000000008000b98                daisy::DaisyPod::StartAudio(void (*)(float const*, float*, unsigned int))
 .text._ZN5daisy8DaisyPod17SetAudioBlockSizeEj
                0x0000000008000b9c       0x2c ../DaisyExamples/libDaisy/build/libdaisy.a(daisy_pod.o)
                0x0000000008000b9c                daisy::DaisyPod::SetAudioBlockSize(unsigned int)
 .text._ZN5daisy8DaisyPod15AudioSampleRateEv
                0x0000000008000bc8        0x4 ../DaisyExamples/libDaisy/build/libdaisy.a(daisy_pod.o)
                0x0000000008000bc8                daisy::DaisyPod::AudioSampleRate()
 .text._ZN5daisy8DaisyPod8StartAdcEv
                0x0000000008000bcc        0x8 ../DaisyExamples/libDaisy/build/libdaisy.a(daisy_pod.o)
                0x0000000008000bcc                daisy::DaisyPod::StartAdc()
 .text._ZN5daisy8DaisyPod21ProcessAnalogControlsEv
                0x0000000008000bd4       0x18 ../DaisyExamples/libDaisy/build/libdaisy.a(daisy_pod.o)
                0x0000000008000bd4                daisy::DaisyPod::ProcessAnalogControls()
 .text._ZN5daisy8DaisyPod22ProcessDigitalControlsEv
                0x0000000008000bec       0x20 ../DaisyExamples/libDaisy/build/libdaisy.a(daisy_pod.o)
                0x0000000008000bec                daisy::DaisyPod::ProcessDigitalControls()
 .text._ZN5daisy8DaisyPod8InitLedsEv
                0x0000000008000c0c       0x98 ../DaisyExamples/libDaisy/build/libdaisy.a(daisy_pod.o)
                0x0000000008000c0c                daisy::DaisyPod::InitLeds()
 .text._ZN5daisy8DaisyPod9InitKnobsEv
                0x0000000008000ca4       0x90 ../DaisyExamples/libDaisy/build/libdaisy.a(daisy_pod.o)
                0x0000000008000ca4                daisy::DaisyPod::InitKnobs()
 .text._ZN5daisy8DaisyPod4InitEb
                0x0000000008000d34      0x128 ../DaisyExamples/libDaisy/build/libdaisy.a(daisy_pod.o)
                0x0000000008000d34                daisy::DaisyPod::Init(bool)
 .text._ZN5daisy9DaisySeed9ConfigureEv
                0x0000000008000e5c        0x4 ../DaisyExamples/libDaisy/build/libdaisy.a(daisy_seed.o)
                0x0000000008000e5c                daisy::DaisySeed::Configure()
 .text._ZN5daisy9DaisySeed10StartAudioEPFvPKfPfjE
                0x0000000008000e60        0x8 ../DaisyExamples/libDaisy/build/libdaisy.a(daisy_seed.o)
                0x0000000008000e60                daisy::DaisySeed::StartAudio(void (*)(float const*, float*, unsigned int))
 .text._ZN5daisy9DaisySeed15AudioSampleRateEv
                0x0000000008000e68        0x8 ../DaisyExamples/libDaisy/build/libdaisy.a(daisy_seed.o)
                0x0000000008000e68                daisy::DaisySeed::AudioSampleRate()
 .text._ZN5daisy9DaisySeed17SetAudioBlockSizeEj
                0x0000000008000e70       0x38 ../DaisyExamples/libDaisy/build/libdaisy.a(daisy_seed.o)
                0x0000000008000e70                daisy::DaisySeed::SetAudioBlockSize(unsigned int)
 .text._ZNK5daisy9DaisySeed17AudioCallbackRateEv
                0x0000000008000ea8        0x8 ../DaisyExamples/libDaisy/build/libdaisy.a(daisy_seed.o)
                0x0000000008000ea8                daisy::DaisySeed::AudioCallbackRate() const
 .text._ZN5daisy9DaisySeed17CheckBoardVersionEv
                0x0000000008000eb0       0x6c ../DaisyExamples/libDaisy/build/libdaisy.a(daisy_seed.o)
                0x0000000008000eb0                daisy::DaisySeed::CheckBoardVersion()
 .text._ZN5daisy9DaisySeed14ConfigureAudioEv
                0x0000000008000f1c      0x10c ../DaisyExamples/libDaisy/build/libdaisy.a(daisy_seed.o)
                0x0000000008000f1c                daisy::DaisySeed::ConfigureAudio()
 .text._ZN5daisy9DaisySeed4InitEb
                0x0000000008001028      0x108 ../DaisyExamples/libDaisy/build/libdaisy.a(daisy_seed.o)
                0x0000000008001028                daisy::DaisySeed::Init(bool)
 .text._ZN5daisy6Ak45564InitE12dsy_gpio_pin
                0x0000000008001130       0x44 ../DaisyExamples/libDaisy/build/libdaisy.a(codec_ak4556.o)
                0x0000000008001130                daisy::Ak4556::Init(dsy_gpio_pin)
 .text._ZN5daisy6Wm873120WriteControlRegisterEht
                0x0000000008001174       0x3c ../DaisyExamples/libDaisy/build/libdaisy.a(codec_wm8731.o)
                0x0000000008001174                daisy::Wm8731::WriteControlRegister(unsigned char, unsigned short)
 .text._ZN5daisy6Wm87314InitERKNS0_6ConfigENS_9I2CHandleE
                0x00000000080011b0      0x1bc ../DaisyExamples/libDaisy/build/libdaisy.a(codec_wm8731.o)
                0x00000000080011b0                daisy::Wm8731::Init(daisy::Wm8731::Config const&, daisy::I2CHandle)
 .text._ZN11SdramHandle10DeviceInitEv
                0x000000000800136c       0x98 ../DaisyExamples/libDaisy/build/libdaisy.a(sdram.o)
                0x000000000800136c                SdramHandle::DeviceInit()
 .text._ZN11SdramHandle4InitEv
                0x0000000008001404       0x7c ../DaisyExamples/libDaisy/build/libdaisy.a(sdram.o)
                0x0000000008001404                SdramHandle::Init()
 .text.HAL_SDRAM_MspInit
                0x0000000008001480      0x1a8 ../DaisyExamples/libDaisy/build/libdaisy.a(sdram.o)
                0x0000000008001480                HAL_SDRAM_MspInit
 .text._ZN5daisy11AudioHandle4Impl16InternalCallbackEPlS2_j
                0x0000000008001628      0xbbc ../DaisyExamples/libDaisy/build/libdaisy.a(audio.o)
                0x0000000008001628                daisy::AudioHandle::Impl::InternalCallback(long*, long*, unsigned int)
 .text._ZN5daisy11AudioHandle4InitERKNS0_6ConfigENS_9SaiHandleE
                0x00000000080021e4       0x70 ../DaisyExamples/libDaisy/build/libdaisy.a(audio.o)
                0x00000000080021e4                daisy::AudioHandle::Init(daisy::AudioHandle::Config const&, daisy::SaiHandle)
 .text._ZNK5daisy11AudioHandle9GetConfigEv
                0x0000000008002254        0x8 ../DaisyExamples/libDaisy/build/libdaisy.a(audio.o)
                0x0000000008002254                daisy::AudioHandle::GetConfig() const
 .text._ZN5daisy11AudioHandle12SetBlockSizeEj
                0x000000000800225c       0x1c ../DaisyExamples/libDaisy/build/libdaisy.a(audio.o)
                0x000000000800225c                daisy::AudioHandle::SetBlockSize(unsigned int)
 .text._ZN5daisy11AudioHandle13GetSampleRateEv
                0x0000000008002278        0x8 ../DaisyExamples/libDaisy/build/libdaisy.a(audio.o)
                0x0000000008002278                daisy::AudioHandle::GetSampleRate()
 .text._ZN5daisy11AudioHandle5StartEPFvPKfPfjE
                0x0000000008002280       0x2c ../DaisyExamples/libDaisy/build/libdaisy.a(audio.o)
                0x0000000008002280                daisy::AudioHandle::Start(void (*)(float const*, float*, unsigned int))
 .text.startup._GLOBAL__sub_I__ZN5daisy11AudioHandle4Impl4InitENS0_6ConfigENS_9SaiHandleE
                0x00000000080022ac       0x24 ../DaisyExamples/libDaisy/build/libdaisy.a(audio.o)
 .text._ZN5daisy13AnalogControl4InitEPtfbbf
                0x00000000080022d0       0x64 ../DaisyExamples/libDaisy/build/libdaisy.a(ctrl.o)
                0x00000000080022d0                daisy::AnalogControl::Init(unsigned short*, float, bool, bool, float)
 .text._ZN5daisy13AnalogControl7ProcessEv
                0x0000000008002334       0x48 ../DaisyExamples/libDaisy/build/libdaisy.a(ctrl.o)
                0x0000000008002334                daisy::AnalogControl::Process()
 .text._ZN5daisy13AnalogControl13SetSampleRateEf
                0x000000000800237c       0x58 ../DaisyExamples/libDaisy/build/libdaisy.a(ctrl.o)
                0x000000000800237c                daisy::AnalogControl::SetSampleRate(float)
 .text._ZN5daisy7Encoder4InitE12dsy_gpio_pinS1_S1_f
                0x00000000080023d4       0x60 ../DaisyExamples/libDaisy/build/libdaisy.a(encoder.o)
                0x00000000080023d4                daisy::Encoder::Init(dsy_gpio_pin, dsy_gpio_pin, dsy_gpio_pin, float)
 .text._ZN5daisy7Encoder8DebounceEv
                0x0000000008002434       0x7c ../DaisyExamples/libDaisy/build/libdaisy.a(encoder.o)
                0x0000000008002434                daisy::Encoder::Debounce()
 .text._ZN5daisy17MidiUartTransport6ConfigC2Ev
                0x00000000080024b0       0x28 ../DaisyExamples/libDaisy/build/libdaisy.a(midi.o)
                0x00000000080024b0                daisy::MidiUartTransport::Config::Config()
                0x00000000080024b0                daisy::MidiUartTransport::Config::Config()
 .text._ZN5daisy10MidiParser5ResetEv
                0x00000000080024d8        0xc ../DaisyExamples/libDaisy/build/libdaisy.a(midi_parser.o)
                0x00000000080024d8                daisy::MidiParser::Reset()
 .text._ZN5daisy6RgbLed4InitE12dsy_gpio_pinS1_S1_b
                0x00000000080024e4       0x50 ../DaisyExamples/libDaisy/build/libdaisy.a(rgb_led.o)
                0x00000000080024e4                daisy::RgbLed::Init(dsy_gpio_pin, dsy_gpio_pin, dsy_gpio_pin, bool)
 .text._ZN5daisy6RgbLed8SetColorENS_5ColorE
                0x0000000008002534       0x2c ../DaisyExamples/libDaisy/build/libdaisy.a(rgb_led.o)
                0x0000000008002534                daisy::RgbLed::SetColor(daisy::Color)
 .text._ZN5daisy6RgbLed6UpdateEv
                0x0000000008002560       0x1c ../DaisyExamples/libDaisy/build/libdaisy.a(rgb_led.o)
                0x0000000008002560                daisy::RgbLed::Update()
 .text._ZN5daisy6Switch4InitE12dsy_gpio_pinf
                0x000000000800257c       0x34 ../DaisyExamples/libDaisy/build/libdaisy.a(switch.o)
                0x000000000800257c                daisy::Switch::Init(dsy_gpio_pin, float)
 .text._ZN5daisy6Switch8DebounceEv
                0x00000000080025b0       0x5c ../DaisyExamples/libDaisy/build/libdaisy.a(switch.o)
                0x00000000080025b0                daisy::Switch::Debounce()
 .text._ZN5daisy16AdcChannelConfig10InitSingleE12dsy_gpio_pinNS0_15ConversionSpeedE
                0x000000000800260c       0x28 ../DaisyExamples/libDaisy/build/libdaisy.a(adc.o)
                0x000000000800260c                daisy::AdcChannelConfig::InitSingle(dsy_gpio_pin, daisy::AdcChannelConfig::ConversionSpeed)
 .text._ZN5daisy9AdcHandle4InitEPNS_16AdcChannelConfigEjNS0_12OverSamplingE
                0x0000000008002634      0x41c ../DaisyExamples/libDaisy/build/libdaisy.a(adc.o)
                0x0000000008002634                daisy::AdcHandle::Init(daisy::AdcChannelConfig*, unsigned int, daisy::AdcHandle::OverSampling)
 .text._ZN5daisy9AdcHandle5StartEv
                0x0000000008002a50       0x2c ../DaisyExamples/libDaisy/build/libdaisy.a(adc.o)
                0x0000000008002a50                daisy::AdcHandle::Start()
 .text._ZNK5daisy9AdcHandle6GetPtrEh
                0x0000000008002a7c       0x14 ../DaisyExamples/libDaisy/build/libdaisy.a(adc.o)
                0x0000000008002a7c                daisy::AdcHandle::GetPtr(unsigned char) const
 .text.HAL_ADC_MspInit
                0x0000000008002a90       0x98 ../DaisyExamples/libDaisy/build/libdaisy.a(adc.o)
                0x0000000008002a90                HAL_ADC_MspInit
 .text.DMA1_Stream2_IRQHandler
                0x0000000008002b28        0xc ../DaisyExamples/libDaisy/build/libdaisy.a(adc.o)
                0x0000000008002b28                DMA1_Stream2_IRQHandler
 .text.HAL_ADC_ConvCpltCallback
                0x0000000008002b34      0x148 ../DaisyExamples/libDaisy/build/libdaisy.a(adc.o)
                0x0000000008002b34                HAL_ADC_ConvCpltCallback
 .text.HAL_ADC_ErrorCallback
                0x0000000008002c7c        0x4 ../DaisyExamples/libDaisy/build/libdaisy.a(adc.o)
                0x0000000008002c7c                HAL_ADC_ErrorCallback
 .text._ZN5daisy4GPIO4InitENS_3PinENS0_4ModeENS0_4PullENS0_5SpeedE
                0x0000000008002c80      0x1cc ../DaisyExamples/libDaisy/build/libdaisy.a(gpio.o)
                0x0000000008002c80                daisy::GPIO::Init(daisy::Pin, daisy::GPIO::Mode, daisy::GPIO::Pull, daisy::GPIO::Speed)
 .text._ZN5daisy4GPIO4ReadEv
                0x0000000008002e4c       0x18 ../DaisyExamples/libDaisy/build/libdaisy.a(gpio.o)
                0x0000000008002e4c                daisy::GPIO::Read()
 .text._ZN5daisy4GPIO5WriteEb
                0x0000000008002e64       0x14 ../DaisyExamples/libDaisy/build/libdaisy.a(gpio.o)
                0x0000000008002e64                daisy::GPIO::Write(bool)
 .text.dsy_gpio_init
                0x0000000008002e78      0x1b8 ../DaisyExamples/libDaisy/build/libdaisy.a(gpio.o)
                0x0000000008002e78                dsy_gpio_init
 .text.dsy_gpio_read
                0x0000000008003030       0x1c ../DaisyExamples/libDaisy/build/libdaisy.a(gpio.o)
                0x0000000008003030                dsy_gpio_read
 .text.dsy_gpio_write
                0x000000000800304c       0x24 ../DaisyExamples/libDaisy/build/libdaisy.a(gpio.o)
                0x000000000800304c                dsy_gpio_write
 .text._ZN5daisy9I2CHandle4Impl8InitPinsEv
                0x0000000008003070       0x58 ../DaisyExamples/libDaisy/build/libdaisy.a(i2c.o)
                0x0000000008003070                daisy::I2CHandle::Impl::InitPins()
 .text.HAL_I2C_MspInit
                0x00000000080030c8      0x1b4 ../DaisyExamples/libDaisy/build/libdaisy.a(i2c.o)
                0x00000000080030c8                HAL_I2C_MspInit
 .text.dsy_i2c_global_init
                0x000000000800327c       0x78 ../DaisyExamples/libDaisy/build/libdaisy.a(i2c.o)
                0x000000000800327c                dsy_i2c_global_init
 .text.DMA1_Stream6_IRQHandler
                0x00000000080032f4       0x34 ../DaisyExamples/libDaisy/build/libdaisy.a(i2c.o)
                0x00000000080032f4                DMA1_Stream6_IRQHandler
 .text.I2C1_EV_IRQHandler
                0x0000000008003328        0xc ../DaisyExamples/libDaisy/build/libdaisy.a(i2c.o)
                0x0000000008003328                I2C1_EV_IRQHandler
 .text.I2C2_EV_IRQHandler
                0x0000000008003334        0xc ../DaisyExamples/libDaisy/build/libdaisy.a(i2c.o)
                0x0000000008003334                I2C2_EV_IRQHandler
 .text.I2C3_EV_IRQHandler
                0x0000000008003340        0xc ../DaisyExamples/libDaisy/build/libdaisy.a(i2c.o)
                0x0000000008003340                I2C3_EV_IRQHandler
 .text._ZN5daisy9I2CHandle4InitERKNS0_6ConfigE
                0x000000000800334c      0x12c ../DaisyExamples/libDaisy/build/libdaisy.a(i2c.o)
                0x000000000800334c                daisy::I2CHandle::Init(daisy::I2CHandle::Config const&)
 .text._ZN5daisy9I2CHandle16TransmitBlockingEtPhtm
                0x0000000008003478       0x50 ../DaisyExamples/libDaisy/build/libdaisy.a(i2c.o)
                0x0000000008003478                daisy::I2CHandle::TransmitBlocking(unsigned short, unsigned char*, unsigned short, unsigned long)
 .text.startup._GLOBAL__sub_I__ZN5daisy9I2CHandle4Impl10GlobalInitEv
                0x00000000080034c8       0x18 ../DaisyExamples/libDaisy/build/libdaisy.a(i2c.o)
 .text._ZN5daisy10QSPIHandle4Impl11WriteEnableEv
                0x00000000080034e0       0x8c ../DaisyExamples/libDaisy/build/libdaisy.a(qspi.o)
                0x00000000080034e0                daisy::QSPIHandle::Impl::WriteEnable()
 *fill*         0x000000000800356c        0x4 
 .text._ZN5daisy10QSPIHandle4Impl17DummyCyclesConfigENS0_6Config6DeviceE
                0x0000000008003570      0x118 ../DaisyExamples/libDaisy/build/libdaisy.a(qspi.o)
                0x0000000008003570                daisy::QSPIHandle::Impl::DummyCyclesConfig(daisy::QSPIHandle::Config::Device)
 .text._ZN5daisy10QSPIHandle4Impl10QuadEnableEv
                0x0000000008003688      0x158 ../DaisyExamples/libDaisy/build/libdaisy.a(qspi.o)
                0x0000000008003688                daisy::QSPIHandle::Impl::QuadEnable()
 .text._ZN5daisy10QSPIHandle4InitERKNS0_6ConfigE
                0x00000000080037e0      0x198 ../DaisyExamples/libDaisy/build/libdaisy.a(qspi.o)
                0x00000000080037e0                daisy::QSPIHandle::Init(daisy::QSPIHandle::Config const&)
 .text.HAL_QSPI_MspInit
                0x0000000008003978      0x11c ../DaisyExamples/libDaisy/build/libdaisy.a(qspi.o)
                0x0000000008003978                HAL_QSPI_MspInit
 .text.HAL_QSPI_MspDeInit
                0x0000000008003a94       0x54 ../DaisyExamples/libDaisy/build/libdaisy.a(qspi.o)
                0x0000000008003a94                HAL_QSPI_MspDeInit
 .text.QUADSPI_IRQHandler
                0x0000000008003ae8        0xc ../DaisyExamples/libDaisy/build/libdaisy.a(qspi.o)
                0x0000000008003ae8                QUADSPI_IRQHandler
 .text.startup._GLOBAL__sub_I__ZN5daisy10QSPIHandle4Impl4InitERKNS0_6ConfigE
                0x0000000008003af4       0x28 ../DaisyExamples/libDaisy/build/libdaisy.a(qspi.o)
 .text._ZN5daisy9SaiHandle4Impl7InitDmaENS1_15PeripheralBlockE
                0x0000000008003b1c       0xa0 ../DaisyExamples/libDaisy/build/libdaisy.a(sai.o)
                0x0000000008003b1c                daisy::SaiHandle::Impl::InitDma(daisy::SaiHandle::Impl::PeripheralBlock)
 .text._ZN5daisy9SaiHandle4Impl8InitPinsEv
                0x0000000008003bbc       0xa8 ../DaisyExamples/libDaisy/build/libdaisy.a(sai.o)
                0x0000000008003bbc                daisy::SaiHandle::Impl::InitPins()
 .text.HAL_SAI_MspInit
                0x0000000008003c64      0x164 ../DaisyExamples/libDaisy/build/libdaisy.a(sai.o)
                0x0000000008003c64                HAL_SAI_MspInit
 .text.DMA1_Stream0_IRQHandler
                0x0000000008003dc8        0xc ../DaisyExamples/libDaisy/build/libdaisy.a(sai.o)
                0x0000000008003dc8                DMA1_Stream0_IRQHandler
 .text.DMA1_Stream1_IRQHandler
                0x0000000008003dd4        0xc ../DaisyExamples/libDaisy/build/libdaisy.a(sai.o)
                0x0000000008003dd4                DMA1_Stream1_IRQHandler
 .text.DMA1_Stream3_IRQHandler
                0x0000000008003de0        0xc ../DaisyExamples/libDaisy/build/libdaisy.a(sai.o)
                0x0000000008003de0                DMA1_Stream3_IRQHandler
 .text.DMA1_Stream4_IRQHandler
                0x0000000008003dec        0xc ../DaisyExamples/libDaisy/build/libdaisy.a(sai.o)
                0x0000000008003dec                DMA1_Stream4_IRQHandler
 .text.HAL_SAI_RxHalfCpltCallback
                0x0000000008003df8       0x78 ../DaisyExamples/libDaisy/build/libdaisy.a(sai.o)
                0x0000000008003df8                HAL_SAI_RxHalfCpltCallback
 .text.HAL_SAI_RxCpltCallback
                0x0000000008003e70       0x70 ../DaisyExamples/libDaisy/build/libdaisy.a(sai.o)
                0x0000000008003e70                HAL_SAI_RxCpltCallback
 .text._ZN5daisy9SaiHandle4InitERKNS0_6ConfigE
                0x0000000008003ee0      0x1f0 ../DaisyExamples/libDaisy/build/libdaisy.a(sai.o)
                0x0000000008003ee0                daisy::SaiHandle::Init(daisy::SaiHandle::Config const&)
 .text._ZNK5daisy9SaiHandle9GetConfigEv
                0x00000000080040d0        0x4 ../DaisyExamples/libDaisy/build/libdaisy.a(sai.o)
                0x00000000080040d0                daisy::SaiHandle::GetConfig() const
 .text._ZN5daisy9SaiHandle8StartDmaEPlS1_jPFvS1_S1_jE
                0x00000000080040d4       0xbc ../DaisyExamples/libDaisy/build/libdaisy.a(sai.o)
                0x00000000080040d4                daisy::SaiHandle::StartDma(long*, long*, unsigned int, void (*)(long*, long*, unsigned int))
 .text._ZN5daisy9SaiHandle13GetSampleRateEv
                0x0000000008004190       0x24 ../DaisyExamples/libDaisy/build/libdaisy.a(sai.o)
                0x0000000008004190                daisy::SaiHandle::GetSampleRate()
 .text._ZNK5daisy9SaiHandle9GetOffsetEv
                0x00000000080041b4        0x8 ../DaisyExamples/libDaisy/build/libdaisy.a(sai.o)
                0x00000000080041b4                daisy::SaiHandle::GetOffset() const
 .text._ZL20UART_CheckRxListenerPN5daisy11UartHandler4ImplE
                0x00000000080041bc       0x84 ../DaisyExamples/libDaisy/build/libdaisy.a(uart.o)
 .text._ZN5daisy11UartHandler4Impl10StartDmaTxEPhjPFvPvEPFvS3_NS0_6ResultEES3_
                0x0000000008004240      0x184 ../DaisyExamples/libDaisy/build/libdaisy.a(uart.o)
                0x0000000008004240                daisy::UartHandler::Impl::StartDmaTx(unsigned char*, unsigned int, void (*)(void*), void (*)(void*, daisy::UartHandler::Result), void*)
 .text._ZN5daisy11UartHandler4Impl10StartDmaRxEPhjPFvPvEPFvS3_NS0_6ResultEES3_
                0x00000000080043c4      0x184 ../DaisyExamples/libDaisy/build/libdaisy.a(uart.o)
                0x00000000080043c4                daisy::UartHandler::Impl::StartDmaRx(unsigned char*, unsigned int, void (*)(void*), void (*)(void*, daisy::UartHandler::Result), void*)
 .text._ZN5daisy11UartHandler4Impl19DmaTransferFinishedEP20__UART_HandleTypeDefNS0_6ResultE
                0x0000000008004548       0xc0 ../DaisyExamples/libDaisy/build/libdaisy.a(uart.o)
                0x0000000008004548                daisy::UartHandler::Impl::DmaTransferFinished(__UART_HandleTypeDef*, daisy::UartHandler::Result)
 .text._ZN5daisy11UartHandler4Impl8InitPinsEv
                0x0000000008004608      0x154 ../DaisyExamples/libDaisy/build/libdaisy.a(uart.o)
                0x0000000008004608                daisy::UartHandler::Impl::InitPins()
 .text.HAL_UART_MspInit
                0x000000000800475c      0x210 ../DaisyExamples/libDaisy/build/libdaisy.a(uart.o)
                0x000000000800475c                HAL_UART_MspInit
 .text.dsy_uart_global_init
                0x000000000800496c       0xfc ../DaisyExamples/libDaisy/build/libdaisy.a(uart.o)
                0x000000000800496c                dsy_uart_global_init
 .text.USART1_IRQHandler
                0x0000000008004a68       0x2c ../DaisyExamples/libDaisy/build/libdaisy.a(uart.o)
                0x0000000008004a68                USART1_IRQHandler
 .text.USART2_IRQHandler
                0x0000000008004a94       0x34 ../DaisyExamples/libDaisy/build/libdaisy.a(uart.o)
                0x0000000008004a94                USART2_IRQHandler
 .text.USART3_IRQHandler
                0x0000000008004ac8       0x34 ../DaisyExamples/libDaisy/build/libdaisy.a(uart.o)
                0x0000000008004ac8                USART3_IRQHandler
 .text.UART4_IRQHandler
                0x0000000008004afc       0x34 ../DaisyExamples/libDaisy/build/libdaisy.a(uart.o)
                0x0000000008004afc                UART4_IRQHandler
 .text.UART5_IRQHandler
                0x0000000008004b30       0x34 ../DaisyExamples/libDaisy/build/libdaisy.a(uart.o)
                0x0000000008004b30                UART5_IRQHandler
 .text.USART6_IRQHandler
                0x0000000008004b64       0x34 ../DaisyExamples/libDaisy/build/libdaisy.a(uart.o)
                0x0000000008004b64                USART6_IRQHandler
 .text.UART7_IRQHandler
                0x0000000008004b98       0x34 ../DaisyExamples/libDaisy/build/libdaisy.a(uart.o)
                0x0000000008004b98                UART7_IRQHandler
 .text.UART8_IRQHandler
                0x0000000008004bcc       0x34 ../DaisyExamples/libDaisy/build/libdaisy.a(uart.o)
                0x0000000008004bcc                UART8_IRQHandler
 .text.LPUART1_IRQHandler
                0x0000000008004c00       0x34 ../DaisyExamples/libDaisy/build/libdaisy.a(uart.o)
                0x0000000008004c00                LPUART1_IRQHandler
 .text.DMA1_Stream5_IRQHandler
                0x0000000008004c34       0x34 ../DaisyExamples/libDaisy/build/libdaisy.a(uart.o)
                0x0000000008004c34                DMA1_Stream5_IRQHandler
 .text.DMA2_Stream4_IRQHandler
                0x0000000008004c68       0x38 ../DaisyExamples/libDaisy/build/libdaisy.a(uart.o)
                0x0000000008004c68                DMA2_Stream4_IRQHandler
 .text.HAL_UART_TxCpltCallback
                0x0000000008004ca0        0x8 ../DaisyExamples/libDaisy/build/libdaisy.a(uart.o)
                0x0000000008004ca0                HAL_UART_TxCpltCallback
 .text.HAL_UART_RxCpltCallback
                0x0000000008004ca8       0x94 ../DaisyExamples/libDaisy/build/libdaisy.a(uart.o)
                0x0000000008004ca8                HAL_UART_RxCpltCallback
 .text.HAL_UART_RxHalfCpltCallback
                0x0000000008004d3c       0x90 ../DaisyExamples/libDaisy/build/libdaisy.a(uart.o)
                0x0000000008004d3c                HAL_UART_RxHalfCpltCallback
 .text.HAL_UART_ErrorCallback
                0x0000000008004dcc        0x8 ../DaisyExamples/libDaisy/build/libdaisy.a(uart.o)
                0x0000000008004dcc                HAL_UART_ErrorCallback
 .text._ZN5daisy11UartHandler4InitERKNS0_6ConfigE
                0x0000000008004dd4       0xd4 ../DaisyExamples/libDaisy/build/libdaisy.a(uart.o)
                0x0000000008004dd4                daisy::UartHandler::Init(daisy::UartHandler::Config const&)
 .text.startup._GLOBAL__sub_I__Z19MapInstanceToHandleP13USART_TypeDef
                0x0000000008004ea8      0x194 ../DaisyExamples/libDaisy/build/libdaisy.a(uart.o)
 .text.dsy_dma_init
                0x000000000800503c      0x100 ../DaisyExamples/libDaisy/build/libdaisy.a(dma.o)
                0x000000000800503c                dsy_dma_init
 .text.dsy_dma_invalidate_cache_for_buffer
                0x000000000800513c       0x2c ../DaisyExamples/libDaisy/build/libdaisy.a(dma.o)
                0x000000000800513c                dsy_dma_invalidate_cache_for_buffer
 .text._ZN5daisy11TimerHandleD2Ev
                0x0000000008005168        0x4 ../DaisyExamples/libDaisy/build/libdaisy.a(system.o)
                0x0000000008005168                daisy::TimerHandle::~TimerHandle()
                0x0000000008005168                daisy::TimerHandle::~TimerHandle()
 .text.SysTick_Handler
                0x000000000800516c       0x10 ../DaisyExamples/libDaisy/build/libdaisy.a(system.o)
                0x000000000800516c                SysTick_Handler
 .text.OTG_HS_EP1_OUT_IRQHandler
                0x000000000800517c       0x24 ../DaisyExamples/libDaisy/build/libdaisy.a(system.o)
                0x000000000800517c                OTG_HS_EP1_OUT_IRQHandler
 .text.OTG_HS_EP1_IN_IRQHandler
                0x00000000080051a0       0x24 ../DaisyExamples/libDaisy/build/libdaisy.a(system.o)
                0x00000000080051a0                OTG_HS_EP1_IN_IRQHandler
 .text.OTG_HS_IRQHandler
                0x00000000080051c4       0x24 ../DaisyExamples/libDaisy/build/libdaisy.a(system.o)
                0x00000000080051c4                OTG_HS_IRQHandler
 .text.HardFault_Handler
                0x00000000080051e8       0xe0 ../DaisyExamples/libDaisy/build/libdaisy.a(system.o)
                0x00000000080051e8                HardFault_Handler
 .text._ZN5daisy6System6GetNowEv
                0x00000000080052c8        0x4 ../DaisyExamples/libDaisy/build/libdaisy.a(system.o)
                0x00000000080052c8                daisy::System::GetNow()
 .text._ZN5daisy6System5DelayEm
                0x00000000080052cc        0x4 ../DaisyExamples/libDaisy/build/libdaisy.a(system.o)
                0x00000000080052cc                daisy::System::Delay(unsigned long)
 .text._ZN5daisy6System20GetBootloaderVersionEv
                0x00000000080052d0       0x34 ../DaisyExamples/libDaisy/build/libdaisy.a(system.o)
                0x00000000080052d0                daisy::System::GetBootloaderVersion()
 .text._ZN5daisy6System15ConfigureClocksEv
                0x0000000008005304      0x194 ../DaisyExamples/libDaisy/build/libdaisy.a(system.o)
                0x0000000008005304                daisy::System::ConfigureClocks()
 .text._ZN5daisy6System12ConfigureMpuEv
                0x0000000008005498       0x7c ../DaisyExamples/libDaisy/build/libdaisy.a(system.o)
                0x0000000008005498                daisy::System::ConfigureMpu()
 .text._ZN5daisy6System4InitERKNS0_6ConfigE
                0x0000000008005514       0xec ../DaisyExamples/libDaisy/build/libdaisy.a(system.o)
                0x0000000008005514                daisy::System::Init(daisy::System::Config const&)
 .text._ZN5daisy6System12GetPClk1FreqEv
                0x0000000008005600        0x4 ../DaisyExamples/libDaisy/build/libdaisy.a(system.o)
                0x0000000008005600                daisy::System::GetPClk1Freq()
 .text._ZN5daisy6System22GetProgramMemoryRegionEv
                0x0000000008005604       0x78 ../DaisyExamples/libDaisy/build/libdaisy.a(system.o)
                0x0000000008005604                daisy::System::GetProgramMemoryRegion()
 .text.startup._GLOBAL__sub_I__ZN5daisy9boot_infoE
                0x000000000800567c       0x1c ../DaisyExamples/libDaisy/build/libdaisy.a(system.o)
 .text.SystemInit
                0x0000000008005698       0x9c ../DaisyExamples/libDaisy/build/libdaisy.a(system_stm32h7xx.o)
                0x0000000008005698                SystemInit
 .text.HAL_PCD_SetupStageCallback
                0x0000000008005734        0xc ../DaisyExamples/libDaisy/build/libdaisy.a(usbd_conf.o)
                0x0000000008005734                HAL_PCD_SetupStageCallback
 .text.HAL_PCD_DataOutStageCallback
                0x0000000008005740       0x14 ../DaisyExamples/libDaisy/build/libdaisy.a(usbd_conf.o)
                0x0000000008005740                HAL_PCD_DataOutStageCallback
 .text.HAL_PCD_DataInStageCallback
                0x0000000008005754       0x14 ../DaisyExamples/libDaisy/build/libdaisy.a(usbd_conf.o)
                0x0000000008005754                HAL_PCD_DataInStageCallback
 .text.HAL_PCD_SOFCallback
                0x0000000008005768        0x8 ../DaisyExamples/libDaisy/build/libdaisy.a(usbd_conf.o)
                0x0000000008005768                HAL_PCD_SOFCallback
 .text.HAL_PCD_ResetCallback
                0x0000000008005770       0x24 ../DaisyExamples/libDaisy/build/libdaisy.a(usbd_conf.o)
                0x0000000008005770                HAL_PCD_ResetCallback
 .text.HAL_PCD_SuspendCallback
                0x0000000008005794       0x30 ../DaisyExamples/libDaisy/build/libdaisy.a(usbd_conf.o)
                0x0000000008005794                HAL_PCD_SuspendCallback
 .text.HAL_PCD_ResumeCallback
                0x00000000080057c4        0x8 ../DaisyExamples/libDaisy/build/libdaisy.a(usbd_conf.o)
                0x00000000080057c4                HAL_PCD_ResumeCallback
 .text.HAL_PCD_ISOOUTIncompleteCallback
                0x00000000080057cc        0x8 ../DaisyExamples/libDaisy/build/libdaisy.a(usbd_conf.o)
                0x00000000080057cc                HAL_PCD_ISOOUTIncompleteCallback
 .text.HAL_PCD_ISOINIncompleteCallback
                0x00000000080057d4        0x8 ../DaisyExamples/libDaisy/build/libdaisy.a(usbd_conf.o)
                0x00000000080057d4                HAL_PCD_ISOINIncompleteCallback
 .text.HAL_PCD_ConnectCallback
                0x00000000080057dc        0x8 ../DaisyExamples/libDaisy/build/libdaisy.a(usbd_conf.o)
                0x00000000080057dc                HAL_PCD_ConnectCallback
 .text.HAL_PCD_DisconnectCallback
                0x00000000080057e4        0x8 ../DaisyExamples/libDaisy/build/libdaisy.a(usbd_conf.o)
                0x00000000080057e4                HAL_PCD_DisconnectCallback
 .text.USBD_LL_OpenEP
                0x00000000080057ec       0x24 ../DaisyExamples/libDaisy/build/libdaisy.a(usbd_conf.o)
                0x00000000080057ec                USBD_LL_OpenEP
 .text.USBD_LL_StallEP
                0x0000000008005810       0x1c ../DaisyExamples/libDaisy/build/libdaisy.a(usbd_conf.o)
                0x0000000008005810                USBD_LL_StallEP
 .text.USBD_LL_ClearStallEP
                0x000000000800582c       0x1c ../DaisyExamples/libDaisy/build/libdaisy.a(usbd_conf.o)
                0x000000000800582c                USBD_LL_ClearStallEP
 .text.USBD_LL_IsStallEP
                0x0000000008005848       0x28 ../DaisyExamples/libDaisy/build/libdaisy.a(usbd_conf.o)
                0x0000000008005848                USBD_LL_IsStallEP
 .text.USBD_LL_SetUSBAddress
                0x0000000008005870       0x1c ../DaisyExamples/libDaisy/build/libdaisy.a(usbd_conf.o)
                0x0000000008005870                USBD_LL_SetUSBAddress
 .text.USBD_LL_Transmit
                0x000000000800588c       0x1c ../DaisyExamples/libDaisy/build/libdaisy.a(usbd_conf.o)
                0x000000000800588c                USBD_LL_Transmit
 .text.USBD_LL_PrepareReceive
                0x00000000080058a8       0x1c ../DaisyExamples/libDaisy/build/libdaisy.a(usbd_conf.o)
                0x00000000080058a8                USBD_LL_PrepareReceive
 .text.HAL_HCD_SOF_Callback
                0x00000000080058c4        0x8 ../DaisyExamples/libDaisy/build/libdaisy.a(usbh_conf.o)
                0x00000000080058c4                HAL_HCD_SOF_Callback
 .text.HAL_HCD_Connect_Callback
                0x00000000080058cc        0x8 ../DaisyExamples/libDaisy/build/libdaisy.a(usbh_conf.o)
                0x00000000080058cc                HAL_HCD_Connect_Callback
 .text.HAL_HCD_Disconnect_Callback
                0x00000000080058d4        0x8 ../DaisyExamples/libDaisy/build/libdaisy.a(usbh_conf.o)
                0x00000000080058d4                HAL_HCD_Disconnect_Callback
 .text.HAL_HCD_HC_NotifyURBChange_Callback
                0x00000000080058dc        0x4 ../DaisyExamples/libDaisy/build/libdaisy.a(usbh_conf.o)
                0x00000000080058dc                HAL_HCD_HC_NotifyURBChange_Callback
 .text.HAL_HCD_PortEnabled_Callback
                0x00000000080058e0        0x8 ../DaisyExamples/libDaisy/build/libdaisy.a(usbh_conf.o)
                0x00000000080058e0                HAL_HCD_PortEnabled_Callback
 .text.HAL_HCD_PortDisabled_Callback
                0x00000000080058e8        0x8 ../DaisyExamples/libDaisy/build/libdaisy.a(usbh_conf.o)
                0x00000000080058e8                HAL_HCD_PortDisabled_Callback
 .text.USBH_LL_Stop
                0x00000000080058f0       0x1c ../DaisyExamples/libDaisy/build/libdaisy.a(usbh_conf.o)
                0x00000000080058f0                USBH_LL_Stop
 .text._ZN5daisy5Color4InitENS0_11PresetColorE
                0x000000000800590c       0x20 ../DaisyExamples/libDaisy/build/libdaisy.a(color.o)
                0x000000000800590c                daisy::Color::Init(daisy::Color::PresetColor)
 .text.dsy_hal_map_get_port
                0x000000000800592c       0x10 ../DaisyExamples/libDaisy/build/libdaisy.a(hal_map.o)
                0x000000000800592c                dsy_hal_map_get_port
 .text.dsy_hal_map_get_pin
                0x000000000800593c       0x10 ../DaisyExamples/libDaisy/build/libdaisy.a(hal_map.o)
                0x000000000800593c                dsy_hal_map_get_pin
 .text.dsy_hal_map_gpio_clk_enable
                0x000000000800594c      0x150 ../DaisyExamples/libDaisy/build/libdaisy.a(hal_map.o)
                0x000000000800594c                dsy_hal_map_gpio_clk_enable
 .text.HAL_MspInit
                0x0000000008005a9c        0x4 ../DaisyExamples/libDaisy/build/libdaisy.a(stm32h7xx_hal.o)
                0x0000000008005a9c                HAL_MspInit
 .text.HAL_InitTick
                0x0000000008005aa0       0x4c ../DaisyExamples/libDaisy/build/libdaisy.a(stm32h7xx_hal.o)
                0x0000000008005aa0                HAL_InitTick
 .text.HAL_Init
                0x0000000008005aec       0x60 ../DaisyExamples/libDaisy/build/libdaisy.a(stm32h7xx_hal.o)
                0x0000000008005aec                HAL_Init
 .text.HAL_IncTick
                0x0000000008005b4c       0x18 ../DaisyExamples/libDaisy/build/libdaisy.a(stm32h7xx_hal.o)
                0x0000000008005b4c                HAL_IncTick
 .text.HAL_GetTick
                0x0000000008005b64        0xc ../DaisyExamples/libDaisy/build/libdaisy.a(stm32h7xx_hal.o)
                0x0000000008005b64                HAL_GetTick
 .text.HAL_Delay
                0x0000000008005b70       0x24 ../DaisyExamples/libDaisy/build/libdaisy.a(stm32h7xx_hal.o)
                0x0000000008005b70                HAL_Delay
 .text.HAL_GetREVID
                0x0000000008005b94        0xc ../DaisyExamples/libDaisy/build/libdaisy.a(stm32h7xx_hal.o)
                0x0000000008005b94                HAL_GetREVID
 .text.HAL_ADC_ConvHalfCpltCallback
                0x0000000008005ba0        0x4 ../DaisyExamples/libDaisy/build/libdaisy.a(stm32h7xx_hal_adc.o)
                0x0000000008005ba0                HAL_ADC_ConvHalfCpltCallback
 .text.ADC_DMAHalfConvCplt
                0x0000000008005ba4        0xc ../DaisyExamples/libDaisy/build/libdaisy.a(stm32h7xx_hal_adc.o)
                0x0000000008005ba4                ADC_DMAHalfConvCplt
 .text.ADC_DMAConvCplt
                0x0000000008005bb0       0x6c ../DaisyExamples/libDaisy/build/libdaisy.a(stm32h7xx_hal_adc.o)
                0x0000000008005bb0                ADC_DMAConvCplt
 .text.ADC_DMAError
                0x0000000008005c1c       0x1c ../DaisyExamples/libDaisy/build/libdaisy.a(stm32h7xx_hal_adc.o)
                0x0000000008005c1c                ADC_DMAError
 .text.HAL_ADC_ConfigChannel
                0x0000000008005c38      0x3fc ../DaisyExamples/libDaisy/build/libdaisy.a(stm32h7xx_hal_adc.o)
                0x0000000008005c38                HAL_ADC_ConfigChannel
 .text.ADC_Enable
                0x0000000008006034       0xac ../DaisyExamples/libDaisy/build/libdaisy.a(stm32h7xx_hal_adc.o)
                0x0000000008006034                ADC_Enable
 .text.HAL_ADC_Start_DMA
                0x00000000080060e0      0x114 ../DaisyExamples/libDaisy/build/libdaisy.a(stm32h7xx_hal_adc.o)
                0x00000000080060e0                HAL_ADC_Start_DMA
 .text.ADC_Disable
                0x00000000080061f4       0x68 ../DaisyExamples/libDaisy/build/libdaisy.a(stm32h7xx_hal_adc.o)
                0x00000000080061f4                ADC_Disable
 .text.ADC_ConfigureBoostMode
                0x000000000800625c      0x184 ../DaisyExamples/libDaisy/build/libdaisy.a(stm32h7xx_hal_adc.o)
                0x000000000800625c                ADC_ConfigureBoostMode
 .text.HAL_ADC_Init
                0x00000000080063e0      0x218 ../DaisyExamples/libDaisy/build/libdaisy.a(stm32h7xx_hal_adc.o)
                0x00000000080063e0                HAL_ADC_Init
 .text.HAL_ADCEx_Calibration_Start
                0x00000000080065f8       0xa4 ../DaisyExamples/libDaisy/build/libdaisy.a(stm32h7xx_hal_adc_ex.o)
                0x00000000080065f8                HAL_ADCEx_Calibration_Start
 .text.HAL_ADCEx_MultiModeConfigChannel
                0x000000000800669c       0xc4 ../DaisyExamples/libDaisy/build/libdaisy.a(stm32h7xx_hal_adc_ex.o)
                0x000000000800669c                HAL_ADCEx_MultiModeConfigChannel
 .text.HAL_NVIC_SetPriorityGrouping
                0x0000000008006760       0x24 ../DaisyExamples/libDaisy/build/libdaisy.a(stm32h7xx_hal_cortex.o)
                0x0000000008006760                HAL_NVIC_SetPriorityGrouping
 .text.HAL_NVIC_SetPriority
                0x0000000008006784       0x7c ../DaisyExamples/libDaisy/build/libdaisy.a(stm32h7xx_hal_cortex.o)
                0x0000000008006784                HAL_NVIC_SetPriority
 .text.HAL_NVIC_EnableIRQ
                0x0000000008006800       0x1c ../DaisyExamples/libDaisy/build/libdaisy.a(stm32h7xx_hal_cortex.o)
                0x0000000008006800                HAL_NVIC_EnableIRQ
 .text.HAL_NVIC_DisableIRQ
                0x000000000800681c       0x28 ../DaisyExamples/libDaisy/build/libdaisy.a(stm32h7xx_hal_cortex.o)
                0x000000000800681c                HAL_NVIC_DisableIRQ
 .text.HAL_SYSTICK_Config
                0x0000000008006844       0x2c ../DaisyExamples/libDaisy/build/libdaisy.a(stm32h7xx_hal_cortex.o)
                0x0000000008006844                HAL_SYSTICK_Config
 .text.HAL_MPU_Disable
                0x0000000008006870       0x1c ../DaisyExamples/libDaisy/build/libdaisy.a(stm32h7xx_hal_cortex.o)
                0x0000000008006870                HAL_MPU_Disable
 .text.HAL_MPU_Enable
                0x000000000800688c       0x20 ../DaisyExamples/libDaisy/build/libdaisy.a(stm32h7xx_hal_cortex.o)
                0x000000000800688c                HAL_MPU_Enable
 .text.HAL_MPU_ConfigRegion
                0x00000000080068ac       0x64 ../DaisyExamples/libDaisy/build/libdaisy.a(stm32h7xx_hal_cortex.o)
                0x00000000080068ac                HAL_MPU_ConfigRegion
 .text.HAL_SYSTICK_Callback
                0x0000000008006910        0x4 ../DaisyExamples/libDaisy/build/libdaisy.a(stm32h7xx_hal_cortex.o)
                0x0000000008006910                HAL_SYSTICK_Callback
 .text.HAL_SYSTICK_IRQHandler
                0x0000000008006914        0x8 ../DaisyExamples/libDaisy/build/libdaisy.a(stm32h7xx_hal_cortex.o)
                0x0000000008006914                HAL_SYSTICK_IRQHandler
 .text.DMA_CalcBaseAndBitshift
                0x000000000800691c       0xf4 ../DaisyExamples/libDaisy/build/libdaisy.a(stm32h7xx_hal_dma.o)
 .text.DMA_CalcDMAMUXChannelBaseAndMask
                0x0000000008006a10       0xd8 ../DaisyExamples/libDaisy/build/libdaisy.a(stm32h7xx_hal_dma.o)
 .text.HAL_DMA_Init
                0x0000000008006ae8      0x37c ../DaisyExamples/libDaisy/build/libdaisy.a(stm32h7xx_hal_dma.o)
                0x0000000008006ae8                HAL_DMA_Init
 .text.HAL_DMA_Start_IT
                0x0000000008006e64      0x240 ../DaisyExamples/libDaisy/build/libdaisy.a(stm32h7xx_hal_dma.o)
                0x0000000008006e64                HAL_DMA_Start_IT
 .text.HAL_DMA_Abort_IT
                0x00000000080070a4      0x134 ../DaisyExamples/libDaisy/build/libdaisy.a(stm32h7xx_hal_dma.o)
                0x00000000080070a4                HAL_DMA_Abort_IT
 .text.HAL_DMA_IRQHandler
                0x00000000080071d8      0x6a0 ../DaisyExamples/libDaisy/build/libdaisy.a(stm32h7xx_hal_dma.o)
                0x00000000080071d8                HAL_DMA_IRQHandler
 .text.HAL_DMA_GetError
                0x0000000008007878        0x4 ../DaisyExamples/libDaisy/build/libdaisy.a(stm32h7xx_hal_dma.o)
                0x0000000008007878                HAL_DMA_GetError
 .text.HAL_GPIO_Init
                0x000000000800787c      0x280 ../DaisyExamples/libDaisy/build/libdaisy.a(stm32h7xx_hal_gpio.o)
                0x000000000800787c                HAL_GPIO_Init
 .text.HAL_GPIO_DeInit
                0x0000000008007afc      0x190 ../DaisyExamples/libDaisy/build/libdaisy.a(stm32h7xx_hal_gpio.o)
                0x0000000008007afc                HAL_GPIO_DeInit
 .text.HAL_GPIO_ReadPin
                0x0000000008007c8c        0xc ../DaisyExamples/libDaisy/build/libdaisy.a(stm32h7xx_hal_gpio.o)
                0x0000000008007c8c                HAL_GPIO_ReadPin
 .text.HAL_GPIO_WritePin
                0x0000000008007c98        0x8 ../DaisyExamples/libDaisy/build/libdaisy.a(stm32h7xx_hal_gpio.o)
                0x0000000008007c98                HAL_GPIO_WritePin
 .text.HAL_HCD_IRQHandler
                0x0000000008007ca0      0x780 ../DaisyExamples/libDaisy/build/libdaisy.a(stm32h7xx_hal_hcd.o)
                0x0000000008007ca0                HAL_HCD_IRQHandler
 .text.HAL_HCD_Stop
                0x0000000008008420       0x28 ../DaisyExamples/libDaisy/build/libdaisy.a(stm32h7xx_hal_hcd.o)
                0x0000000008008420                HAL_HCD_Stop
 .text.I2C_WaitOnTXISFlagUntilTimeout
                0x0000000008008448       0xb8 ../DaisyExamples/libDaisy/build/libdaisy.a(stm32h7xx_hal_i2c.o)
 .text.I2C_WaitOnSTOPFlagUntilTimeout
                0x0000000008008500       0xac ../DaisyExamples/libDaisy/build/libdaisy.a(stm32h7xx_hal_i2c.o)
 .text.HAL_I2C_Init
                0x00000000080085ac       0xac ../DaisyExamples/libDaisy/build/libdaisy.a(stm32h7xx_hal_i2c.o)
                0x00000000080085ac                HAL_I2C_Init
 .text.HAL_I2C_Master_Transmit
                0x0000000008008658      0x1a8 ../DaisyExamples/libDaisy/build/libdaisy.a(stm32h7xx_hal_i2c.o)
                0x0000000008008658                HAL_I2C_Master_Transmit
 .text.HAL_I2C_Slave_Transmit
                0x0000000008008800      0x1c8 ../DaisyExamples/libDaisy/build/libdaisy.a(stm32h7xx_hal_i2c.o)
                0x0000000008008800                HAL_I2C_Slave_Transmit
 .text.HAL_I2C_EV_IRQHandler
                0x00000000080089c8       0x10 ../DaisyExamples/libDaisy/build/libdaisy.a(stm32h7xx_hal_i2c.o)
                0x00000000080089c8                HAL_I2C_EV_IRQHandler
 .text.HAL_I2C_GetState
                0x00000000080089d8        0x8 ../DaisyExamples/libDaisy/build/libdaisy.a(stm32h7xx_hal_i2c.o)
                0x00000000080089d8                HAL_I2C_GetState
 .text.HAL_I2CEx_ConfigAnalogFilter
                0x00000000080089e0       0x54 ../DaisyExamples/libDaisy/build/libdaisy.a(stm32h7xx_hal_i2c_ex.o)
                0x00000000080089e0                HAL_I2CEx_ConfigAnalogFilter
 .text.HAL_I2CEx_ConfigDigitalFilter
                0x0000000008008a34       0x58 ../DaisyExamples/libDaisy/build/libdaisy.a(stm32h7xx_hal_i2c_ex.o)
                0x0000000008008a34                HAL_I2CEx_ConfigDigitalFilter
 .text.HAL_PCD_IRQHandler
                0x0000000008008a8c      0x69c ../DaisyExamples/libDaisy/build/libdaisy.a(stm32h7xx_hal_pcd.o)
                0x0000000008008a8c                HAL_PCD_IRQHandler
 .text.HAL_PCD_SetAddress
                0x0000000008009128       0x2c ../DaisyExamples/libDaisy/build/libdaisy.a(stm32h7xx_hal_pcd.o)
                0x0000000008009128                HAL_PCD_SetAddress
 .text.HAL_PCD_EP_Open
                0x0000000008009154       0x7c ../DaisyExamples/libDaisy/build/libdaisy.a(stm32h7xx_hal_pcd.o)
                0x0000000008009154                HAL_PCD_EP_Open
 .text.HAL_PCD_EP_Receive
                0x00000000080091d0       0x50 ../DaisyExamples/libDaisy/build/libdaisy.a(stm32h7xx_hal_pcd.o)
                0x00000000080091d0                HAL_PCD_EP_Receive
 .text.HAL_PCD_EP_Transmit
                0x0000000008009220       0x50 ../DaisyExamples/libDaisy/build/libdaisy.a(stm32h7xx_hal_pcd.o)
                0x0000000008009220                HAL_PCD_EP_Transmit
 .text.HAL_PCD_EP_SetStall
                0x0000000008009270       0x88 ../DaisyExamples/libDaisy/build/libdaisy.a(stm32h7xx_hal_pcd.o)
                0x0000000008009270                HAL_PCD_EP_SetStall
 .text.HAL_PCD_EP_ClrStall
                0x00000000080092f8       0x78 ../DaisyExamples/libDaisy/build/libdaisy.a(stm32h7xx_hal_pcd.o)
                0x00000000080092f8                HAL_PCD_EP_ClrStall
 .text.HAL_PCDEx_LPM_Callback
                0x0000000008009370        0x4 ../DaisyExamples/libDaisy/build/libdaisy.a(stm32h7xx_hal_pcd_ex.o)
                0x0000000008009370                HAL_PCDEx_LPM_Callback
 .text.HAL_PWREx_ConfigSupply
                0x0000000008009374       0x4c ../DaisyExamples/libDaisy/build/libdaisy.a(stm32h7xx_hal_pwr_ex.o)
                0x0000000008009374                HAL_PWREx_ConfigSupply
 .text.HAL_PWREx_EnableUSBVoltageDetector
                0x00000000080093c0       0x10 ../DaisyExamples/libDaisy/build/libdaisy.a(stm32h7xx_hal_pwr_ex.o)
                0x00000000080093c0                HAL_PWREx_EnableUSBVoltageDetector
 .text.QSPI_Config
                0x00000000080093d0      0x174 ../DaisyExamples/libDaisy/build/libdaisy.a(stm32h7xx_hal_qspi.o)
 .text.HAL_QSPI_Init
                0x0000000008009544       0xd8 ../DaisyExamples/libDaisy/build/libdaisy.a(stm32h7xx_hal_qspi.o)
                0x0000000008009544                HAL_QSPI_Init
 .text.HAL_QSPI_DeInit
                0x000000000800961c       0x3c ../DaisyExamples/libDaisy/build/libdaisy.a(stm32h7xx_hal_qspi.o)
                0x000000000800961c                HAL_QSPI_DeInit
 .text.HAL_QSPI_Command
                0x0000000008009658       0xd4 ../DaisyExamples/libDaisy/build/libdaisy.a(stm32h7xx_hal_qspi.o)
                0x0000000008009658                HAL_QSPI_Command
 .text.HAL_QSPI_Transmit
                0x000000000800972c       0xfc ../DaisyExamples/libDaisy/build/libdaisy.a(stm32h7xx_hal_qspi.o)
                0x000000000800972c                HAL_QSPI_Transmit
 .text.HAL_QSPI_Receive
                0x0000000008009828      0x108 ../DaisyExamples/libDaisy/build/libdaisy.a(stm32h7xx_hal_qspi.o)
                0x0000000008009828                HAL_QSPI_Receive
 .text.HAL_QSPI_AutoPolling
                0x0000000008009930       0xf0 ../DaisyExamples/libDaisy/build/libdaisy.a(stm32h7xx_hal_qspi.o)
                0x0000000008009930                HAL_QSPI_AutoPolling
 .text.HAL_QSPI_MemoryMapped
                0x0000000008009a20       0xc0 ../DaisyExamples/libDaisy/build/libdaisy.a(stm32h7xx_hal_qspi.o)
                0x0000000008009a20                HAL_QSPI_MemoryMapped
 .text.HAL_QSPI_ErrorCallback
                0x0000000008009ae0        0x4 ../DaisyExamples/libDaisy/build/libdaisy.a(stm32h7xx_hal_qspi.o)
                0x0000000008009ae0                HAL_QSPI_ErrorCallback
 .text.QSPI_DMAAbortCplt
                0x0000000008009ae4       0x38 ../DaisyExamples/libDaisy/build/libdaisy.a(stm32h7xx_hal_qspi.o)
 .text.HAL_QSPI_AbortCpltCallback
                0x0000000008009b1c        0x4 ../DaisyExamples/libDaisy/build/libdaisy.a(stm32h7xx_hal_qspi.o)
                0x0000000008009b1c                HAL_QSPI_AbortCpltCallback
 .text.HAL_QSPI_CmdCpltCallback
                0x0000000008009b20        0x4 ../DaisyExamples/libDaisy/build/libdaisy.a(stm32h7xx_hal_qspi.o)
                0x0000000008009b20                HAL_QSPI_CmdCpltCallback
 .text.HAL_QSPI_RxCpltCallback
                0x0000000008009b24        0x4 ../DaisyExamples/libDaisy/build/libdaisy.a(stm32h7xx_hal_qspi.o)
                0x0000000008009b24                HAL_QSPI_RxCpltCallback
 .text.HAL_QSPI_TxCpltCallback
                0x0000000008009b28        0x4 ../DaisyExamples/libDaisy/build/libdaisy.a(stm32h7xx_hal_qspi.o)
                0x0000000008009b28                HAL_QSPI_TxCpltCallback
 .text.HAL_QSPI_FifoThresholdCallback
                0x0000000008009b2c        0x4 ../DaisyExamples/libDaisy/build/libdaisy.a(stm32h7xx_hal_qspi.o)
                0x0000000008009b2c                HAL_QSPI_FifoThresholdCallback
 .text.HAL_QSPI_StatusMatchCallback
                0x0000000008009b30        0x4 ../DaisyExamples/libDaisy/build/libdaisy.a(stm32h7xx_hal_qspi.o)
                0x0000000008009b30                HAL_QSPI_StatusMatchCallback
 .text.HAL_QSPI_TimeOutCallback
                0x0000000008009b34        0x4 ../DaisyExamples/libDaisy/build/libdaisy.a(stm32h7xx_hal_qspi.o)
                0x0000000008009b34                HAL_QSPI_TimeOutCallback
 .text.HAL_QSPI_IRQHandler
                0x0000000008009b38      0x210 ../DaisyExamples/libDaisy/build/libdaisy.a(stm32h7xx_hal_qspi.o)
                0x0000000008009b38                HAL_QSPI_IRQHandler
 .text.HAL_RCC_OscConfig
                0x0000000008009d48      0x51c ../DaisyExamples/libDaisy/build/libdaisy.a(stm32h7xx_hal_rcc.o)
                0x0000000008009d48                HAL_RCC_OscConfig
 .text.HAL_RCC_GetSysClockFreq
                0x000000000800a264      0x140 ../DaisyExamples/libDaisy/build/libdaisy.a(stm32h7xx_hal_rcc.o)
                0x000000000800a264                HAL_RCC_GetSysClockFreq
 .text.HAL_RCC_ClockConfig
                0x000000000800a3a4      0x234 ../DaisyExamples/libDaisy/build/libdaisy.a(stm32h7xx_hal_rcc.o)
                0x000000000800a3a4                HAL_RCC_ClockConfig
 .text.HAL_RCC_GetHCLKFreq
                0x000000000800a5d8       0x2c ../DaisyExamples/libDaisy/build/libdaisy.a(stm32h7xx_hal_rcc.o)
                0x000000000800a5d8                HAL_RCC_GetHCLKFreq
 .text.HAL_RCC_GetPCLK1Freq
                0x000000000800a604       0x38 ../DaisyExamples/libDaisy/build/libdaisy.a(stm32h7xx_hal_rcc.o)
                0x000000000800a604                HAL_RCC_GetPCLK1Freq
 .text.HAL_RCC_GetPCLK2Freq
                0x000000000800a63c       0x38 ../DaisyExamples/libDaisy/build/libdaisy.a(stm32h7xx_hal_rcc.o)
                0x000000000800a63c                HAL_RCC_GetPCLK2Freq
 .text.RCCEx_PLL2_Config
                0x000000000800a674       0xf4 ../DaisyExamples/libDaisy/build/libdaisy.a(stm32h7xx_hal_rcc_ex.o)
 .text.RCCEx_PLL3_Config
                0x000000000800a768       0xf4 ../DaisyExamples/libDaisy/build/libdaisy.a(stm32h7xx_hal_rcc_ex.o)
 .text.HAL_RCCEx_PeriphCLKConfig
                0x000000000800a85c      0xa7c ../DaisyExamples/libDaisy/build/libdaisy.a(stm32h7xx_hal_rcc_ex.o)
                0x000000000800a85c                HAL_RCCEx_PeriphCLKConfig
 .text.HAL_RCCEx_GetD3PCLK1Freq
                0x000000000800b2d8       0x24 ../DaisyExamples/libDaisy/build/libdaisy.a(stm32h7xx_hal_rcc_ex.o)
                0x000000000800b2d8                HAL_RCCEx_GetD3PCLK1Freq
 .text.HAL_RCCEx_GetPLL2ClockFreq
                0x000000000800b2fc      0x17c ../DaisyExamples/libDaisy/build/libdaisy.a(stm32h7xx_hal_rcc_ex.o)
                0x000000000800b2fc                HAL_RCCEx_GetPLL2ClockFreq
 .text.HAL_RCCEx_GetPLL3ClockFreq
                0x000000000800b478      0x17c ../DaisyExamples/libDaisy/build/libdaisy.a(stm32h7xx_hal_rcc_ex.o)
                0x000000000800b478                HAL_RCCEx_GetPLL3ClockFreq
 .text.HAL_RCCEx_GetPLL1ClockFreq
                0x000000000800b5f4      0x17c ../DaisyExamples/libDaisy/build/libdaisy.a(stm32h7xx_hal_rcc_ex.o)
                0x000000000800b5f4                HAL_RCCEx_GetPLL1ClockFreq
 .text.HAL_RCCEx_GetPeriphCLKFreq
                0x000000000800b770      0x198 ../DaisyExamples/libDaisy/build/libdaisy.a(stm32h7xx_hal_rcc_ex.o)
                0x000000000800b770                HAL_RCCEx_GetPeriphCLKFreq
 .text.HAL_RCCEx_GetD1SysClockFreq
                0x000000000800b908       0x2c ../DaisyExamples/libDaisy/build/libdaisy.a(stm32h7xx_hal_rcc_ex.o)
                0x000000000800b908                HAL_RCCEx_GetD1SysClockFreq
 .text.HAL_SAI_Init.part.0
                0x000000000800b934      0x348 ../DaisyExamples/libDaisy/build/libdaisy.a(stm32h7xx_hal_sai.o)
 .text.HAL_SAI_InitProtocol
                0x000000000800bc7c      0x178 ../DaisyExamples/libDaisy/build/libdaisy.a(stm32h7xx_hal_sai.o)
                0x000000000800bc7c                HAL_SAI_InitProtocol
 .text.HAL_SAI_Transmit_DMA
                0x000000000800bdf4      0x124 ../DaisyExamples/libDaisy/build/libdaisy.a(stm32h7xx_hal_sai.o)
                0x000000000800bdf4                HAL_SAI_Transmit_DMA
 .text.HAL_SAI_Receive_DMA
                0x000000000800bf18       0xd0 ../DaisyExamples/libDaisy/build/libdaisy.a(stm32h7xx_hal_sai.o)
                0x000000000800bf18                HAL_SAI_Receive_DMA
 .text.HAL_SAI_TxCpltCallback
                0x000000000800bfe8        0x4 ../DaisyExamples/libDaisy/build/libdaisy.a(stm32h7xx_hal_sai.o)
                0x000000000800bfe8                HAL_SAI_TxCpltCallback
 .text.SAI_DMATxCplt
                0x000000000800bfec       0x64 ../DaisyExamples/libDaisy/build/libdaisy.a(stm32h7xx_hal_sai.o)
 .text.HAL_SAI_TxHalfCpltCallback
                0x000000000800c050        0x4 ../DaisyExamples/libDaisy/build/libdaisy.a(stm32h7xx_hal_sai.o)
                0x000000000800c050                HAL_SAI_TxHalfCpltCallback
 .text.SAI_DMATxHalfCplt
                0x000000000800c054        0xc ../DaisyExamples/libDaisy/build/libdaisy.a(stm32h7xx_hal_sai.o)
 .text.SAI_DMARxCplt
                0x000000000800c060       0x64 ../DaisyExamples/libDaisy/build/libdaisy.a(stm32h7xx_hal_sai.o)
 .text.SAI_DMARxHalfCplt
                0x000000000800c0c4        0xc ../DaisyExamples/libDaisy/build/libdaisy.a(stm32h7xx_hal_sai.o)
 .text.HAL_SAI_ErrorCallback
                0x000000000800c0d0        0x4 ../DaisyExamples/libDaisy/build/libdaisy.a(stm32h7xx_hal_sai.o)
                0x000000000800c0d0                HAL_SAI_ErrorCallback
 .text.SAI_DMAError
                0x000000000800c0d4       0x6c ../DaisyExamples/libDaisy/build/libdaisy.a(stm32h7xx_hal_sai.o)
 .text.HAL_SDRAM_Init
                0x000000000800c140       0x54 ../DaisyExamples/libDaisy/build/libdaisy.a(stm32h7xx_hal_sdram.o)
                0x000000000800c140                HAL_SDRAM_Init
 .text.HAL_SDRAM_SendCommand
                0x000000000800c194       0x40 ../DaisyExamples/libDaisy/build/libdaisy.a(stm32h7xx_hal_sdram.o)
                0x000000000800c194                HAL_SDRAM_SendCommand
 .text.HAL_SDRAM_ProgramRefreshRate
                0x000000000800c1d4       0x30 ../DaisyExamples/libDaisy/build/libdaisy.a(stm32h7xx_hal_sdram.o)
                0x000000000800c1d4                HAL_SDRAM_ProgramRefreshRate
 .text.HAL_UART_Transmit_DMA
                0x000000000800c204       0xa4 ../DaisyExamples/libDaisy/build/libdaisy.a(stm32h7xx_hal_uart.o)
                0x000000000800c204                HAL_UART_Transmit_DMA
 .text.HAL_UART_Receive_DMA
                0x000000000800c2a8       0xac ../DaisyExamples/libDaisy/build/libdaisy.a(stm32h7xx_hal_uart.o)
                0x000000000800c2a8                HAL_UART_Receive_DMA
 .text.UART_DMATransmitCplt
                0x000000000800c354       0x2c ../DaisyExamples/libDaisy/build/libdaisy.a(stm32h7xx_hal_uart.o)
 .text.HAL_UART_TxHalfCpltCallback
                0x000000000800c380        0x4 ../DaisyExamples/libDaisy/build/libdaisy.a(stm32h7xx_hal_uart.o)
                0x000000000800c380                HAL_UART_TxHalfCpltCallback
 .text.UART_DMATxHalfCplt
                0x000000000800c384        0xc ../DaisyExamples/libDaisy/build/libdaisy.a(stm32h7xx_hal_uart.o)
 .text.UART_DMAReceiveCplt
                0x000000000800c390       0x38 ../DaisyExamples/libDaisy/build/libdaisy.a(stm32h7xx_hal_uart.o)
 .text.UART_DMARxHalfCplt
                0x000000000800c3c8        0xc ../DaisyExamples/libDaisy/build/libdaisy.a(stm32h7xx_hal_uart.o)
 .text.UART_DMAError
                0x000000000800c3d4       0x78 ../DaisyExamples/libDaisy/build/libdaisy.a(stm32h7xx_hal_uart.o)
 .text.HAL_UART_IRQHandler
                0x000000000800c44c      0x1d0 ../DaisyExamples/libDaisy/build/libdaisy.a(stm32h7xx_hal_uart.o)
                0x000000000800c44c                HAL_UART_IRQHandler
 .text.UART_DMAAbortOnError
                0x000000000800c61c       0x14 ../DaisyExamples/libDaisy/build/libdaisy.a(stm32h7xx_hal_uart.o)
 .text.HAL_UART_GetState
                0x000000000800c630        0xc ../DaisyExamples/libDaisy/build/libdaisy.a(stm32h7xx_hal_uart.o)
                0x000000000800c630                HAL_UART_GetState
 .text.UART_SetConfig
                0x000000000800c63c     0x14b8 ../DaisyExamples/libDaisy/build/libdaisy.a(stm32h7xx_hal_uart.o)
                0x000000000800c63c                UART_SetConfig
 .text.UART_AdvFeatureConfig
                0x000000000800daf4       0xb0 ../DaisyExamples/libDaisy/build/libdaisy.a(stm32h7xx_hal_uart.o)
                0x000000000800daf4                UART_AdvFeatureConfig
 .text.UART_CheckIdleState
                0x000000000800dba4       0x84 ../DaisyExamples/libDaisy/build/libdaisy.a(stm32h7xx_hal_uart.o)
                0x000000000800dba4                UART_CheckIdleState
 .text.HAL_UART_Init
                0x000000000800dc28       0x68 ../DaisyExamples/libDaisy/build/libdaisy.a(stm32h7xx_hal_uart.o)
                0x000000000800dc28                HAL_UART_Init
 .text.HAL_UARTEx_WakeupCallback
                0x000000000800dc90        0x4 ../DaisyExamples/libDaisy/build/libdaisy.a(stm32h7xx_hal_uart_ex.o)
                0x000000000800dc90                HAL_UARTEx_WakeupCallback
 .text.HAL_UARTEx_RxFifoFullCallback
                0x000000000800dc94        0x4 ../DaisyExamples/libDaisy/build/libdaisy.a(stm32h7xx_hal_uart_ex.o)
                0x000000000800dc94                HAL_UARTEx_RxFifoFullCallback
 .text.HAL_UARTEx_TxFifoEmptyCallback
                0x000000000800dc98        0x4 ../DaisyExamples/libDaisy/build/libdaisy.a(stm32h7xx_hal_uart_ex.o)
                0x000000000800dc98                HAL_UARTEx_TxFifoEmptyCallback
 .text.HAL_UARTEx_DisableFifoMode
                0x000000000800dc9c       0x3c ../DaisyExamples/libDaisy/build/libdaisy.a(stm32h7xx_hal_uart_ex.o)
                0x000000000800dc9c                HAL_UARTEx_DisableFifoMode
 .text.HAL_UARTEx_SetTxFifoThreshold
                0x000000000800dcd8       0xa4 ../DaisyExamples/libDaisy/build/libdaisy.a(stm32h7xx_hal_uart_ex.o)
                0x000000000800dcd8                HAL_UARTEx_SetTxFifoThreshold
 .text.HAL_UARTEx_SetRxFifoThreshold
                0x000000000800dd7c       0xa4 ../DaisyExamples/libDaisy/build/libdaisy.a(stm32h7xx_hal_uart_ex.o)
                0x000000000800dd7c                HAL_UARTEx_SetRxFifoThreshold
 .text.FMC_SDRAM_Init
                0x000000000800de20       0x7c ../DaisyExamples/libDaisy/build/libdaisy.a(stm32h7xx_ll_fmc.o)
                0x000000000800de20                FMC_SDRAM_Init
 .text.FMC_SDRAM_Timing_Init
                0x000000000800de9c       0x98 ../DaisyExamples/libDaisy/build/libdaisy.a(stm32h7xx_ll_fmc.o)
                0x000000000800de9c                FMC_SDRAM_Timing_Init
 .text.FMC_SDRAM_SendCommand
                0x000000000800df34       0x28 ../DaisyExamples/libDaisy/build/libdaisy.a(stm32h7xx_ll_fmc.o)
                0x000000000800df34                FMC_SDRAM_SendCommand
 .text.FMC_SDRAM_ProgramRefreshRate
                0x000000000800df5c       0x1c ../DaisyExamples/libDaisy/build/libdaisy.a(stm32h7xx_ll_fmc.o)
                0x000000000800df5c                FMC_SDRAM_ProgramRefreshRate
 .text.USB_SetTurnaroundTime
                0x000000000800df78      0x104 ../DaisyExamples/libDaisy/build/libdaisy.a(stm32h7xx_ll_usb.o)
                0x000000000800df78                USB_SetTurnaroundTime
 .text.USB_FlushTxFifo
                0x000000000800e07c       0x34 ../DaisyExamples/libDaisy/build/libdaisy.a(stm32h7xx_ll_usb.o)
                0x000000000800e07c                USB_FlushTxFifo
 .text.USB_GetDevSpeed
                0x000000000800e0b0       0x24 ../DaisyExamples/libDaisy/build/libdaisy.a(stm32h7xx_ll_usb.o)
                0x000000000800e0b0                USB_GetDevSpeed
 .text.USB_ActivateEndpoint
                0x000000000800e0d4       0x90 ../DaisyExamples/libDaisy/build/libdaisy.a(stm32h7xx_ll_usb.o)
                0x000000000800e0d4                USB_ActivateEndpoint
 .text.USB_EPStartXfer
                0x000000000800e164      0x230 ../DaisyExamples/libDaisy/build/libdaisy.a(stm32h7xx_ll_usb.o)
                0x000000000800e164                USB_EPStartXfer
 .text.USB_EP0StartXfer
                0x000000000800e394      0x174 ../DaisyExamples/libDaisy/build/libdaisy.a(stm32h7xx_ll_usb.o)
                0x000000000800e394                USB_EP0StartXfer
 .text.USB_WritePacket
                0x000000000800e508       0x2c ../DaisyExamples/libDaisy/build/libdaisy.a(stm32h7xx_ll_usb.o)
                0x000000000800e508                USB_WritePacket
 .text.USB_ReadPacket
                0x000000000800e534       0x20 ../DaisyExamples/libDaisy/build/libdaisy.a(stm32h7xx_ll_usb.o)
                0x000000000800e534                USB_ReadPacket
 .text.USB_EPSetStall
                0x000000000800e554       0x68 ../DaisyExamples/libDaisy/build/libdaisy.a(stm32h7xx_ll_usb.o)
                0x000000000800e554                USB_EPSetStall
 .text.USB_EPClearStall
                0x000000000800e5bc       0x58 ../DaisyExamples/libDaisy/build/libdaisy.a(stm32h7xx_ll_usb.o)
                0x000000000800e5bc                USB_EPClearStall
 .text.USB_SetDevAddress
                0x000000000800e614       0x24 ../DaisyExamples/libDaisy/build/libdaisy.a(stm32h7xx_ll_usb.o)
                0x000000000800e614                USB_SetDevAddress
 .text.USB_ReadInterrupts
                0x000000000800e638       0x14 ../DaisyExamples/libDaisy/build/libdaisy.a(stm32h7xx_ll_usb.o)
                0x000000000800e638                USB_ReadInterrupts
 .text.USB_ReadDevAllOutEpInterrupt
                0x000000000800e64c       0x1c ../DaisyExamples/libDaisy/build/libdaisy.a(stm32h7xx_ll_usb.o)
                0x000000000800e64c                USB_ReadDevAllOutEpInterrupt
 .text.USB_ReadDevAllInEpInterrupt
                0x000000000800e668       0x1c ../DaisyExamples/libDaisy/build/libdaisy.a(stm32h7xx_ll_usb.o)
                0x000000000800e668                USB_ReadDevAllInEpInterrupt
 .text.USB_ReadDevOutEPInterrupt
                0x000000000800e684       0x1c ../DaisyExamples/libDaisy/build/libdaisy.a(stm32h7xx_ll_usb.o)
                0x000000000800e684                USB_ReadDevOutEPInterrupt
 .text.USB_ReadDevInEPInterrupt
                0x000000000800e6a0       0x38 ../DaisyExamples/libDaisy/build/libdaisy.a(stm32h7xx_ll_usb.o)
                0x000000000800e6a0                USB_ReadDevInEPInterrupt
 .text.USB_GetMode
                0x000000000800e6d8        0x8 ../DaisyExamples/libDaisy/build/libdaisy.a(stm32h7xx_ll_usb.o)
                0x000000000800e6d8                USB_GetMode
 .text.USB_ActivateSetup
                0x000000000800e6e0       0x38 ../DaisyExamples/libDaisy/build/libdaisy.a(stm32h7xx_ll_usb.o)
                0x000000000800e6e0                USB_ActivateSetup
 .text.USB_EP0_OutStart
                0x000000000800e718       0x58 ../DaisyExamples/libDaisy/build/libdaisy.a(stm32h7xx_ll_usb.o)
                0x000000000800e718                USB_EP0_OutStart
 .text.USB_InitFSLSPClkSel
                0x000000000800e770       0x44 ../DaisyExamples/libDaisy/build/libdaisy.a(stm32h7xx_ll_usb.o)
                0x000000000800e770                USB_InitFSLSPClkSel
 .text.USB_HC_ReadInterrupt
                0x000000000800e7b4        0x8 ../DaisyExamples/libDaisy/build/libdaisy.a(stm32h7xx_ll_usb.o)
                0x000000000800e7b4                USB_HC_ReadInterrupt
 .text.USB_HC_Halt
                0x000000000800e7bc       0xc0 ../DaisyExamples/libDaisy/build/libdaisy.a(stm32h7xx_ll_usb.o)
                0x000000000800e7bc                USB_HC_Halt
 .text.USB_StopHost
                0x000000000800e87c      0x2ec ../DaisyExamples/libDaisy/build/libdaisy.a(stm32h7xx_ll_usb.o)
                0x000000000800e87c                USB_StopHost
 .text.USBD_SetClassConfig
                0x000000000800eb68       0x14 ../DaisyExamples/libDaisy/build/libdaisy.a(usbd_core.o)
                0x000000000800eb68                USBD_SetClassConfig
 .text.USBD_ClrClassConfig
                0x000000000800eb7c       0x10 ../DaisyExamples/libDaisy/build/libdaisy.a(usbd_core.o)
                0x000000000800eb7c                USBD_ClrClassConfig
 .text.USBD_LL_SetupStage
                0x000000000800eb8c       0x5c ../DaisyExamples/libDaisy/build/libdaisy.a(usbd_core.o)
                0x000000000800eb8c                USBD_LL_SetupStage
 .text.USBD_LL_DataOutStage
                0x000000000800ebe8       0x7c ../DaisyExamples/libDaisy/build/libdaisy.a(usbd_core.o)
                0x000000000800ebe8                USBD_LL_DataOutStage
 .text.USBD_LL_DataInStage
                0x000000000800ec64       0xcc ../DaisyExamples/libDaisy/build/libdaisy.a(usbd_core.o)
                0x000000000800ec64                USBD_LL_DataInStage
 .text.USBD_LL_Reset
                0x000000000800ed30       0x50 ../DaisyExamples/libDaisy/build/libdaisy.a(usbd_core.o)
                0x000000000800ed30                USBD_LL_Reset
 .text.USBD_LL_SetSpeed
                0x000000000800ed80        0x8 ../DaisyExamples/libDaisy/build/libdaisy.a(usbd_core.o)
                0x000000000800ed80                USBD_LL_SetSpeed
 .text.USBD_LL_Suspend
                0x000000000800ed88       0x14 ../DaisyExamples/libDaisy/build/libdaisy.a(usbd_core.o)
                0x000000000800ed88                USBD_LL_Suspend
 .text.USBD_LL_Resume
                0x000000000800ed9c       0x10 ../DaisyExamples/libDaisy/build/libdaisy.a(usbd_core.o)
                0x000000000800ed9c                USBD_LL_Resume
 .text.USBD_LL_SOF
                0x000000000800edac       0x1c ../DaisyExamples/libDaisy/build/libdaisy.a(usbd_core.o)
                0x000000000800edac                USBD_LL_SOF
 .text.USBD_LL_IsoINIncomplete
                0x000000000800edc8        0x4 ../DaisyExamples/libDaisy/build/libdaisy.a(usbd_core.o)
                0x000000000800edc8                USBD_LL_IsoINIncomplete
 .text.USBD_LL_IsoOUTIncomplete
                0x000000000800edcc        0x4 ../DaisyExamples/libDaisy/build/libdaisy.a(usbd_core.o)
                0x000000000800edcc                USBD_LL_IsoOUTIncomplete
 .text.USBD_LL_DevConnected
                0x000000000800edd0        0x4 ../DaisyExamples/libDaisy/build/libdaisy.a(usbd_core.o)
                0x000000000800edd0                USBD_LL_DevConnected
 .text.USBD_LL_DevDisconnected
                0x000000000800edd4       0x18 ../DaisyExamples/libDaisy/build/libdaisy.a(usbd_core.o)
                0x000000000800edd4                USBD_LL_DevDisconnected
 .text.USBD_StdDevReq
                0x000000000800edec      0x304 ../DaisyExamples/libDaisy/build/libdaisy.a(usbd_ctlreq.o)
                0x000000000800edec                USBD_StdDevReq
 .text.USBD_StdItfReq
                0x000000000800f0f0       0x68 ../DaisyExamples/libDaisy/build/libdaisy.a(usbd_ctlreq.o)
                0x000000000800f0f0                USBD_StdItfReq
 .text.USBD_StdEPReq
                0x000000000800f158      0x13c ../DaisyExamples/libDaisy/build/libdaisy.a(usbd_ctlreq.o)
                0x000000000800f158                USBD_StdEPReq
 .text.USBD_ParseSetupRequest
                0x000000000800f294       0x28 ../DaisyExamples/libDaisy/build/libdaisy.a(usbd_ctlreq.o)
                0x000000000800f294                USBD_ParseSetupRequest
 .text.USBD_CtlSendData
                0x000000000800f2bc       0x1c ../DaisyExamples/libDaisy/build/libdaisy.a(usbd_ioreq.o)
                0x000000000800f2bc                USBD_CtlSendData
 .text.USBD_CtlContinueSendData
                0x000000000800f2d8       0x14 ../DaisyExamples/libDaisy/build/libdaisy.a(usbd_ioreq.o)
                0x000000000800f2d8                USBD_CtlContinueSendData
 .text.USBD_CtlContinueRx
                0x000000000800f2ec       0x14 ../DaisyExamples/libDaisy/build/libdaisy.a(usbd_ioreq.o)
                0x000000000800f2ec                USBD_CtlContinueRx
 .text.USBD_CtlSendStatus
                0x000000000800f300       0x18 ../DaisyExamples/libDaisy/build/libdaisy.a(usbd_ioreq.o)
                0x000000000800f300                USBD_CtlSendStatus
 .text.USBD_CtlReceiveStatus
                0x000000000800f318       0x18 ../DaisyExamples/libDaisy/build/libdaisy.a(usbd_ioreq.o)
                0x000000000800f318                USBD_CtlReceiveStatus
 .text.USBH_LL_IncTimer
                0x000000000800f330       0x20 ../DaisyExamples/libDaisy/build/libdaisy.a(usbh_core.o)
                0x000000000800f330                USBH_LL_IncTimer
 .text.USBH_LL_PortEnabled
                0x000000000800f350        0x8 ../DaisyExamples/libDaisy/build/libdaisy.a(usbh_core.o)
                0x000000000800f350                USBH_LL_PortEnabled
 .text.USBH_LL_PortDisabled
                0x000000000800f358        0x8 ../DaisyExamples/libDaisy/build/libdaisy.a(usbh_core.o)
                0x000000000800f358                USBH_LL_PortDisabled
 .text.USBH_LL_Connect
                0x000000000800f360       0x18 ../DaisyExamples/libDaisy/build/libdaisy.a(usbh_core.o)
                0x000000000800f360                USBH_LL_Connect
 .text.USBH_LL_Disconnect
                0x000000000800f378       0x2c ../DaisyExamples/libDaisy/build/libdaisy.a(usbh_core.o)
                0x000000000800f378                USBH_LL_Disconnect
 .text.USBH_FreePipe
                0x000000000800f3a4       0x18 ../DaisyExamples/libDaisy/build/libdaisy.a(usbh_pipes.o)
                0x000000000800f3a4                USBH_FreePipe
 .text._ZN5daisy3Led4InitE12dsy_gpio_pinbf
                0x000000000800f3bc       0x48 ../DaisyExamples/libDaisy/build/libdaisy.a(led.o)
                0x000000000800f3bc                daisy::Led::Init(dsy_gpio_pin, bool, float)
 .text._ZN5daisy3Led3SetEf
                0x000000000800f404       0x24 ../DaisyExamples/libDaisy/build/libdaisy.a(led.o)
                0x000000000800f404                daisy::Led::Set(float)
 .text._ZN5daisy3Led6UpdateEv
                0x000000000800f428       0x48 ../DaisyExamples/libDaisy/build/libdaisy.a(led.o)
                0x000000000800f428                daisy::Led::Update()
 .text._ZN5daisy6Random4InitEv
                0x000000000800f470       0x3c ../DaisyExamples/libDaisy/build/libdaisy.a(rng.o)
                0x000000000800f470                daisy::Random::Init()
 .text._ZN5daisy9SpiHandle4Impl7InitDmaEv
                0x000000000800f4ac       0xec ../DaisyExamples/libDaisy/build/libdaisy.a(spi.o)
                0x000000000800f4ac                daisy::SpiHandle::Impl::InitDma()
 .text._ZN5daisy9SpiHandle4Impl10StartDmaTxEPhjPFvPvEPFvS3_NS0_6ResultEES3_
                0x000000000800f598       0xc8 ../DaisyExamples/libDaisy/build/libdaisy.a(spi.o)
                0x000000000800f598                daisy::SpiHandle::Impl::StartDmaTx(unsigned char*, unsigned int, void (*)(void*), void (*)(void*, daisy::SpiHandle::Result), void*)
 .text._ZN5daisy9SpiHandle4Impl10StartDmaRxEPhjPFvPvEPFvS3_NS0_6ResultEES3_
                0x000000000800f660       0xc8 ../DaisyExamples/libDaisy/build/libdaisy.a(spi.o)
                0x000000000800f660                daisy::SpiHandle::Impl::StartDmaRx(unsigned char*, unsigned int, void (*)(void*), void (*)(void*, daisy::SpiHandle::Result), void*)
 .text._ZN5daisy9SpiHandle4Impl12StartDmaRxTxEPhS2_jPFvPvEPFvS3_NS0_6ResultEES3_
                0x000000000800f728       0xcc ../DaisyExamples/libDaisy/build/libdaisy.a(spi.o)
                0x000000000800f728                daisy::SpiHandle::Impl::StartDmaRxTx(unsigned char*, unsigned char*, unsigned int, void (*)(void*), void (*)(void*, daisy::SpiHandle::Result), void*)
 .text._ZN5daisy9SpiHandle4Impl8InitPinsEv
                0x000000000800f7f4      0x274 ../DaisyExamples/libDaisy/build/libdaisy.a(spi.o)
                0x000000000800f7f4                daisy::SpiHandle::Impl::InitPins()
 .text.HAL_SPI_MspInit
                0x000000000800fa68      0x1a8 ../DaisyExamples/libDaisy/build/libdaisy.a(spi.o)
                0x000000000800fa68                HAL_SPI_MspInit
 .text.dsy_spi_global_init
                0x000000000800fc10       0x80 ../DaisyExamples/libDaisy/build/libdaisy.a(spi.o)
                0x000000000800fc10                dsy_spi_global_init
 .text.SPI1_IRQHandler
                0x000000000800fc90        0xc ../DaisyExamples/libDaisy/build/libdaisy.a(spi.o)
                0x000000000800fc90                SPI1_IRQHandler
 .text.SPI2_IRQHandler
                0x000000000800fc9c        0xc ../DaisyExamples/libDaisy/build/libdaisy.a(spi.o)
                0x000000000800fc9c                SPI2_IRQHandler
 .text.SPI3_IRQHandler
                0x000000000800fca8        0xc ../DaisyExamples/libDaisy/build/libdaisy.a(spi.o)
                0x000000000800fca8                SPI3_IRQHandler
 .text.SPI4_IRQHandler
                0x000000000800fcb4        0xc ../DaisyExamples/libDaisy/build/libdaisy.a(spi.o)
                0x000000000800fcb4                SPI4_IRQHandler
 .text.SPI5_IRQHandler
                0x000000000800fcc0        0xc ../DaisyExamples/libDaisy/build/libdaisy.a(spi.o)
                0x000000000800fcc0                SPI5_IRQHandler
 .text.DMA2_Stream2_IRQHandler
                0x000000000800fccc       0x34 ../DaisyExamples/libDaisy/build/libdaisy.a(spi.o)
                0x000000000800fccc                DMA2_Stream2_IRQHandler
 .text.DMA2_Stream3_IRQHandler
                0x000000000800fd00       0x38 ../DaisyExamples/libDaisy/build/libdaisy.a(spi.o)
                0x000000000800fd00                DMA2_Stream3_IRQHandler
 .text.HAL_SPI_TxCpltCallback
                0x000000000800fd38       0xc4 ../DaisyExamples/libDaisy/build/libdaisy.a(spi.o)
                0x000000000800fd38                HAL_SPI_TxCpltCallback
 .text.HAL_SPI_RxCpltCallback
                0x000000000800fdfc       0xc4 ../DaisyExamples/libDaisy/build/libdaisy.a(spi.o)
                0x000000000800fdfc                HAL_SPI_RxCpltCallback
 .text.HAL_SPI_TxRxCpltCallback
                0x000000000800fec0       0xc4 ../DaisyExamples/libDaisy/build/libdaisy.a(spi.o)
                0x000000000800fec0                HAL_SPI_TxRxCpltCallback
 .text.HAL_SPI_ErrorCallback
                0x000000000800ff84       0xc8 ../DaisyExamples/libDaisy/build/libdaisy.a(spi.o)
                0x000000000800ff84                HAL_SPI_ErrorCallback
 .text.startup._GLOBAL__sub_I__Z19MapInstanceToHandleP11SPI_TypeDef
                0x000000000801004c      0x1b0 ../DaisyExamples/libDaisy/build/libdaisy.a(spi.o)
 .text.HAL_TIM_Base_MspInit
                0x00000000080101fc      0x1e0 ../DaisyExamples/libDaisy/build/libdaisy.a(tim.o)
                0x00000000080101fc                HAL_TIM_Base_MspInit
 .text.HAL_TIM_PeriodElapsedCallback
                0x00000000080103dc       0x44 ../DaisyExamples/libDaisy/build/libdaisy.a(tim.o)
                0x00000000080103dc                HAL_TIM_PeriodElapsedCallback
 .text.TIM2_IRQHandler
                0x0000000008010420        0xc ../DaisyExamples/libDaisy/build/libdaisy.a(tim.o)
                0x0000000008010420                TIM2_IRQHandler
 .text.TIM3_IRQHandler
                0x000000000801042c        0xc ../DaisyExamples/libDaisy/build/libdaisy.a(tim.o)
                0x000000000801042c                TIM3_IRQHandler
 .text.TIM4_IRQHandler
                0x0000000008010438        0xc ../DaisyExamples/libDaisy/build/libdaisy.a(tim.o)
                0x0000000008010438                TIM4_IRQHandler
 .text.TIM5_IRQHandler
                0x0000000008010444        0xc ../DaisyExamples/libDaisy/build/libdaisy.a(tim.o)
                0x0000000008010444                TIM5_IRQHandler
 .text._ZN5daisy11TimerHandle4InitERKNS0_6ConfigE
                0x0000000008010450       0xd0 ../DaisyExamples/libDaisy/build/libdaisy.a(tim.o)
                0x0000000008010450                daisy::TimerHandle::Init(daisy::TimerHandle::Config const&)
 .text._ZN5daisy11TimerHandle5StartEv
                0x0000000008010520       0x24 ../DaisyExamples/libDaisy/build/libdaisy.a(tim.o)
                0x0000000008010520                daisy::TimerHandle::Start()
 .text.startup._GLOBAL__sub_I__ZN5daisy11TimerHandle4Impl4InitERKNS0_6ConfigE
                0x0000000008010544       0x38 ../DaisyExamples/libDaisy/build/libdaisy.a(tim.o)
 .text.HAL_MDMA_Abort_IT
                0x000000000801057c       0x2c ../DaisyExamples/libDaisy/build/libdaisy.a(stm32h7xx_hal_mdma.o)
                0x000000000801057c                HAL_MDMA_Abort_IT
 .text.SPI_CloseTransfer
                0x00000000080105a8       0xb8 ../DaisyExamples/libDaisy/build/libdaisy.a(stm32h7xx_hal_spi.o)
 .text.HAL_SPI_Init
                0x0000000008010660      0x15c ../DaisyExamples/libDaisy/build/libdaisy.a(stm32h7xx_hal_spi.o)
                0x0000000008010660                HAL_SPI_Init
 .text.HAL_SPI_Transmit_DMA
                0x00000000080107bc      0x170 ../DaisyExamples/libDaisy/build/libdaisy.a(stm32h7xx_hal_spi.o)
                0x00000000080107bc                HAL_SPI_Transmit_DMA
 .text.HAL_SPI_TransmitReceive_DMA
                0x000000000801092c      0x218 ../DaisyExamples/libDaisy/build/libdaisy.a(stm32h7xx_hal_spi.o)
                0x000000000801092c                HAL_SPI_TransmitReceive_DMA
 .text.HAL_SPI_Receive_DMA
                0x0000000008010b44      0x1b4 ../DaisyExamples/libDaisy/build/libdaisy.a(stm32h7xx_hal_spi.o)